01-04 23:52:05.761     0     0 I psci    : CPU5 killed.
01-04 23:52:05.782     0     0 I init    : Starting service 'bootanim'...
01-04 23:52:05.992     0     0 I init    : Service 'bootanim' (pid 551) exited with status 0
01-04 23:52:06.734     0     0 E QSEECOM : __qseecom_process_incomplete_cmd: fail:resp res= -65,app_id = 0,lstr = 12288
01-04 23:52:06.742     0     0 I get_ice_device_from_storage_type: found ice device ffffffc005653800
01-04 23:52:06.845     0     0 I get_ice_device_from_storage_type: found ice device ffffffc005653800
01-04 23:52:06.848     0     0 E QSEECOM : qseecom_create_key: Set the key successfully
01-04 23:52:06.858     0     0 I device-mapper: req-crypt: req_crypt_ctr: Mapping block_device /dev/block/bootdevice/by-name/userdata to dm-req-crypt ok!
01-04 23:52:06.859     0     0 I bio     : create slab <bio-1> at 1
01-04 23:52:06.865     0     0 W EXT4-fs (dm-0): Ignoring removed nomblk_io_submit option
01-04 23:52:06.883     0     0 D EXT4-fs (dm-0): ext4_orphan_cleanup: deleting unreferenced inode 97595
01-04 23:52:06.884     0     0 I EXT4-fs (dm-0): 1 orphan inode deleted
01-04 23:52:06.891     0     0 D SELinux : initialized (dev dm-0, type ext4), uses xattr
01-04 23:52:06.892     0     0 I fs_mgr  : check_fs(): mount(/dev/block/dm-0,/data,ext4)=0: Success
01-04 23:52:06.893     0     0 I fs_mgr  : check_fs(): unmount(/data) succeeded
01-04 23:52:06.893     0     0 I fs_mgr  : Running /system/bin/e2fsck on /dev/block/dm-0
01-04 23:52:06.916     0     0 I e2fsck  : e2fsck 1.42.9 (28-Dec-2013)
01-04 23:52:06.916     0     0 I e2fsck  : data: clean, 1497/137360 files, 80681/548729 blocks
01-04 23:52:06.928     0     0 D SELinux : initialized (dev dm-0, type ext4), uses xattr
01-04 23:52:06.928     0     0 I fs_mgr  : __mount(source=/dev/block/dm-0,target=/data,type=ext4)=0
01-04 23:52:06.929     0     0 I init    : (Loading properties from /data/local.prop took 0.00s.)
01-04 23:52:07.003     0     0 I init    : Starting service 'logd-reinit'...
01-04 23:52:07.014     0     0 I init    : Not bootcharting.
01-04 23:52:07.020     0     0 I logd.daemon: reinit
01-04 23:52:07.025     0     0 I init    : Service 'logd-reinit' (pid 560) exited with status 0
01-04 23:52:07.067     0     0 I init    : Starting service 'exec 2 (/system/bin/tzdatacheck)'...
01-04 23:52:07.084     0     0 I init    : Service 'exec 2 (/system/bin/tzdatacheck)' (pid 561) exited with status 0
01-04 23:52:07.115     0     0 E init    : SELinux: Could not set context for /newfw:  Read-only file system
01-04 23:52:07.122     0     0 I init    : Starting service 'carrier_switcher'...
01-04 23:52:07.128     0     0 I init    : Starting service 'netd'...
01-04 23:52:07.132     0     0 I init    : Starting service 'debuggerd'...
01-04 23:52:07.138     0     0 I init    : Starting service 'debuggerd64'...
01-04 23:52:07.143     0     0 I init    : Starting service 'ril-daemon'...
01-04 23:52:07.148     0     0 I init    : Starting service 'drm'...
01-04 23:52:07.152     0     0 I init    : Starting service 'media'...
01-04 23:52:07.157     0     0 I init    : Starting service 'installd'...
01-04 23:52:07.161     0     0 I init    : Starting service 'flash_recovery'...
01-04 23:52:07.167     0     0 I init    : Starting service 'keystore'...
01-04 23:52:07.172     0     0 I init    : Starting service 'qcomsysd'...
01-04 23:52:07.178     0     0 W migrate_irqs: 5766 callbacks suppressed
01-04 23:52:07.178     0     0 W         : IRQ32 no longer affine to CPU4
01-04 23:52:07.178     0     0 W         : IRQ33 no longer affine to CPU4
01-04 23:52:07.178     0     0 W         : IRQ34 no longer affine to CPU4
01-04 23:52:07.178     0     0 W         : IRQ35 no longer affine to CPU4
01-04 23:52:07.178     0     0 W         : IRQ36 no longer affine to CPU4
01-04 23:52:07.178     0     0 W         : IRQ37 no longer affine to CPU4
01-04 23:52:07.178     0     0 W         : IRQ38 no longer affine to CPU4
01-04 23:52:07.178     0     0 W         : IRQ40 no longer affine to CPU4
01-04 23:52:07.178     0     0 W         : IRQ41 no longer affine to CPU4
01-04 23:52:07.178     0     0 W         : IRQ42 no longer affine to CPU4
01-04 23:52:07.187     0     0 I init    : Starting service 'qcom-c_main-sh'...
01-04 23:52:07.192     0     0 I init    : Starting service 'irsc_util'...
01-04 23:52:07.196     0     0 I psci    : Retrying again to check for CPU kill
01-04 23:52:07.196     0     0 I psci    : CPU4 killed.
--------- beginning of radio
01-04 23:52:07.206   567   567 D RILD    : **RIL Daemon Started**
01-04 23:52:07.206   567   567 D RILD    : **RILd param count=1**
01-04 23:52:07.214     0     0 I psci    : Retrying again to check for CPU kill
01-04 23:52:07.214     0     0 I psci    : CPU5 killed.
01-04 23:52:07.215     0     0 I init    : Starting service 'tftp_server'...
01-04 23:52:07.220     0     0 E init    : cannot find '/system/bin/usb_uicc_client', disabling 'usb_uicc_daemon'
01-04 23:52:07.234     0     0 I init    : Starting service 'bms-sh'...
01-04 23:52:07.239     0     0 I init    : Starting service 'qcom-usb-sh'...
01-04 23:52:07.255     0     0 E init    : cannot find '/system/bin/qrngd', disabling 'qrngd'
01-04 23:52:07.261     0     0 I init    : Starting service 'thermal-engine'...
01-04 23:52:07.306     0     0 I init    : Starting service 'wcnss-service'...
01-04 23:52:07.329     0     0 I init    : Starting service 'imsqmidaemon'...
01-04 23:52:07.335     0     0 I init    : Starting service 'adsprpcd'...
01-04 23:52:07.341     0     0 I init    : Starting service 'hvdcp_opti'...
01-04 23:52:07.353     0     0 I init    : Starting service 'zygote'...
01-04 23:52:07.359     0     0 I init    : Starting service 'zygote_secondary'...
01-04 23:52:07.367     0     0 I init    : Service 'carrier_switcher' (pid 562) exited with status 0
01-04 23:52:07.374     0     0 I init    : Service 'irsc_util' (pid 580) exited with status 0
01-04 23:52:07.380     0     0 I init    : Service 'bms-sh' (pid 583) exited with status 0
01-04 23:52:07.387     0     0 I init    : Starting service 'gatekeeperd'...
01-04 23:52:07.467     0     0 I init    : Starting service 'perfprofd'...
01-04 23:52:07.472     0     0 I init    : Starting service 'cnd'...
01-04 23:52:07.476     0     0 I init    : Starting service 'dpmd'...
01-04 23:52:07.481     0     0 I init    : Starting service 'ptt_socket_app'...
01-04 23:52:07.485     0     0 E init    : cannot find '/system/bin/cnss_diag', disabling 'cnss_diag'
01-04 23:52:07.492     0     0 I init    : Starting service 'cnss-daemon'...
01-04 23:52:07.498     0     0 I init    : Starting service 'loc_launcher'...
01-04 23:52:07.503     0     0 I init    : Starting service 'qcom-sh'...
01-04 23:52:07.507     0     0 E init    : cannot find '/system/vendor/bin/RIDLClient.exe', disabling 'RIDL'
01-04 23:52:07.514     0     0 I         : 'opened /dev/adsprpc-smd c 225 0'
01-04 23:52:07.516     0     0 I init    : Starting service 'qseeproxydaemon'...
01-04 23:52:07.521     0     0 I init    : Starting service 'seemp_healthd'...
01-04 23:52:07.529     0     0 I psci    : CPU4 killed.
01-04 23:52:07.529     0     0 I init    : Starting service 'qcamerasvr'...
01-04 23:52:07.536     0     0 I psci    : CPU5 killed.
01-04 23:52:07.546     0     0 I         : allocating memory from audio ion size is 4096
01-04 23:52:07.547     0     0 E init    : cannot find '/system/bin/qfp-daemon', disabling 'qfp-daemon'
01-04 23:52:07.557     0     0 E init    : cannot find '/system/bin/seempd', disabling 'seempd'
01-04 23:52:07.566     0     0 I init    : Starting service 'time_daemon'...
01-04 23:52:07.570     0     0 I         : allocating memory from audio ion size is 4096
01-04 23:52:07.571     0     0 I init    : Starting service 'audiod'...
01-04 23:52:07.577     0     0 E init    : cannot find '/system/bin/dts_configurator', disabling 'dts_configurator'
01-04 23:52:07.585     0     0 I init    : Starting service 'mdtp_service'...
01-04 23:52:07.590     0     0 I init    : Starting service 'function_key'...
01-04 23:52:07.599     0     0 I init    : Starting service 'qmuxd'...
01-04 23:52:07.607     0     0 I init    : Starting service 'config_bluetooth'...
01-04 23:52:07.626     0     0 I init    : Starting service 'imsdatadaemon'...
01-04 23:52:07.685     0     0 I init    : Starting service 'ipacm-diag'...
01-04 23:52:07.691     0     0 I init    : Service 'qcom-usb-sh' (pid 584) exited with status 0
01-04 23:52:07.714     0     0 I         : allocating memory from audio ion size is 8192
01-04 23:52:07.754     0     0 I psci    : Retrying again to check for CPU kill
01-04 23:52:07.754     0     0 I psci    : CPU4 killed.
01-04 23:52:07.757     0     0 I psci    : CPU5 killed.
01-04 23:52:07.758     0     0 I init    : Service 'function_key' (pid 645) exited with status 0
01-04 23:52:07.804     0     0 I         : allocating memory from audio ion size is 131072
01-04 23:52:07.892     0     0 I init    : Starting service 'ipacm'...
01-04 23:52:07.926     0     0 E msm_thermal: update_cpu_freq Unable to update policy for cpu:4. err:-19
01-04 23:52:07.967     0     0 I psci    : CPU4 killed.
01-04 23:52:07.970     0     0 I psci    : CPU5 killed.
01-04 23:52:07.976     0     0 I msm_thermal: set_enabled enabled = 0
01-04 23:52:08.022     0     0 I init    : Starting service 'qti'...
01-04 23:52:08.029     0     0 E init    : property_set("ro.qualcomm.bluetooth.opp", "false") failed
01-04 23:52:08.061     0     0 I init    : Starting service 'netmgrd'...
01-04 23:52:08.095     0     0 I init    : Starting service 'sensors'...
01-04 23:52:08.113     0     0 I init    : Service 'defaultcrypto' (pid 484) exited with status 0
01-04 23:52:08.138     0     0 E init    : property_set("ro.qualcomm.bluetooth.hfp", "true") failed
01-04 23:52:08.159     0     0 I init    : Starting service 'msm_irqbal_lb'...
01-04 23:52:08.176     0     0 I init    : Service 'qcom-c_main-sh' (pid 577) exited with status 0
01-04 23:52:08.200     0     0 I         : allocating memory from audio ion size is 417792
01-04 23:52:08.227     0     0 E init    : property_set("ro.qualcomm.bluetooth.hsp", "true") failed
01-04 23:52:08.310     0     0 E init    : property_set("ro.qualcomm.bluetooth.pbap", "false") failed
01-04 23:52:08.324     0     0 E init    : avc:  denied  { set } for property=ctl.rmt_storage scontext=u:r:qti_init_shell:s0 tcontext=u:object_r:ctl_default_prop:s0 tclass=property_service
01-04 23:52:08.345     0     0 E init    : sys_prop: Unable to start service ctl [rmt_storage] uid:0 gid:0 pid:782
01-04 23:52:08.359     0     0 E init    : property_set("ro.qualcomm.bluetooth.ftp", "false") failed
01-04 23:52:08.381     0     0 E init    : avc:  denied  { set } for property=ctl.rfs_access scontext=u:r:qti_init_shell:s0 tcontext=u:object_r:ctl_default_prop:s0 tclass=property_service
01-04 23:52:08.410     0     0 E init    : sys_prop: Unable to start service ctl [rfs_access] uid:0 gid:0 pid:786
01-04 23:52:08.418     0     0 E init    : property_set("ro.qualcomm.bluetooth.nap", "true") failed
01-04 23:52:08.452     0     0 E init    : property_set("ro.bluetooth.sap", "true") failed
01-04 23:52:08.539     0     0 E init    : property_set("ro.qualcomm.bluetooth.map", "false") failed
01-04 23:52:08.568   567   567 D RILD    : RIL_Init argc = 5 clientId = 0
01-04 23:52:08.635     0     0 E init    : property_set("ro.bluetooth.dun", "false") failed
01-04 23:52:08.650   567   567 E RILQ    : log to /data/misc/radio/ril_log for QCRIL logging is not enabled
01-04 23:52:08.664     0     0 I init    : Service 'qcom-sh' (pid 625) exited with status 0
01-04 23:52:08.677     0     0 E init    : property_set("ro.bluetooth.hfpclient", "false") failed
01-04 23:52:08.716     0     0 E init    : property_set("ro.bluetooth.pan", "false") failed
01-04 23:52:08.752     0     0 E init    : property_set("ro.bluetooth.hfp.ver", "1.7") failed
01-04 23:52:08.793     0     0 E init    : property_set("ro.qualcomm.bt.hci_transport", "smd") failed
01-04 23:52:08.831     0     0 I init    : Service 'config_bluetooth' (pid 652) exited with status 0
01-04 23:52:09.391     0     0 I subsys-restart: __subsystem_get(): Changing subsys fw_name to modem
01-04 23:52:09.393     0     0 I         : IPA received MPSS BEFORE_POWERUP
01-04 23:52:09.393     0     0 I         : IPA BEFORE_POWERUP handling is complete
01-04 23:52:09.394     0     0 I pil-q6v5-mss 4080000.qcom,mss: modem: loading from 0x0000000086c00000 to 0x000000008c200000
01-04 23:52:09.426     0     0 I pil-q6v5-mss 4080000.qcom,mss: MBA: loading from 0x00000000f5c00000 to 0x00000000f5d00000
01-04 23:52:09.446     0     0 W pil-q6v5-mss 4080000.qcom,mss: MBA: Debug policy not present - msadp
01-04 23:52:09.494   567   567 I RILQ    : (0/567):RIL[0][rild] qmi_ril_qmi_client_pre_initialization_acquire: entry
01-04 23:52:09.496   567   567 I RILQ    : (0/567):RIL[0][rild] qmi_ril_qmi_client_pre_initialization_acquire: exit
01-04 23:52:09.509     0     0 I pil-q6v5-mss 4080000.qcom,mss: MBA boot done
01-04 23:52:09.566   567   567 D RILD    : RIL_Init rilInit completed
01-04 23:52:09.566   567   567 I RILC    : SIM_COUNT: 1
01-04 23:52:09.566   567   567 E RILC    : RIL_register: RIL version 11
01-04 23:52:09.566   567   567 I RILC    : s_registerCalled flag set, 1
01-04 23:52:09.566   567   567 I RILC    : Start to listen RIL_SOCKET_1
01-04 23:52:09.566   567   567 D RILD    : RIL_Init RIL_register completed
01-04 23:52:09.566   567   567 D RILD    : RIL_register_socket started
01-04 23:52:09.566   567   567 D RIL_UIM_SOCKET: Adding socket with id: 0
01-04 23:52:09.566   567   567 D RILD    : RIL_register_socket completed
01-04 23:52:09.566   567   567 D RILD    : RIL_Init starting sleep loop
01-04 23:52:09.575   567   792 E RILQ    : (0/567): RIL[0][main] boolean qcril_qmi_ims_socket_agent::send_message(RIL_Token, ims_MsgType, ims_MsgId, ims_Error, const void*, int): send failed: ret -1, errno 88 (Socket operation on non-socket)
01-04 23:52:10.602     0     0 I pil-q6v5-mss 4080000.qcom,mss: modem: Brought out of reset
01-04 23:52:10.695     0     0 I pil-q6v5-mss 4080000.qcom,mss: Subsystem error monitoring/handling services are up
01-04 23:52:10.695     0     0 I pil-q6v5-mss 4080000.qcom,mss: modem: Power/Clock ready interrupt received
01-04 23:52:10.697     0     0 I platform eldo2.99: Driver reg-fixed-voltage requests probe deferral
01-04 23:52:10.697     0     0 I         : IPA received MPSS AFTER_POWERUP
01-04 23:52:10.697     0     0 I         : IPA AFTER_POWERUP handling is complete
01-04 23:52:10.698     0     0 I platform 184c030.qcom,gdsc: Driver gdsc requests probe deferral
01-04 23:52:10.698     0     0 E M-Notify: General: 7
01-04 23:52:10.741   597   597 I boot_progress_start: 19766
01-04 23:52:10.767     0     0 E msm_camera_fill_vreg_params: 78 i 0 j 1 cam_vio
01-04 23:52:10.771     0     0 E msm_camera_fill_vreg_params: 99 i 1 j 2 cam_vana
01-04 23:52:10.777     0     0 E msm_camera_fill_vreg_params: 57 i 2 j 0 cam_vdig
01-04 23:52:10.782     0     0 E msm_camera_fill_vreg_params: 57 i 3 j 0 cam_vdig
01-04 23:52:10.788     0     0 E msm_camera_fill_vreg_params: 99 i 4 j 2 cam_vana
01-04 23:52:10.793     0     0 E msm_camera_fill_vreg_params: 78 i 5 j 1 cam_vio
01-04 23:52:10.812     0     0 I sysmon-qmi: sysmon_clnt_svc_arrive: Connection established between QMI handle and modem's SSCTL service
01-04 23:52:10.840     0     0 E msm_cci_init: Failed in getting TOP gdscr regulator handle
01-04 23:52:10.846     0     0 W         : ------------[ cut here ]------------
01-04 23:52:10.850     0     0 W         : WARNING: at /home/ideal_mei/sourcecode/cdr6012/LINUX/android/kernel/drivers/clk/qcom/clock-local2.c:216 rcg_clk_enable+0x50/0xa0()
01-04 23:52:10.863     0     0 I         : Attempting to prepare camss_top_ahb_clk_src before setting its rate. Set the rate first!
01-04 23:52:10.863     0     0 I         : Modules linked in: qdrbg_module(O) qcrypto_module(O)
01-04 23:52:10.863     0     0 I         : CPU: 2 PID: 631 Comm: mm-qcamera-daem Tainted: G        W  O 3.10.84-ga7638b6 #1
01-04 23:52:10.863     0     0 I Call trace:  
01-04 23:52:10.863     0     0 I         : [<ffffffc000206b60>] dump_backtrace+0x0/0x270
01-04 23:52:10.863     0     0 I         : [<ffffffc000206de0>] show_stack+0x10/0x1c
01-04 23:52:10.863     0     0 I         : [<ffffffc000d42a60>] dump_stack+0x1c/0x28
01-04 23:52:10.863     0     0 I         : [<ffffffc00021cc78>] warn_slowpath_common+0x74/0x9c
01-04 23:52:10.863     0     0 I         : [<ffffffc00021ccec>] warn_slowpath_fmt+0x4c/0x58
01-04 23:52:10.863     0     0 I         : [<ffffffc000a202a8>] rcg_clk_enable+0x4c/0xa0
01-04 23:52:10.863     0     0 I         : [<ffffffc000a1cd14>] clk_enable+0x12c/0x170
01-04 23:52:10.863     0     0 I         : [<ffffffc000a1cc7c>] clk_enable+0x94/0x170
01-04 23:52:10.863     0     0 I         : [<ffffffc0008396bc>] msm_cam_clk_enable+0x160/0x29c
01-04 23:52:10.863     0     0 I         : [<ffffffc000838a0c>] msm_cci_config+0xdc8/0x1258
01-04 23:52:10.863     0     0 I         : [<ffffffc000838f44>] msm_cci_subdev_ioctl+0xa8/0xf8
01-04 23:52:10.863     0     0 I         : [<ffffffc00083b450>] msm_sensor_cci_i2c_util+0x74/0xc8
01-04 23:52:10.863     0     0 I         : [<ffffffc000840324>] msm_camera_power_up+0x484/0x768
01-04 23:52:10.863     0     0 I         : [<ffffffc000855cb8>] msm_sensor_power_up+0x168/0x194
01-04 23:52:10.863     0     0 I         : [<ffffffc000852ad0>] msm_sensor_driver_probe+0xadc/0x10dc
01-04 23:52:10.863     0     0 I         : [<ffffffc000850f20>] msm_sensor_init_subdev_ioctl+0xe4/0x2a8
01-04 23:52:10.863     0     0 I         : [<ffffffc000851160>] msm_sensor_init_subdev_do_ioctl+0x7c/0x108
01-04 23:52:10.863     0     0 I         : [<ffffffc0007d9ed8>] video_usercopy+0x254/0x410
01-04 23:52:10.863     0     0 I         : [<ffffffc000850e30>] msm_sensor_init_subdev_fops_ioctl+0x10/0x1c
01-04 23:52:10.863     0     0 I         : [<ffffffc0007e46e8>] v4l2_compat_ioctl32+0x634/0x64c
01-04 23:52:10.863     0     0 I         : [<ffffffc000349d10>] compat_sys_ioctl+0x110/0x1390
01-04 23:52:10.868     0     0 I msm_cci_init: 1306: hw_version = 0x10030000
01-04 23:52:10.870     0     0 E         : ov2718 probe succeeded
01-04 23:52:10.881     0     0 W         : applypatch (576) used greatest stack depth: 9976 bytes left
01-04 23:52:10.897     0     0 I msm_csid_init: CSID_VERSION = 0x30060000
01-04 23:52:10.898     0     0 E msm_csid_init: Failed in getting TOP gdscr regulator handle
01-04 23:52:10.919     0     0 I init    : Service 'flash_recovery' (pid 573) exited with status 0
01-04 23:52:10.948     0     0 I apr_tal : Modem Is Up
01-04 23:52:10.949     0     0 I platform eldo2.99: Driver reg-fixed-voltage requests probe deferral
01-04 23:52:10.950     0     0 I platform 184c030.qcom,gdsc: Driver gdsc requests probe deferral
01-04 23:52:10.971     0     0 E diag    : In diag_send_feature_mask_update, control channel is not open, p: 0, ffffffc001d06318
01-04 23:52:10.973     0     0 I         : Sending QMI_IPA_INIT_MODEM_DRIVER_REQ_V01
01-04 23:52:10.974     0     0 E ipa-wan handle_indication_req: 133 not send indication
01-04 23:52:10.975     0     0 E ipa ipa_uc_wdi_event_log_info_handler: 322 WDI feature missing 0x1
01-04 23:52:10.975     0     0 E ipa ipa_uc_response_hdlr: 457 IPA uC loaded
01-04 23:52:10.975     0     0 E ipa ipa_uc_response_hdlr: 477 Expected cmd=4294967295 rcvd cmd=9
01-04 23:52:10.976     0     0 I         : QMI_IPA_INIT_MODEM_DRIVER_REQ_V01 response received
01-04 23:52:10.997   597   597 I liblog  : 11
01-04 23:52:10.997   597   597 I liblog  : 17
01-04 23:52:10.998   597   597 I liblog  : 19
01-04 23:52:10.998   597   597 I liblog  : 32
01-04 23:52:10.999   597   597 I liblog  : 16
01-04 23:52:10.999   597   597 I liblog  : 17
01-04 23:52:11.000   597   597 I liblog  : 15
01-04 23:52:11.000   597   597 I liblog  : 16
01-04 23:52:11.004     0     0 E diag    : In diag_send_peripheral_buffering_mode, unable to send buffering mode packet to peripheral 0, err: -19
01-04 23:52:11.214   598   598 I liblog  : 5
01-04 23:52:11.214   598   598 I liblog  : 6
01-04 23:52:11.214   598   598 I liblog  : 3
01-04 23:52:11.215   598   598 I liblog  : 4
01-04 23:52:11.215   598   598 I liblog  : 11
01-04 23:52:11.216   598   598 I liblog  : 17
01-04 23:52:11.216   598   598 I liblog  : 10
01-04 23:52:11.305     0     0 I MSM-CPP cpp_init_hardware: 1045 CPP HW Version: 0x40030000
01-04 23:52:11.305     0     0 E MSM-CPP cpp_init_hardware: 1066 stream_cnt:0
01-04 23:52:11.329     0     0 I platform eldo2.99: Driver reg-fixed-voltage requests probe deferral
01-04 23:52:11.330     0     0 I platform 184c030.qcom,gdsc: Driver gdsc requests probe deferral
01-04 23:52:11.342     0     0 I MSM-CPP cpp_load_fw: 1189 MC Bootloader Version: 0x312e3176
01-04 23:52:11.344     0     0 I MSM-CPP cpp_load_fw: 1202 CPP FW Version: 0x10050002
01-04 23:52:11.346     0     0 I MSM-CPP msm_cpp_fw_version: 2525 CPP FW Version: 0x10050002
01-04 23:52:11.584   597   597 I liblog  : 17
01-04 23:52:11.698   598   598 I liblog  : 10
01-04 23:52:12.117     0     0 I msm_csid_init: CSID_VERSION = 0x30060000
01-04 23:52:12.119     0     0 E msm_csid_init: Failed in getting TOP gdscr regulator handle
01-04 23:52:12.130     0     0 I MSM-CPP cpp_init_hardware: 1045 CPP HW Version: 0x40030000
01-04 23:52:12.130     0     0 E MSM-CPP cpp_init_hardware: 1066 stream_cnt:0
01-04 23:52:12.143     0     0 I MSM-CPP cpp_load_fw: 1189 MC Bootloader Version: 0x312e3176
01-04 23:52:12.144     0     0 I MSM-CPP cpp_load_fw: 1202 CPP FW Version: 0x10050002
01-04 23:52:12.158     0     0 E msm_cci_init: Failed in getting TOP gdscr regulator handle
01-04 23:52:12.165     0     0 I msm_cci_init: 1306: hw_version = 0x10030000
01-04 23:52:12.567   598   598 I boot_progress_preload_start: 21592
01-04 23:52:12.573   597   597 I boot_progress_preload_start: 21598
01-04 23:52:13.565     0     0 I platform eldo2.99: Driver reg-fixed-voltage requests probe deferral
01-04 23:52:13.566     0     0 I platform 184c030.qcom,gdsc: Driver gdsc requests probe deferral
01-04 23:52:13.868     0     0 I         : wcnss_wlan triggered by userspace
01-04 23:52:13.869     0     0 I wcnss_pm_qos_add_request: add request
01-04 23:52:13.869     0     0 I wcnss_pm_qos_update_request: update request 100
01-04 23:52:13.870     0     0 E wcnss_trigger_config: adc get failed
01-04 23:52:13.874     0     0 E         : Couldn't get snoc_qosgen
01-04 23:52:13.880     0     0 I wcnss_notif_cb: wcnss notification event: 2
01-04 23:52:13.888     0     0 I subsys-pil-tz a21b000.qcom,pronto: wcnss: loading from 0x000000008d200000 to 0x000000008d7fc000
01-04 23:52:13.891     0     0 I wcnss_notif_cb: wcnss notification event: 6
01-04 23:52:13.902     0     0 I wcnss   : IRIS Reg: 91100004
01-04 23:52:13.929   598   598 D TelephonyManager: /proc/cmdline=sched_enable_hmp=1 console=ttyHSL0,115200,n8 androidboot.console=ttyHSL0 androidboot.hardware=qcom msm_rtb.filter=0x237 ehci-hcd.park=3 androidboot.bootdevice=7824900.sdhci lpm_levels.sleep_disabled=1 earlyprintk androidboot.emmc=true androidboot.verifiedbootstate=orange androidboot.veritymode=enforcing androidboot.keymaster=1 androidboot.serialno=c906f453 androidboot.baseband=msm mdss_mdp.panel=1:dsi:0:qcom,mdss_dsi_txdt200tq_qvga_video:1:none:cfg:single_dsi
01-04 23:52:13.958   597   597 D TelephonyManager: /proc/cmdline=sched_enable_hmp=1 console=ttyHSL0,115200,n8 androidboot.console=ttyHSL0 androidboot.hardware=qcom msm_rtb.filter=0x237 ehci-hcd.park=3 androidboot.bootdevice=7824900.sdhci lpm_levels.sleep_disabled=1 earlyprintk androidboot.emmc=true androidboot.verifiedbootstate=orange androidboot.veritymode=enforcing androidboot.keymaster=1 androidboot.serialno=c906f453 androidboot.baseband=msm mdss_mdp.panel=1:dsi:0:qcom,mdss_dsi_txdt200tq_qvga_video:1:none:cfg:single_dsi
01-04 23:52:14.068     0     0 I init    : Service 'config_bt_addr' (pid 462) exited with status 0
01-04 23:52:14.154     0     0 I subsys-pil-tz a21b000.qcom,pronto: wcnss: Brought out of reset
01-04 23:52:14.516     0     0 E IPC_RTR : msm_ipc_router_send_to: permission failure for rild
01-04 23:52:14.522     0     0 E IPC_RTR : msm_ipc_router_sendmsg: Send_to failure -1
01-04 23:52:14.528     0     0 E IPC_RTR : msm_ipc_router_send_to: permission failure for rild
01-04 23:52:14.534     0     0 E IPC_RTR : msm_ipc_router_sendmsg: Send_to failure -1
01-04 23:52:14.602     0     0 I subsys-pil-tz a21b000.qcom,pronto: wcnss: Power/Clock ready interrupt received
01-04 23:52:14.605     0     0 I wcnss_notif_cb: wcnss notification event: 7
01-04 23:52:14.619     0     0 I subsys-pil-tz a21b000.qcom,pronto: Subsystem error monitoring/handling services are up
01-04 23:52:14.623     0     0 I wcnss_notif_cb: wcnss notification event: 3
01-04 23:52:14.623     0     0 I wcnss_pm_qos_update_request: update request -1
01-04 23:52:14.623     0     0 I wcnss_pm_qos_remove_request: remove request
01-04 23:52:14.623     0     0 I platform eldo2.99: Driver reg-fixed-voltage requests probe deferral
01-04 23:52:14.628     0     0 I platform 184c030.qcom,gdsc: Driver gdsc requests probe deferral
01-04 23:52:14.631   567   792 I RILQ    : (0/567):RIL[0][main] qmi_ril_qmi_client_pre_initialization_release: entry
01-04 23:52:14.632   567   792 I RILQ    : (0/567):RIL[0][main] qmi_ril_qmi_client_pre_initialization_release: exit
01-04 23:52:14.635     0     0 I platform eldo2.99: Driver reg-fixed-voltage requests probe deferral
01-04 23:52:14.636     0     0 E diag    : In diag_send_feature_mask_update, control channel is not open, p: 2, ffffffc001d06468
01-04 23:52:14.636     0     0 I platform 184c030.qcom,gdsc: Driver gdsc requests probe deferral
01-04 23:52:14.637     0     0 I platform eldo2.99: Driver reg-fixed-voltage requests probe deferral
01-04 23:52:14.638     0     0 I platform 184c030.qcom,gdsc: Driver gdsc requests probe deferral
01-04 23:52:14.701   567   792 E RILQ    : (0/567): RIL[0][main] qcril_qmi_init_core_client_handles: qcril_qmi_presence_init returned failure(-3)
01-04 23:52:14.780     0     0 W QSEECOM : qseecom_load_app: App (mdtp) does'nt exist, loading apps for first time
01-04 23:52:14.812   567   792 E RILQ    : (0/567): RIL[0][main] qcril_qmi_nas_init: QCRIL_OPERATOR_NAME is persist.env.spec,  property_name is persist.env.spec. Failed to get operator name
01-04 23:52:14.902   567   792 E RILQ    : (0/567): RIL[0][main] qcril_qmi_nas_retrieve_custom_emergency_numbers_configured_value: Invalid value for properties count 0
01-04 23:52:14.940     0     0 W QSEECOM : qseecom_load_app: App with id 5 (mdtp) now loaded
01-04 23:52:14.972   567   792 E RILQ    : (0/567): RIL[0][main] qcril_uim_find_modem_port: Property value does not match, using default port
01-04 23:52:14.972   567   792 E RILQ    : (0/567): RIL[0][main] qcril_uim_find_modem_port: Property value does not match, using default port
01-04 23:52:15.028   567   792 E RILQ    : (0/567): RIL[0][main] qcril_gstk_find_primary_modem_port: Property value does not match, using default port
01-04 23:52:15.444     0     0 W QSEECOM : qseecom_unload_app: App id 5 now unloaded
01-04 23:52:15.477     0     0 W QSEECOM : qseecom_load_app: App (mdtp) does'nt exist, loading apps for first time
01-04 23:52:15.630     0     0 W QSEECOM : qseecom_load_app: App with id 6 (mdtp) now loaded
01-04 23:52:15.786     0     0 I platform eldo2.99: Driver reg-fixed-voltage requests probe deferral
01-04 23:52:15.786     0     0 I wcnss_wlan_ctrl_probe: SMD ctrl channel up
01-04 23:52:15.786     0     0 I wcnss   : version 01050102
01-04 23:52:15.786     0     0 I wcnss   : schedule dnld work for pronto
01-04 23:52:15.786     0     0 I wcnss   : NV download
01-04 23:52:15.787     0     0 I platform 184c030.qcom,gdsc: Driver gdsc requests probe deferral
01-04 23:52:15.788     0     0 I platform eldo2.99: Driver reg-fixed-voltage requests probe deferral
01-04 23:52:15.788     0     0 I wcnss   : build version CNSS-PR-3-0-c2-00147
01-04 23:52:15.802     0     0 I wcnss   : NV bin size: 31719, total_fragments: 11
01-04 23:52:15.803     0     0 E wcnss   : no space available for smd frame
01-04 23:52:15.834     0     0 E wcnss   : no space available for smd frame
01-04 23:52:15.864     0     0 E wcnss   : no space available for smd frame
01-04 23:52:15.894     0     0 E wcnss   : no space available for smd frame
01-04 23:52:15.985   597   597 I boot_progress_preload_end: 25009
01-04 23:52:16.088     0     0 W QSEECOM : qseecom_unload_app: App id 6 now unloaded
01-04 23:52:16.106     0     0 E wcnss   : not setting up vbatt
01-04 23:52:16.140     0     0 E ipa-wan ipa_wwan_ioctl: 1462 get AGG size 8192 count 10
01-04 23:52:16.147     0     0 E ipa ipa_assign_policy: 2791 get close-by 8192
01-04 23:52:16.151     0     0 E ipa ipa_assign_policy: 2797 set rx_buff_sz 7808
01-04 23:52:16.157     0     0 E ipa ipa_assign_policy: 2819 set aggr_limit 6
01-04 23:52:16.196     0     0 E ipa-wan ipa_wwan_ioctl: 1370 dev(rmnet_data0) register to IPA
01-04 23:52:16.274   598   598 I boot_progress_preload_end: 25299
01-04 23:52:16.350   567   792 I RILQ    : (0/567):RIL[0][main] qcril_arb_set_dsd_sys_status: old_pref_data -1542209136 - new_data_pref -1542209200
01-04 23:52:16.350   567   792 I RILQ    : (0/567):RIL[0][main] qcril_arb_set_dsd_sys_status: preferred dsd_sys_status nw=0x0, rat_value=0x0, so_mask=0x0000000000000000
01-04 23:52:16.350   567   792 I RILQ    : (0/567):RIL[0][main] qcril_arb_set_dsd_sys_status: preferred 1 - dsd_sys_status nw=0x0, rat_value=0x0, so_mask=0x0000000000000000
01-04 23:52:16.350   567   792 I RILQ    : (0/567):RIL[0][main] qcril_arb_set_dsd_sys_status: is_wwan_available 0
01-04 23:52:16.355   567   792 I RILQ    : (0/567):RIL[0][main] qcril_qmi_nas_reset_data_snapshot_cache_and_timer: Resetting snapshot timer
01-04 23:52:16.428   567   792 E RILQ    : (0/567): RIL[0][main] boolean qcril_qmi_ims_socket_agent::send_message(RIL_Token, ims_MsgType, ims_MsgId, ims_Error, const void*, int): send failed: ret -1, errno 88 (Socket operation on non-socket)
01-04 23:52:16.431   567   840 I RILQ    : (0/567):RIL[0][event] qcril_qmi_nas_evaluate_custom_emergency_numbers_for_card: cur_status 0, card_state 0
01-04 23:52:16.432   567   840 E RILQ    : (0/567): RIL[0][event] get_ecc_property_name: ecc list name : ril.ecclist.
01-04 23:52:16.435   567   840 E RILQ    : (0/567): RIL[0][event] get_ecc_property_name: ecc list name : ril.ecclist.
01-04 23:52:16.438   567   840 E RILQ    : (0/567): RIL[0][event] qcril_uim_update_pbm_card_event: PBM_HANDLE_CARD 397315 processing Failed!
01-04 23:52:16.458   567   792 E RILQ    : (0/567): RIL[0][main] qcril_sms_perform_transport_layer_info_initialization: error while retrieving transport layer reg info
01-04 23:52:16.467   567   840 I RILQ    : (0/567):RIL[0][event] qcril_qmi_nas_evaluate_custom_emergency_numbers_for_card: cur_status 0, card_state 0
01-04 23:52:16.467   567   840 E RILQ    : (0/567): RIL[0][event] get_ecc_property_name: ecc list name : ril.ecclist.
01-04 23:52:16.471   567   840 I RILQ    : (0/567):RIL[0][event] qcril_qmi_nas_evaluate_custom_emergency_numbers_for_card: cur_status 0, card_state 9
01-04 23:52:16.471   567   840 E RILQ    : (0/567): RIL[0][event] get_ecc_property_name: ecc list name : ril.ecclist.
01-04 23:52:16.494     0     0 E ipa-wan ipa_wwan_ioctl: 1370 dev(rmnet_data1) register to IPA
01-04 23:52:16.529  1755  1755 I boot_progress_system_run: 25552
01-04 23:52:16.774     0     0 E ipa-wan ipa_wwan_ioctl: 1370 dev(rmnet_data2) register to IPA
01-04 23:52:17.104     0     0 E ipa-wan ipa_wwan_ioctl: 1370 dev(rmnet_data3) register to IPA
01-04 23:52:17.231  1755  1755 I boot_progress_pms_start: 26256
01-04 23:52:17.379     0     0 E ipa-wan ipa_wwan_ioctl: 1370 dev(rmnet_data4) register to IPA
01-04 23:52:17.668     0     0 E ipa-wan ipa_wwan_ioctl: 1370 dev(rmnet_data5) register to IPA
01-04 23:52:17.810  1755  1755 I boot_progress_pms_system_scan_start: 26835
01-04 23:52:17.822     0     0 E         : msm_qti_pp_get_rms_value_control, back not active to query rms be_idx:3
01-04 23:52:17.834     0     0 I core_get_license_status: cmdrsp_license_result.result = 0x15 for module 0x1
01-04 23:52:17.834     0     0 E         : msm_dolby_dap_param_to_get_control_get, port_id not set, do not query ADM
01-04 23:52:17.841     0     0 E APR     : Wrong parameters
01-04 23:52:17.844     0     0 E adm_get_params_v2: Failed to Get Params on port_id 0x0 -22
01-04 23:52:17.851     0     0 E msm_dolby_dap_param_visualizer_control_get: get parameters failed
01-04 23:52:17.860     0     0 E         : msm_pcm_volume_ctl_get substream runtime not found
01-04 23:52:17.865     0     0 E         : msm_pcm_volume_ctl_get substream runtime not found
01-04 23:52:17.871     0     0 E         : msm_pcm_volume_ctl_get substream runtime not found
01-04 23:52:17.876     0     0 E msm_compr_audio_effects_config_get: stream or effects inactive
01-04 23:52:17.884     0     0 E         : msm_pcm_volume_ctl_get substream runtime not found
01-04 23:52:17.889     0     0 E         : msm_pcm_volume_ctl_get substream runtime not found
01-04 23:52:17.896     0     0 E msm_compr_audio_effects_config_get: stream or effects inactive
01-04 23:52:17.902     0     0 E msm_compr_audio_effects_config_get: stream or effects inactive
01-04 23:52:17.910     0     0 E msm_compr_audio_effects_config_get: stream or effects inactive
01-04 23:52:17.917     0     0 E msm_compr_audio_effects_config_get: stream or effects inactive
01-04 23:52:17.923     0     0 E msm_compr_audio_effects_config_get: stream or effects inactive
01-04 23:52:17.930     0     0 E msm_compr_audio_effects_config_get: stream or effects inactive
01-04 23:52:17.937     0     0 E msm_compr_audio_effects_config_get: stream or effects inactive
01-04 23:52:17.944     0     0 E msm_compr_audio_effects_config_get: stream or effects inactive
01-04 23:52:17.953     0     0 E ipa-wan ipa_wwan_ioctl: 1370 dev(rmnet_data6) register to IPA
01-04 23:52:18.100     0     0 E wcdcal_hwdep_ioctl_shared: codec didn't set this 0!!
01-04 23:52:18.105     0     0 E wcdcal_hwdep_ioctl_shared: codec didn't set this 3!!
01-04 23:52:18.118     0     0 E core_set_license: Invalid cal block to send
01-04 23:52:18.168     0     0 E ipa-wan ipa_wwan_ioctl: 1370 dev(rmnet_data7) register to IPA
01-04 23:52:18.402     0     0 E         : msm_qti_pp_get_rms_value_control, back not active to query rms be_idx:3
01-04 23:52:18.416     0     0 I core_get_license_status: cmdrsp_license_result.result = 0x15 for module 0x1
01-04 23:52:18.416     0     0 E         : msm_dolby_dap_param_to_get_control_get, port_id not set, do not query ADM
01-04 23:52:18.423     0     0 E adm_callback: cmd = 0x1032a returned error = 0x2
01-04 23:52:18.428     0     0 E adm_callback: ADM get param error = 2, resuming
01-04 23:52:19.363     0     0 I platform 184c030.qcom,gdsc: Driver gdsc requests probe deferral
01-04 23:52:19.364     0     0 I platform eldo2.99: Driver reg-fixed-voltage requests probe deferral
01-04 23:52:19.414     0     0 E adm_get_params_v2: get params timed out port_id = 0x0
01-04 23:52:19.419     0     0 E msm_dolby_dap_param_visualizer_control_get: get parameters failed
01-04 23:52:19.428     0     0 E         : msm_pcm_volume_ctl_get substream runtime not found
01-04 23:52:19.433     0     0 E         : msm_pcm_volume_ctl_get substream runtime not found
01-04 23:52:19.439     0     0 E         : msm_pcm_volume_ctl_get substream runtime not found
01-04 23:52:19.444     0     0 E msm_compr_audio_effects_config_get: stream or effects inactive
01-04 23:52:19.451     0     0 E         : msm_pcm_volume_ctl_get substream runtime not found
01-04 23:52:19.458     0     0 E         : msm_pcm_volume_ctl_get substream runtime not found
01-04 23:52:19.464     0     0 E msm_compr_audio_effects_config_get: stream or effects inactive
01-04 23:52:19.471     0     0 E msm_compr_audio_effects_config_get: stream or effects inactive
01-04 23:52:19.478     0     0 E msm_compr_audio_effects_config_get: stream or effects inactive
01-04 23:52:19.485     0     0 E msm_compr_audio_effects_config_get: stream or effects inactive
01-04 23:52:19.491     0     0 E msm_compr_audio_effects_config_get: stream or effects inactive
01-04 23:52:19.498     0     0 E msm_compr_audio_effects_config_get: stream or effects inactive
01-04 23:52:19.506     0     0 E msm_compr_audio_effects_config_get: stream or effects inactive
01-04 23:52:19.512     0     0 E msm_compr_audio_effects_config_get: stream or effects inactive
01-04 23:52:21.828  1755  1755 I boot_progress_pms_data_scan_start: 30853
01-04 23:52:22.829  1755  1755 I boot_progress_pms_scan_end: 31854
01-08 23:43:52.141   390   390 I auditd  : type=1403 audit(0.0:2): policy loaded auid=4294967295 ses=4294967295
01-08 23:43:52.151   390   390 I auditd  : type=1404 audit(0.0:3): enforcing=1 old_enforcing=0 auid=4294967295 ses=4294967295
01-08 23:43:58.491   619   619 I auditd  : type=1400 audit(0.0:4): avc: denied { setattr } for comm="ptt_socket_app" name="WCNSS_qcom_wlan_nv.bin" dev="mmcblk0p25" ino=12 scontext=u:r:wcnss_service:s0 tcontext=u:object_r:persist_file:s0 tclass=file permissive=0
01-08 23:43:59.798   847   847 I auditd  : type=1400 audit(0.0:5): avc: denied { write } for comm="sh" name="wake_lock" dev="sysfs" ino=77 scontext=u:r:location:s0 tcontext=u:object_r:sysfs_wake_lock:s0 tclass=file permissive=0
01-08 23:43:59.808   867   867 I auditd  : type=1400 audit(0.0:6): avc: denied { write } for comm="sh" name="wake_unlock" dev="sysfs" ino=78 scontext=u:r:location:s0 tcontext=u:object_r:sysfs_wake_lock:s0 tclass=file permissive=0
01-08 23:43:59.818   702   702 I auditd  : type=1400 audit(0.0:7): avc: denied { write } for comm="xtwifi-client" name="property_service" dev="tmpfs" ino=10130 scontext=u:r:location:s0 tcontext=u:object_r:property_socket:s0 tclass=sock_file permissive=0
01-08 23:43:59.838   880   880 I auditd  : type=1400 audit(0.0:8): avc: denied { write } for comm="sh" name="wake_lock" dev="sysfs" ino=77 scontext=u:r:location:s0 tcontext=u:object_r:sysfs_wake_lock:s0 tclass=file permissive=0
01-08 23:43:59.868   913   913 I auditd  : type=1400 audit(0.0:9): avc: denied { write } for comm="sh" name="wake_unlock" dev="sysfs" ino=78 scontext=u:r:location:s0 tcontext=u:object_r:sysfs_wake_lock:s0 tclass=file permissive=0
01-08 23:44:04.868   920   920 I auditd  : type=1400 audit(0.0:10): avc: denied { write } for comm="xtwifi-client" name="property_service" dev="tmpfs" ino=10130 scontext=u:r:location:s0 tcontext=u:object_r:property_socket:s0 tclass=sock_file permissive=0
01-04 23:52:22.990  1755  1755 I boot_progress_pms_ready: 32015
01-04 23:52:23.097  1755  1826 I battery_status: [2,5,1,2,Li-ion]
01-04 23:52:23.097  1755  1826 I battery_level: [47,3674,565]
01-04 23:52:23.408  1755  1755 I wm_stack_created: [0,0,0,0,0]
01-04 23:52:23.236     0     0 E devfreq qcom,kgsl-busmon.34: Couldn't update frequency transition information.
01-04 23:52:23.472  1755  1755 I configuration_changed: 7672
01-04 23:52:23.280     0     0 I lowmemorykiller: lowmem_shrink: convert oom_adj to oom_score_adj:
01-04 23:52:23.280     0     0 I lowmemorykiller: oom_adj 0 => oom_score_adj 0
01-04 23:52:23.280     0     0 I lowmemorykiller: oom_adj 1 => oom_score_adj 58
01-04 23:52:23.280     0     0 I lowmemorykiller: oom_adj 2 => oom_score_adj 117
01-04 23:52:23.280     0     0 I lowmemorykiller: oom_adj 3 => oom_score_adj 176
01-04 23:52:23.280     0     0 I lowmemorykiller: oom_adj 9 => oom_score_adj 529
01-04 23:52:23.280     0     0 I lowmemorykiller: oom_adj 15 => oom_score_adj 1000
01-04 23:52:23.493  1755  1755 I configuration_changed: 1024
01-04 23:52:23.512  1755  1755 I configuration_changed: 512
01-04 23:52:23.724   458   458 I auditd  : avc:  denied  { find } for service=permission scontext=u:r:location:s0 tcontext=u:object_r:permission_service:s0 tclass=service_manager
01-04 23:52:23.921  1755  1755 I free_storage_left: [1900339200,359297024,254488576]
01-04 23:52:23.921  1755  1755 I free_storage_changed: 1900339200
01-04 23:52:23.977  1755  3581 I configuration_changed: 96
01-04 23:52:23.999  1755  1755 I stream_devices_changed: [0,0,2]
01-04 23:52:23.999  1755  1755 I stream_devices_changed: [2,0,2]
01-04 23:52:24.000  1755  1755 I stream_devices_changed: [3,0,2]
01-04 23:52:24.000  1755  1755 I stream_devices_changed: [4,0,2]
01-04 23:52:24.000  1755  1755 I stream_devices_changed: [6,0,2]
01-04 23:52:23.836     0     0 I         : acc_open
01-04 23:52:23.836     0     0 I         : acc_release
01-04 23:52:24.297  1755  1755 I boot_progress_ams_ready: 33322
01-04 23:52:24.486  1755  1907 I am_proc_start: [0,3640,10008,com.android.externalstorage,broadcast,com.android.externalstorage/.MountReceiver]
01-04 23:52:24.549  1755  1755 I am_proc_start: [0,3653,1037,WebViewLoader-armeabi-v7a,,]
01-04 23:52:24.549  1755  1910 I dvm_lock_sample: [system_server,0,android.fg,62,ActivityManagerService.java,6746,-,3109,12]
01-04 23:52:24.571  1755  1755 I am_proc_start: [0,3665,1037,WebViewLoader-arm64-v8a,,]
01-04 23:52:24.573  1755  1826 I am_proc_bound: [0,3640,com.android.externalstorage]
01-04 23:52:24.614  1755  1755 I am_proc_start: [0,3680,10015,com.android.systemui,service,com.android.systemui/.SystemUIService]
01-04 23:52:24.615  1755  1910 I dvm_lock_sample: [system_server,0,android.fg,30,ActivityManagerService.java,6746,-,15847,6]
01-04 23:52:24.648  1755  1907 I am_proc_start: [0,3694,10007,android.process.media,broadcast,com.android.providers.media/.MtpReceiver]
01-04 23:52:24.650  1755  1826 I am_proc_bound: [0,3680,com.android.systemui]
01-04 23:52:24.688  1755  1826 I am_proc_bound: [0,3694,android.process.media]
01-04 23:52:24.726   458   458 I auditd  : avc:  denied  { find } for service=permission scontext=u:r:location:s0 tcontext=u:object_r:permission_service:s0 tclass=service_manager
01-04 23:52:24.783     0     0 I wlan    : loading driver v3.0.10.085 +TIMER_MANAGER +MEMORY_DEBUG
01-04 23:52:25.008  1755  1826 D TelephonyRegistry: listen oscl: hasNotifySubscriptionInfoChangedOccurred==false no callback
01-04 23:52:24.812     0     0 E wlan    : [E :VOS] INFO: NV version = 3 is loaded, driver supports NV version = 3
01-04 23:52:25.072  1755  1828 I notification_cancel_all: [10007,3694,com.android.providers.downloads,0,0,64,9,NULL]
01-04 23:52:25.011     0     0 I wlan    : WCNSS WLAN version 1.5.1.2
01-04 23:52:25.011     0     0 I wlan    : WCNSS software version CNSS-PR-3-0-c2-00147
01-04 23:52:25.011     0     0 I wlan    : WCNSS hardware version WCN v2.0 RadioPhy vUnknown with 19.2MHz XO
01-04 23:52:25.011     0     0 I         : DefaultCountry is JP
01-04 23:52:25.016     0     0 I cfg80211: Calling CRDA for country: JP
01-04 23:52:25.016     0     0 I cfg80211: Regulatory domain changed to country: JP
01-04 23:52:25.016     0     0 I cfg80211: (start_freq - end_freq @ bandwidth), (max_antenna_gain, max_eirp)
01-04 23:52:25.016     0     0 I cfg80211: (2402000 KHz - 2482000 KHz @ 40000 KHz), (N/A, 2000 mBm)
01-04 23:52:25.016     0     0 I cfg80211: (2474000 KHz - 2494000 KHz @ 20000 KHz), (N/A, 2000 mBm)
01-04 23:52:25.016     0     0 I cfg80211: (5170000 KHz - 5250000 KHz @ 80000 KHz), (N/A, 2000 mBm)
01-04 23:52:25.016     0     0 I cfg80211: (5250000 KHz - 5330000 KHz @ 80000 KHz), (N/A, 2000 mBm)
01-04 23:52:25.016     0     0 I cfg80211: (5490000 KHz - 5710000 KHz @ 80000 KHz), (N/A, 2000 mBm)
01-04 23:52:25.070     0     0 I wlan    : driver loaded
01-04 23:52:25.117     0     0 W FAT-fs (mmcblk1p1): Volume was not properly unmounted. Some data may be corrupt. Please run fsck.
01-04 23:52:25.127     0     0 D SELinux : initialized (dev mmcblk1p1, type vfat), uses genfs_contexts
01-04 23:52:25.137     0     0 E send_asm_custom_topology: DSP returned error[-1]
01-04 23:52:25.148     0     0 I evrc_in_open: session id 1: NT mode encoder success
01-04 23:52:25.148     0     0 I evrc_in_open: session id 1: success
01-04 23:52:25.155     0     0 I audio_in_release: session id 1
01-04 23:52:25.167     0     0 I qcelp_in_open: session id 1: NT mode encoder success
01-04 23:52:25.167     0     0 I qcelp_in_open: session id 1: success
01-04 23:52:25.177     0     0 I audio_in_release: session id 1
01-04 23:52:25.180     0     0 D SELinux : initialized (dev fuse, type fuse), uses genfs_contexts
01-04 23:52:25.184     0     0 D SELinux : initialized (dev fuse, type fuse), uses genfs_contexts
01-04 23:52:25.187     0     0 D SELinux : initialized (dev fuse, type fuse), uses genfs_contexts
01-04 23:52:25.189     0     0 I FUSE    : SHORTCIRCUIT enabled [sdcard : 3819]!
01-04 23:52:25.189     0     0 I FUSE    : SHORTCIRCUIT enabled [sdcard : 3818]!
01-04 23:52:25.190     0     0 I FUSE    : SHORTCIRCUIT enabled [sdcard : 3820]!
01-04 23:52:25.192     0     0 I msm_vidc: info: Opening video instance: ffffffc03f80a180, 0
01-04 23:52:25.195     0     0 I subsys-restart: __subsystem_get(): Changing subsys fw_name to venus-v1
01-04 23:52:25.225     0     0 I subsys-pil-tz 1de0000.qcom,venus: venus: loading from 0x000000008f800000 to 0x000000008fd00000
01-04 23:52:25.463  3680  3824 I sysui_action: [213,2]
01-04 23:52:25.318     0     0 I subsys-pil-tz 1de0000.qcom,venus: venus: Brought out of reset
01-04 23:52:25.353     0     0 I msm_vidc: info: Closed video instance: ffffffc03f80a180
01-04 23:52:25.357     0     0 I msm_vidc: info: Opening video instance: ffffffc042920000, 0
01-04 23:52:25.370     0     0 I msm_vidc: info: Closed video instance: ffffffc042920000
01-04 23:52:25.375     0     0 I msm_vidc: info: Opening video instance: ffffffc040f02180, 0
01-04 23:52:25.387     0     0 I msm_vidc: info: Closed video instance: ffffffc040f02180
01-04 23:52:25.391     0     0 I msm_vidc: info: Opening video instance: ffffffc042920000, 0
01-04 23:52:25.404     0     0 I msm_vidc: info: Closed video instance: ffffffc042920000
01-04 23:52:25.408     0     0 I msm_vidc: info: Opening video instance: ffffffc040f02180, 0
01-04 23:52:25.422     0     0 I msm_vidc: info: Closed video instance: ffffffc040f02180
01-04 23:52:25.458     0     0 I msm_vidc: info: Opening video instance: ffffffc042920000, 1
01-04 23:52:25.480     0     0 I msm_vidc: info: Closed video instance: ffffffc042920000
01-04 23:52:25.482     0     0 I msm_vidc: info: Opening video instance: ffffffc042950000, 1
01-04 23:52:25.500     0     0 I msm_vidc: info: Closed video instance: ffffffc042950000
01-04 23:52:25.503     0     0 I msm_vidc: info: Opening video instance: ffffffc0434ca180, 1
01-04 23:52:25.520     0     0 I msm_vidc: info: Closed video instance: ffffffc0434ca180
01-04 23:52:25.523     0     0 I msm_vidc: info: Opening video instance: ffffffc040f02180, 1
01-04 23:52:25.728   458   458 I auditd  : avc:  denied  { find } for service=permission scontext=u:r:location:s0 tcontext=u:object_r:permission_service:s0 tclass=service_manager
01-04 23:52:25.537     0     0 I msm_vidc: info: Closed video instance: ffffffc040f02180
01-04 23:52:25.539     0     0 I msm_vidc: info: Opening video instance: ffffffc042922180, 1
01-04 23:52:25.554     0     0 I msm_vidc: info: Closed video instance: ffffffc042922180
01-04 23:52:25.557     0     0 I msm_vidc: info: Opening video instance: ffffffc042952180, 1
01-04 23:52:25.570     0     0 I msm_vidc: info: Closed video instance: ffffffc042952180
01-04 23:52:25.573     0     0 I msm_vidc: info: Opening video instance: ffffffc0434cc300, 1
01-04 23:52:25.588     0     0 I msm_vidc: info: Closed video instance: ffffffc0434cc300
01-04 23:52:25.591     0     0 I msm_vidc: info: Opening video instance: ffffffc040f02180, 1
01-04 23:52:25.603     0     0 I msm_vidc: info: Closed video instance: ffffffc040f02180
01-04 23:52:25.607     0     0 I msm_vidc: info: Opening video instance: ffffffc042920000, 1
01-04 23:52:25.623     0     0 I msm_vidc: info: Closed video instance: ffffffc042920000
01-04 23:52:25.626     0     0 I msm_vidc: info: Opening video instance: ffffffc042950000, 1
01-04 23:52:25.639     0     0 I msm_vidc: info: Closed video instance: ffffffc042950000
01-04 23:52:25.642     0     0 I msm_vidc: info: Opening video instance: ffffffc0434ca180, 1
01-04 23:52:25.656     0     0 I msm_vidc: info: Closed video instance: ffffffc0434ca180
01-04 23:52:25.659     0     0 I msm_vidc: info: Opening video instance: ffffffc040f02180, 1
01-04 23:52:25.673     0     0 I msm_vidc: info: Closed video instance: ffffffc040f02180
01-04 23:52:25.676     0     0 I msm_vidc: info: Opening video instance: ffffffc042922180, 1
01-04 23:52:25.693     0     0 I msm_vidc: info: Closed video instance: ffffffc042922180
01-04 23:52:25.696     0     0 I msm_vidc: info: Opening video instance: ffffffc042952180, 1
01-04 23:52:25.709     0     0 I msm_vidc: info: Closed video instance: ffffffc042952180
01-04 23:52:25.712     0     0 I msm_vidc: info: Opening video instance: ffffffc0434cc300, 1
01-04 23:52:25.726     0     0 I msm_vidc: info: Closed video instance: ffffffc0434cc300
01-04 23:52:25.729     0     0 I msm_vidc: info: Opening video instance: ffffffc040f02180, 1
01-04 23:52:25.748     0     0 I msm_vidc: info: Closed video instance: ffffffc040f02180
01-04 23:52:25.750     0     0 I msm_vidc: info: Opening video instance: ffffffc042920000, 1
01-04 23:52:25.765     0     0 I msm_vidc: info: Closed video instance: ffffffc042920000
