01-04 23:52:30.002  4446  4446 D QtiCdmaDCT: [0]cleanUpConnection: X tearDown=false reason=radioTurnedOff apnContext={mApnType=default mState=IDLE mWaitingApns={null} mWaitingApnsPermanentFailureCountDown=0 mApnSetting={null} mReason=radioTurnedOff mDataEnabled=false mDependencyMet=true} dcac=null
01-04 23:52:30.002  4446  4446 D QtiCdmaDCT: [0]cleanUpConnection: tearDown=false reason=radioTurnedOff apnContext={mApnType=mms mState=IDLE mWaitingApns={null} mWaitingApnsPermanentFailureCountDown=0 mApnSetting={null} mReason=radioTurnedOff mDataEnabled=false mDependencyMet=true}
01-04 23:52:30.002  4446  4446 D CDMALTEPhone: getDataConnectionState: Data is Out of Service. ret = DISCONNECTED
01-04 23:52:30.003  4446  4446 D CDMALTEPhone: getDataConnectionState apnType=mms ret=DISCONNECTED
01-04 23:52:30.003  4446  4446 D SubscriptionController: [getSubId]- sSlotIdxToSubId.size == 0, return DummySubIds slotIdx=0
01-04 23:52:30.007  4446  4446 D QtiCdmaDCT: [0]isDataAllowed: not allowed due to - Attached= false - SIM not loaded - SIM not loaded and not NV subscription - defaultDataSelected= false
01-04 23:52:30.010  4446  4457 D SubscriptionController: [getPhoneId]- invalid subId return=-1
01-04 23:52:30.011  4446  4446 D QtiSubscriptionController: getPhoneId, received dummy subId 2147483643
01-04 23:52:30.013  4446  4446 D QtiSubscriptionController: getPhoneId, received dummy subId 2147483643
01-04 23:52:30.017  4446  4446 D QtiCdmaDCT: [0]setupDataForSinglePdn: reason = radioTurnedOff isDisconnected = true
01-04 23:52:30.017  4446  4446 D QtiCdmaDCT: [0]isOnlySingleDcAllowed(0): false
01-04 23:52:30.017  4446  4446 D QtiCdmaDCT: [0]cleanUpConnection: X tearDown=false reason=radioTurnedOff apnContext={mApnType=mms mState=IDLE mWaitingApns={null} mWaitingApnsPermanentFailureCountDown=0 mApnSetting={null} mReason=radioTurnedOff mDataEnabled=false mDependencyMet=true} dcac=null
01-04 23:52:30.017  4446  4446 D QtiCdmaDCT: [0]cleanUpConnection: tearDown=false reason=radioTurnedOff apnContext={mApnType=cbs mState=IDLE mWaitingApns={null} mWaitingApnsPermanentFailureCountDown=0 mApnSetting={null} mReason=radioTurnedOff mDataEnabled=false mDependencyMet=true}
01-04 23:52:30.017  4446  4446 D CDMALTEPhone: getDataConnectionState: Data is Out of Service. ret = DISCONNECTED
01-04 23:52:30.017  4446  4446 D CDMALTEPhone: getDataConnectionState apnType=cbs ret=DISCONNECTED
01-04 23:52:30.017  4446  4446 D SubscriptionController: [getSubId]- sSlotIdxToSubId.size == 0, return DummySubIds slotIdx=0
01-04 23:52:30.020  4446  4446 D QtiCdmaDCT: [0]isDataAllowed: not allowed due to - Attached= false - SIM not loaded - SIM not loaded and not NV subscription - defaultDataSelected= false
01-04 23:52:30.022  4446  4446 D QtiSubscriptionController: getPhoneId, received dummy subId 2147483643
01-04 23:52:30.024  4446  4446 D QtiSubscriptionController: getPhoneId, received dummy subId 2147483643
01-04 23:52:30.028  4446  4446 D QtiCdmaDCT: [0]setupDataForSinglePdn: reason = radioTurnedOff isDisconnected = true
01-04 23:52:30.028  4446  4446 D QtiCdmaDCT: [0]isOnlySingleDcAllowed(0): false
01-04 23:52:30.028  4446  4446 D QtiCdmaDCT: [0]cleanUpConnection: X tearDown=false reason=radioTurnedOff apnContext={mApnType=cbs mState=IDLE mWaitingApns={null} mWaitingApnsPermanentFailureCountDown=0 mApnSetting={null} mReason=radioTurnedOff mDataEnabled=false mDependencyMet=true} dcac=null
01-04 23:52:30.028  4446  4446 D QtiCdmaDCT: [0]cleanUpConnection: tearDown=false reason=radioTurnedOff apnContext={mApnType=fota mState=IDLE mWaitingApns={null} mWaitingApnsPermanentFailureCountDown=0 mApnSetting={null} mReason=radioTurnedOff mDataEnabled=false mDependencyMet=true}
01-04 23:52:30.028  4446  4446 D CDMALTEPhone: getDataConnectionState: Data is Out of Service. ret = DISCONNECTED
01-04 23:52:30.028  4446  4446 D CDMALTEPhone: getDataConnectionState apnType=fota ret=DISCONNECTED
01-04 23:52:30.028  4446  4446 D SubscriptionController: [getSubId]- sSlotIdxToSubId.size == 0, return DummySubIds slotIdx=0
01-04 23:52:30.031  4446  4446 D QtiCdmaDCT: [0]isDataAllowed: not allowed due to - Attached= false - SIM not loaded - SIM not loaded and not NV subscription - defaultDataSelected= false
01-04 23:52:30.032  4446  4446 D QtiSubscriptionController: getPhoneId, received dummy subId 2147483643
01-04 23:52:30.033  4446  4446 D QtiSubscriptionController: getPhoneId, received dummy subId 2147483643
01-04 23:52:30.035  4446  4446 D QtiCdmaDCT: [0]setupDataForSinglePdn: reason = radioTurnedOff isDisconnected = true
01-04 23:52:30.035  4446  4446 D QtiCdmaDCT: [0]isOnlySingleDcAllowed(0): false
01-04 23:52:30.035  4446  4446 D QtiCdmaDCT: [0]cleanUpConnection: X tearDown=false reason=radioTurnedOff apnContext={mApnType=fota mState=IDLE mWaitingApns={null} mWaitingApnsPermanentFailureCountDown=0 mApnSetting={null} mReason=radioTurnedOff mDataEnabled=false mDependencyMet=true} dcac=null
01-04 23:52:30.035  4446  4446 D QtiCdmaDCT: [0]cleanUpConnection: tearDown=false reason=radioTurnedOff apnContext={mApnType=supl mState=IDLE mWaitingApns={null} mWaitingApnsPermanentFailureCountDown=0 mApnSetting={null} mReason=radioTurnedOff mDataEnabled=false mDependencyMet=true}
01-04 23:52:30.035  4446  4446 D CDMALTEPhone: getDataConnectionState: Data is Out of Service. ret = DISCONNECTED
01-04 23:52:30.036  4446  4446 D CDMALTEPhone: getDataConnectionState apnType=supl ret=DISCONNECTED
01-04 23:52:30.036  4446  4446 D SubscriptionController: [getSubId]- sSlotIdxToSubId.size == 0, return DummySubIds slotIdx=0
01-04 23:52:30.039  4446  4446 D QtiCdmaDCT: [0]isDataAllowed: not allowed due to - Attached= false - SIM not loaded - SIM not loaded and not NV subscription - defaultDataSelected= false
01-04 23:52:30.040  4446  4446 D QtiSubscriptionController: getPhoneId, received dummy subId 2147483643
01-04 23:52:30.042  4446  4446 D QtiSubscriptionController: getPhoneId, received dummy subId 2147483643
01-04 23:52:30.043  4446  4446 D QtiCdmaDCT: [0]setupDataForSinglePdn: reason = radioTurnedOff isDisconnected = true
01-04 23:52:30.044  4446  4446 D QtiCdmaDCT: [0]isOnlySingleDcAllowed(0): false
01-04 23:52:30.044  4446  4446 D QtiCdmaDCT: [0]cleanUpConnection: X tearDown=false reason=radioTurnedOff apnContext={mApnType=supl mState=IDLE mWaitingApns={null} mWaitingApnsPermanentFailureCountDown=0 mApnSetting={null} mReason=radioTurnedOff mDataEnabled=false mDependencyMet=true} dcac=null
01-04 23:52:30.044  4446  4446 D QtiCdmaDCT: [0]cleanUpConnection: tearDown=false reason=radioTurnedOff apnContext={mApnType=emergency mState=IDLE mWaitingApns={null} mWaitingApnsPermanentFailureCountDown=0 mApnSetting={null} mReason=radioTurnedOff mDataEnabled=false mDependencyMet=true}
01-04 23:52:30.044  4446  4446 D CDMALTEPhone: getDataConnectionState: Data is Out of Service. ret = DISCONNECTED
01-04 23:52:30.044  4446  4446 D CDMALTEPhone: getDataConnectionState apnType=emergency ret=DISCONNECTED
01-04 23:52:30.045  4446  4446 D SubscriptionController: [getSubId]- sSlotIdxToSubId.size == 0, return DummySubIds slotIdx=0
01-04 23:52:30.047  4446  4446 D QtiSubscriptionController: getPhoneId, received dummy subId 2147483643
01-04 23:52:30.048  4446  4446 D QtiSubscriptionController: getPhoneId, received dummy subId 2147483643
01-04 23:52:30.050  4446  4446 D QtiCdmaDCT: [0]setupDataForSinglePdn: reason = radioTurnedOff isDisconnected = true
01-04 23:52:30.050  4446  4446 D QtiCdmaDCT: [0]isOnlySingleDcAllowed(0): false
01-04 23:52:30.050  4446  4446 D QtiCdmaDCT: [0]cleanUpConnection: X tearDown=false reason=radioTurnedOff apnContext={mApnType=emergency mState=IDLE mWaitingApns={null} mWaitingApnsPermanentFailureCountDown=0 mApnSetting={null} mReason=radioTurnedOff mDataEnabled=false mDependencyMet=true} dcac=null
01-04 23:52:30.050  4446  4446 D QtiCdmaDCT: [0]cleanUpConnection: tearDown=false reason=radioTurnedOff apnContext={mApnType=dun mState=IDLE mWaitingApns={null} mWaitingApnsPermanentFailureCountDown=0 mApnSetting={null} mReason=radioTurnedOff mDataEnabled=false mDependencyMet=true}
01-04 23:52:30.050  4446  4446 D CDMALTEPhone: getDataConnectionState: Data is Out of Service. ret = DISCONNECTED
01-04 23:52:30.050  4446  4446 D CDMALTEPhone: getDataConnectionState apnType=dun ret=DISCONNECTED
01-04 23:52:30.051  4446  4446 D SubscriptionController: [getSubId]- sSlotIdxToSubId.size == 0, return DummySubIds slotIdx=0
01-04 23:52:30.052  4446  4446 D QtiCdmaDCT: [0]isDataAllowed: not allowed due to - Attached= false - SIM not loaded - SIM not loaded and not NV subscription - defaultDataSelected= false
01-04 23:52:30.054  4446  4446 D QtiSubscriptionController: getPhoneId, received dummy subId 2147483643
01-04 23:52:30.055  4446  4446 D QtiSubscriptionController: getPhoneId, received dummy subId 2147483643
01-04 23:52:30.056  4446  4446 D QtiCdmaDCT: [0]setupDataForSinglePdn: reason = radioTurnedOff isDisconnected = true
01-04 23:52:30.057  4446  4446 D QtiCdmaDCT: [0]isOnlySingleDcAllowed(0): false
01-04 23:52:30.057  4446  4446 D QtiCdmaDCT: [0]cleanUpConnection: X tearDown=false reason=radioTurnedOff apnContext={mApnType=dun mState=IDLE mWaitingApns={null} mWaitingApnsPermanentFailureCountDown=0 mApnSetting={null} mReason=radioTurnedOff mDataEnabled=false mDependencyMet=true} dcac=null
01-04 23:52:30.057  4446  4446 D QtiCdmaDCT: [0]cleanUpConnection: tearDown=false reason=radioTurnedOff apnContext={mApnType=hipri mState=IDLE mWaitingApns={null} mWaitingApnsPermanentFailureCountDown=0 mApnSetting={null} mReason=radioTurnedOff mDataEnabled=false mDependencyMet=true}
01-04 23:52:30.057  4446  4446 D CDMALTEPhone: getDataConnectionState: Data is Out of Service. ret = DISCONNECTED
01-04 23:52:30.057  4446  4446 D CDMALTEPhone: getDataConnectionState apnType=hipri ret=DISCONNECTED
01-04 23:52:30.057  4446  4446 D SubscriptionController: [getSubId]- sSlotIdxToSubId.size == 0, return DummySubIds slotIdx=0
01-04 23:52:30.059  4446  4446 D QtiCdmaDCT: [0]isDataAllowed: not allowed due to - Attached= false - SIM not loaded - SIM not loaded and not NV subscription - defaultDataSelected= false
01-04 23:52:30.060  4446  4446 D QtiSubscriptionController: getPhoneId, received dummy subId 2147483643
01-04 23:52:30.062  4446  4446 D QtiSubscriptionController: getPhoneId, received dummy subId 2147483643
01-04 23:52:30.063  4446  4446 D QtiCdmaDCT: [0]setupDataForSinglePdn: reason = radioTurnedOff isDisconnected = true
01-04 23:52:30.064  4446  4446 D QtiCdmaDCT: [0]isOnlySingleDcAllowed(0): false
01-04 23:52:30.064  4446  4446 D QtiCdmaDCT: [0]cleanUpConnection: X tearDown=false reason=radioTurnedOff apnContext={mApnType=hipri mState=IDLE mWaitingApns={null} mWaitingApnsPermanentFailureCountDown=0 mApnSetting={null} mReason=radioTurnedOff mDataEnabled=false mDependencyMet=true} dcac=null
01-04 23:52:30.064  4446  4446 D QtiCdmaDCT: [0]cleanUpConnection: tearDown=false reason=radioTurnedOff apnContext={mApnType=ims mState=IDLE mWaitingApns={null} mWaitingApnsPermanentFailureCountDown=0 mApnSetting={null} mReason=radioTurnedOff mDataEnabled=false mDependencyMet=true}
01-04 23:52:30.064  4446  4446 D CDMALTEPhone: getDataConnectionState: Data is Out of Service. ret = DISCONNECTED
01-04 23:52:30.064  4446  4446 D CDMALTEPhone: getDataConnectionState apnType=ims ret=DISCONNECTED
01-04 23:52:30.064  4446  4446 D SubscriptionController: [getSubId]- sSlotIdxToSubId.size == 0, return DummySubIds slotIdx=0
01-04 23:52:30.066  4446  4446 D QtiCdmaDCT: [0]isDataAllowed: not allowed due to - Attached= false - SIM not loaded - SIM not loaded and not NV subscription - defaultDataSelected= false
01-04 23:52:30.067  4446  4446 D QtiSubscriptionController: getPhoneId, received dummy subId 2147483643
01-04 23:52:30.069  4446  4446 D QtiSubscriptionController: getPhoneId, received dummy subId 2147483643
01-04 23:52:30.070  4446  4446 D QtiCdmaDCT: [0]setupDataForSinglePdn: reason = radioTurnedOff isDisconnected = true
01-04 23:52:30.071  4446  4446 D QtiCdmaDCT: [0]isOnlySingleDcAllowed(0): false
01-04 23:52:30.071  4446  4446 D QtiCdmaDCT: [0]cleanUpConnection: X tearDown=false reason=radioTurnedOff apnContext={mApnType=ims mState=IDLE mWaitingApns={null} mWaitingApnsPermanentFailureCountDown=0 mApnSetting={null} mReason=radioTurnedOff mDataEnabled=false mDependencyMet=true} dcac=null
01-04 23:52:30.071  4446  4446 D QtiCdmaDCT: [0]stopNetStatPoll
01-04 23:52:30.071  4446  4446 D SubscriptionController: [getSubId]- sSlotIdxToSubId.size == 0, return DummySubIds slotIdx=0
01-04 23:52:30.072  4446  4446 D QtiSubscriptionController: getPhoneId, received dummy subId 2147483643
01-04 23:52:30.073  4446  4446 D QtiCdmaDCT: [0]cleanUpConnection: mDisconnectPendingCount = 0
01-04 23:52:30.073  4446  4446 D SubscriptionController: [getSubId]- sSlotIdxToSubId.size == 0, return DummySubIds slotIdx=0
01-04 23:52:30.074  4446  4446 D QtiCdmaDCT: [0]isDataAllowed: not allowed due to - Attached= false - SIM not loaded - SIM not loaded and not NV subscription - defaultDataSelected= false
01-04 23:52:30.077  4446  4446 D QtiSubscriptionController: getPhoneId, received dummy subId 2147483643
01-04 23:52:30.078  4446  4446 D QtiSubscriptionController: getPhoneId, received dummy subId 2147483643
01-04 23:52:30.080  4446  4446 D SubscriptionController: [getSubId]- sSlotIdxToSubId.size == 0, return DummySubIds slotIdx=0
01-04 23:52:30.083  4446  4446 D QtiCdmaDCT: [0]isDataAllowed: not allowed due to - Attached= false - SIM not loaded - SIM not loaded and not NV subscription - defaultDataSelected= false
01-04 23:52:30.084  4446  4728 D SubscriptionController: [getPhoneId]- invalid subId return=-1
01-04 23:52:30.086  4446  4446 D QtiSubscriptionController: getPhoneId, received dummy subId 2147483643
01-04 23:52:30.088  4446  4446 D QtiSubscriptionController: getPhoneId, received dummy subId 2147483643
01-04 23:52:30.090  4446  4446 D SubscriptionController: [getSubId]- sSlotIdxToSubId.size == 0, return DummySubIds slotIdx=0
01-04 23:52:30.093  4446  4446 D QtiCdmaDCT: [0]isDataAllowed: not allowed due to - Attached= false - SIM not loaded - SIM not loaded and not NV subscription - defaultDataSelected= false
01-04 23:52:30.094  4446  4446 D QtiSubscriptionController: getPhoneId, received dummy subId 2147483643
01-04 23:52:30.096  4446  4446 D QtiSubscriptionController: getPhoneId, received dummy subId 2147483643
01-04 23:52:30.098  4446  4446 D SubscriptionController: [getSubId]- sSlotIdxToSubId.size == 0, return DummySubIds slotIdx=0
01-04 23:52:30.100  4446  4446 D QtiCdmaDCT: [0]isDataAllowed: not allowed due to - Attached= false - SIM not loaded - SIM not loaded and not NV subscription - defaultDataSelected= false
01-04 23:52:30.102  4446  4446 D QtiSubscriptionController: getPhoneId, received dummy subId 2147483643
01-04 23:52:30.103  4446  4446 D QtiSubscriptionController: getPhoneId, received dummy subId 2147483643
01-04 23:52:30.104  4446  4446 D SubscriptionController: [getSubId]- sSlotIdxToSubId.size == 0, return DummySubIds slotIdx=0
01-04 23:52:30.107  4446  4446 D QtiCdmaDCT: [0]isDataAllowed: not allowed due to - Attached= false - SIM not loaded - SIM not loaded and not NV subscription - defaultDataSelected= false
01-04 23:52:30.108  4446  4446 D QtiSubscriptionController: getPhoneId, received dummy subId 2147483643
01-04 23:52:30.110  4446  4446 D QtiSubscriptionController: getPhoneId, received dummy subId 2147483643
01-04 23:52:30.113  4446  4446 D SubscriptionController: [getSubId]- sSlotIdxToSubId.size == 0, return DummySubIds slotIdx=0
01-04 23:52:30.115  4446  4446 D QtiSubscriptionController: getPhoneId, received dummy subId 2147483643
01-04 23:52:30.116  4446  4446 D QtiSubscriptionController: getPhoneId, received dummy subId 2147483643
01-04 23:52:30.119  4446  4446 D SubscriptionController: [getSubId]- sSlotIdxToSubId.size == 0, return DummySubIds slotIdx=0
01-04 23:52:30.120  4446  4446 D QtiCdmaDCT: [0]isDataAllowed: not allowed due to - Attached= false - SIM not loaded - SIM not loaded and not NV subscription - defaultDataSelected= false
01-04 23:52:30.121  4446  4446 D QtiSubscriptionController: getPhoneId, received dummy subId 2147483643
01-04 23:52:30.122  4446  4446 D QtiSubscriptionController: getPhoneId, received dummy subId 2147483643
01-04 23:52:30.123  4446  4446 D SubscriptionController: [getSubId]- sSlotIdxToSubId.size == 0, return DummySubIds slotIdx=0
01-04 23:52:30.125  4446  4446 D QtiCdmaDCT: [0]isDataAllowed: not allowed due to - Attached= false - SIM not loaded - SIM not loaded and not NV subscription - defaultDataSelected= false
01-04 23:52:30.127  4446  4446 D QtiSubscriptionController: getPhoneId, received dummy subId 2147483643
01-04 23:52:30.128  4446  4446 D QtiSubscriptionController: getPhoneId, received dummy subId 2147483643
01-04 23:52:30.131  4446  4446 D SubscriptionController: [getSubId]- sSlotIdxToSubId.size == 0, return DummySubIds slotIdx=0
01-04 23:52:30.137  4446  4446 D QtiCdmaDCT: [0]isDataAllowed: not allowed due to - Attached= false - SIM not loaded - SIM not loaded and not NV subscription - defaultDataSelected= false
01-04 23:52:30.137  1755  2060 I am_activity_launch_time: [0,236178051,com.askey.dvr.cdr6012.recorder/.activity.MainActivity,2671,2671]
01-04 23:52:30.138  4446  4446 D QtiSubscriptionController: getPhoneId, received dummy subId 2147483643
01-04 23:52:30.140  4446  4446 D QtiSubscriptionController: getPhoneId, received dummy subId 2147483643
01-04 23:52:30.141  4446  4446 D QtiCdmaDCT: [0]QtiDcTracker handleMessage msg={ when=-905ms what=270345 obj=android.os.AsyncResult@aa08bff target=com.qti.internal.telephony.dataconnection.QtiDcTracker }
01-04 23:52:30.142  4446  4446 D QtiCdmaDCT: [0]handleMessage msg={ when=-905ms what=270345 obj=android.os.AsyncResult@aa08bff target=com.qti.internal.telephony.dataconnection.QtiDcTracker }
01-04 23:52:30.142  4446  4446 D QtiCdmaDCT: [0]onDataConnectionDetached: stop polling and notify detached
01-04 23:52:30.142  4446  4446 D QtiCdmaDCT: [0]stopNetStatPoll
01-04 23:52:30.142  4446  4446 D SubscriptionController: [getSubId]- sSlotIdxToSubId.size == 0, return DummySubIds slotIdx=0
01-04 23:52:30.145  4446  4446 D QtiSubscriptionController: getPhoneId, received dummy subId 2147483643
01-04 23:52:30.146  4446  4446 D QtiCdmaDCT: [0]notifyDataConnection: reason=dataDetached
01-04 23:52:30.146  4446  4446 D SubscriptionController: [getSubId]- sSlotIdxToSubId.size == 0, return DummySubIds slotIdx=0
01-04 23:52:30.150  1755  1907 I boot_progress_enable_screen: 39175
01-04 23:52:30.152  4446  4446 D QtiCdmaDCT: [0]isDataAllowed: not allowed due to - Attached= false - SIM not loaded - SIM not loaded and not NV subscription - defaultDataSelected= false
01-04 23:52:30.155  1755  1907 I screen_toggled: 1
01-04 23:52:30.158  4446  4446 D QtiSubscriptionController: getPhoneId, received dummy subId 2147483643
01-04 23:52:30.161  4446  4446 D QtiSubscriptionController: getPhoneId, received dummy subId 2147483643
01-04 23:52:30.165  4446  4446 D SubscriptionController: [getSubId]- sSlotIdxToSubId.size == 0, return DummySubIds slotIdx=0
01-04 23:52:30.170  4446  4728 D SubscriptionController: [getPhoneId]- invalid subId return=-1
01-04 23:52:30.177  4446  4446 D QtiCdmaDCT: [0]isDataAllowed: not allowed due to - Attached= false - SIM not loaded - SIM not loaded and not NV subscription - defaultDataSelected= false
01-04 23:52:30.181  4446  4446 D QtiSubscriptionController: getPhoneId, received dummy subId 2147483643
01-04 23:52:30.183  4446  4446 D QtiSubscriptionController: getPhoneId, received dummy subId 2147483643
01-04 23:52:30.188  4446  4446 D SubscriptionController: [getSubId]- sSlotIdxToSubId.size == 0, return DummySubIds slotIdx=0
01-04 23:52:30.196  4446  4446 D QtiCdmaDCT: [0]isDataAllowed: not allowed due to - Attached= false - SIM not loaded - SIM not loaded and not NV subscription - defaultDataSelected= false
01-04 23:52:30.197  4446  4446 D QtiSubscriptionController: getPhoneId, received dummy subId 2147483643
01-04 23:52:30.200  4446  4446 D QtiSubscriptionController: getPhoneId, received dummy subId 2147483643
01-04 23:52:30.203  4446  4446 D SubscriptionController: [getSubId]- sSlotIdxToSubId.size == 0, return DummySubIds slotIdx=0
01-04 23:52:30.022     0     0 I msm_csid_init: CSID_VERSION = 0x30060000
01-04 23:52:30.214  4446  4446 D QtiCdmaDCT: [0]isDataAllowed: not allowed due to - Attached= false - SIM not loaded - SIM not loaded and not NV subscription - defaultDataSelected= false
01-04 23:52:30.218  4446  4446 D QtiSubscriptionController: getPhoneId, received dummy subId 2147483643
01-04 23:52:30.221  4446  4446 D QtiSubscriptionController: getPhoneId, received dummy subId 2147483643
01-04 23:52:30.222  4446  4446 D SubscriptionController: [getSubId]- sSlotIdxToSubId.size == 0, return DummySubIds slotIdx=0
01-04 23:52:30.227  4446  4446 D QtiCdmaDCT: [0]isDataAllowed: not allowed due to - Attached= false - SIM not loaded - SIM not loaded and not NV subscription - defaultDataSelected= false
01-04 23:52:30.229  4446  4446 D QtiSubscriptionController: getPhoneId, received dummy subId 2147483643
01-04 23:52:30.231  4446  4446 D QtiSubscriptionController: getPhoneId, received dummy subId 2147483643
01-04 23:52:30.036     0     0 I MSM-CPP cpp_init_hardware: 1045 CPP HW Version: 0x40030000
01-04 23:52:30.036     0     0 E MSM-CPP cpp_init_hardware: 1066 stream_cnt:0
01-04 23:52:30.235  4446  4446 D SubscriptionController: [getSubId]- sSlotIdxToSubId.size == 0, return DummySubIds slotIdx=0
01-04 23:52:30.239  4446  4446 D QtiSubscriptionController: getPhoneId, received dummy subId 2147483643
01-04 23:52:30.241  4446  4446 D QtiSubscriptionController: getPhoneId, received dummy subId 2147483643
01-04 23:52:30.243  4446  4446 D SubscriptionController: [getSubId]- sSlotIdxToSubId.size == 0, return DummySubIds slotIdx=0
01-04 23:52:30.049     0     0 I MSM-CPP cpp_load_fw: 1189 MC Bootloader Version: 0x312e3176
01-04 23:52:30.052     0     0 I MSM-CPP cpp_load_fw: 1202 CPP FW Version: 0x10050002
01-04 23:52:30.246  4446  4446 D QtiCdmaDCT: [0]isDataAllowed: not allowed due to - Attached= false - SIM not loaded - SIM not loaded and not NV subscription - defaultDataSelected= false
01-04 23:52:30.248  4446  4446 D QtiSubscriptionController: getPhoneId, received dummy subId 2147483643
01-04 23:52:30.252  4446  4446 D QtiSubscriptionController: getPhoneId, received dummy subId 2147483643
01-04 23:52:30.024     0     0 E msm_csid_init: Failed in getting TOP gdscr regulator handle
01-04 23:52:30.065     0     0 E msm_cci_init: Failed in getting TOP gdscr regulator handle
01-04 23:52:30.072     0     0 I msm_cci_init: 1306: hw_version = 0x10030000
01-04 23:52:30.282  1755  2060 I am_proc_start: [0,4828,1002,com.android.bluetooth,on-hold,]
01-04 23:52:30.292  4446  4446 D SubscriptionController: [getSubId]- sSlotIdxToSubId.size == 0, return DummySubIds slotIdx=0
01-04 23:52:30.296  4446  4446 D QtiCdmaDCT: [0]isDataAllowed: not allowed due to - Attached= false - SIM not loaded - SIM not loaded and not NV subscription - defaultDataSelected= false
01-04 23:52:30.093     0     0 I         : Boot completed init: Starting service 'qcom-post-boot'...
01-04 23:52:30.102     0     0 I init    : Starting service 'qti-testscripts'...
01-04 23:52:30.298  4446  4446 D QtiSubscriptionController: getPhoneId, received dummy subId 2147483643
01-04 23:52:30.300  4446  4446 D QtiSubscriptionController: getPhoneId, received dummy subId 2147483643
01-04 23:52:30.305  4446  4446 D SubscriptionController: [getSubId]- sSlotIdxToSubId.size == 0, return DummySubIds slotIdx=0
01-04 23:52:30.308  4446  4446 D QtiCdmaDCT: [0]isDataAllowed: not allowed due to - Attached= false - SIM not loaded - SIM not loaded and not NV subscription - defaultDataSelected= false
01-04 23:52:30.309  4446  4446 D QtiSubscriptionController: getPhoneId, received dummy subId 2147483643
01-04 23:52:30.310  4446  4446 D QtiSubscriptionController: getPhoneId, received dummy subId 2147483643
01-04 23:52:30.111     0     0 I init    : Starting service 'config-zram'...
01-04 23:52:30.119     0     0 I init    : Starting service 'atfwd'...
01-04 23:52:30.313  4446  4446 D QtiCdmaDCT: [0]QtiDcTracker handleMessage msg={ when=-1s77ms what=270348 obj=android.os.AsyncResult@73d7dcc target=com.qti.internal.telephony.dataconnection.QtiDcTracker }
01-04 23:52:30.313  4446  4446 D QtiCdmaDCT: [0]handleMessage msg={ when=-1s77ms what=270348 obj=android.os.AsyncResult@73d7dcc target=com.qti.internal.telephony.dataconnection.QtiDcTracker }
01-04 23:52:30.313  4446  4446 D QtiCdmaDCT: [0]onRoamingOff
01-04 23:52:30.313  4446  4446 D SubscriptionController: [getSubId]- sSlotIdxToSubId.size == 0, return DummySubIds slotIdx=0
01-04 23:52:30.314  4446  4446 D QtiCdmaDCT: [0]getDataOnRoamingEnabled: phoneSubId=2147483643 isDataRoamingEnabled=true
01-04 23:52:30.314  4446  4446 D QtiCdmaDCT: [0]notifyDataConnection: reason=roamingOff
01-04 23:52:30.315  4446  4446 D SubscriptionController: [getSubId]- sSlotIdxToSubId.size == 0, return DummySubIds slotIdx=0
01-04 23:52:30.321  4446  4446 D QtiCdmaDCT: [0]isDataAllowed: not allowed due to - Attached= false - SIM not loaded - SIM not loaded and not NV subscription - defaultDataSelected= false
01-04 23:52:30.324  4446  4446 D QtiSubscriptionController: getPhoneId, received dummy subId 2147483643
01-04 23:52:30.327  4446  4446 D QtiSubscriptionController: getPhoneId, received dummy subId 2147483643
01-04 23:52:30.126     0     0 I init    : Starting service 'cs-post-boot'...
01-04 23:52:30.132     0     0 E init    : cannot find '/system/bin/qrngp', disabling 'qrngp'
01-04 23:52:30.139     0     0 I init    : Starting service 'svc_logger'...
01-04 23:52:30.330  4446  4446 D SubscriptionController: [getSubId]- sSlotIdxToSubId.size == 0, return DummySubIds slotIdx=0
01-04 23:52:30.332  1755  3843 I am_proc_bound: [0,4828,com.android.bluetooth]
01-04 23:52:30.337  4446  4782 D SubscriptionController: [getPhoneId]- invalid subId return=-1
01-04 23:52:30.354  4446  4446 D QtiCdmaDCT: [0]isDataAllowed: not allowed due to - Attached= false - SIM not loaded - SIM not loaded and not NV subscription - defaultDataSelected= false
01-04 23:52:30.358  4446  4446 D QtiSubscriptionController: getPhoneId, received dummy subId 2147483643
01-04 23:52:30.161     0     0 I init    : Service 'qti-testscripts' (pid 4841) exited with status 0
01-04 23:52:30.362  4446  4446 D QtiSubscriptionController: getPhoneId, received dummy subId 2147483643
01-04 23:52:30.365  4446  4446 D SubscriptionController: [getSubId]- sSlotIdxToSubId.size == 0, return DummySubIds slotIdx=0
01-04 23:52:30.369  4446  4446 D QtiCdmaDCT: [0]isDataAllowed: not allowed due to - Attached= false - SIM not loaded - SIM not loaded and not NV subscription - defaultDataSelected= false
01-04 23:52:30.371  4446  4446 D QtiSubscriptionController: getPhoneId, received dummy subId 2147483643
01-04 23:52:30.374  4446  4446 D QtiSubscriptionController: getPhoneId, received dummy subId 2147483643
01-04 23:52:30.379  4446  4446 D SubscriptionController: [getSubId]- sSlotIdxToSubId.size == 0, return DummySubIds slotIdx=0
01-04 23:52:30.389  4446  4446 D QtiCdmaDCT: [0]isDataAllowed: not allowed due to - Attached= false - SIM not loaded - SIM not loaded and not NV subscription - defaultDataSelected= false
01-04 23:52:30.400  4446  4446 D QtiSubscriptionController: getPhoneId, received dummy subId 2147483643
01-04 23:52:30.403  4446  4446 D QtiSubscriptionController: getPhoneId, received dummy subId 2147483643
01-04 23:52:30.407  4446  4446 D SubscriptionController: [getSubId]- sSlotIdxToSubId.size == 0, return DummySubIds slotIdx=0
01-04 23:52:30.410  4446  4446 D QtiCdmaDCT: [0]isDataAllowed: not allowed due to - Attached= false - SIM not loaded - SIM not loaded and not NV subscription - defaultDataSelected= false
01-04 23:52:30.414  4446  4446 D QtiSubscriptionController: getPhoneId, received dummy subId 2147483643
01-04 23:52:30.416  4446  4446 D QtiSubscriptionController: getPhoneId, received dummy subId 2147483643
01-04 23:52:30.418  4446  4446 D SubscriptionController: [getSubId]- sSlotIdxToSubId.size == 0, return DummySubIds slotIdx=0
01-04 23:52:30.425  4446  4446 D QtiSubscriptionController: getPhoneId, received dummy subId 2147483643
01-04 23:52:30.427  4446  4446 D QtiSubscriptionController: getPhoneId, received dummy subId 2147483643
01-04 23:52:30.429  4446  4446 D SubscriptionController: [getSubId]- sSlotIdxToSubId.size == 0, return DummySubIds slotIdx=0
01-04 23:52:30.430  1755  1908 I dvm_lock_sample: [system_server,1,android.ui,82,NetworkPolicyManagerService.java,535,Object.java,-2,16]
01-04 23:52:30.237     0     0 I         : Adding 524284k swap on /dev/block/zram0.  Priority:-1 extents:1 across:524284k SS
01-04 23:52:30.434  4446  4446 D QtiCdmaDCT: [0]isDataAllowed: not allowed due to - Attached= false - SIM not loaded - SIM not loaded and not NV subscription - defaultDataSelected= false
01-04 23:52:30.436  4446  4446 D QtiSubscriptionController: getPhoneId, received dummy subId 2147483643
01-04 23:52:30.439  4446  4446 D QtiSubscriptionController: getPhoneId, received dummy subId 2147483643
01-04 23:52:30.442  4446  4446 D SubscriptionController: [getSubId]- sSlotIdxToSubId.size == 0, return DummySubIds slotIdx=0
01-04 23:52:30.448  4446  4446 D QtiCdmaDCT: [0]isDataAllowed: not allowed due to - Attached= false - SIM not loaded - SIM not loaded and not NV subscription - defaultDataSelected= false
01-04 23:52:30.450  4446  4446 D QtiSubscriptionController: getPhoneId, received dummy subId 2147483643
01-04 23:52:30.253     0     0 I init    : Service 'config-zram' (pid 4843) exited with status 0
01-04 23:52:30.452  4446  4446 D QtiSubscriptionController: getPhoneId, received dummy subId 2147483643
01-04 23:52:30.454  4446  4446 D SubscriptionController: [getSubId]- sSlotIdxToSubId.size == 0, return DummySubIds slotIdx=0
01-04 23:52:30.260     0     0 I init    : Service 'cs-post-boot' (pid 4846) exited with status 0
01-04 23:52:30.457  4446  4446 D QtiCdmaDCT: [0]isDataAllowed: not allowed due to - Attached= false - SIM not loaded - SIM not loaded and not NV subscription - defaultDataSelected= false
01-04 23:52:30.459  4446  4446 D QtiSubscriptionController: getPhoneId, received dummy subId 2147483643
01-04 23:52:30.461  4446  4446 D QtiSubscriptionController: getPhoneId, received dummy subId 2147483643
01-04 23:52:30.463  4446  4446 D QtiCdmaDCT: [0]QtiDcTracker handleMessage msg={ when=-1s222ms what=270377 obj=android.os.AsyncResult@94ae815 target=com.qti.internal.telephony.dataconnection.QtiDcTracker }
01-04 23:52:30.463  4446  4446 D QtiCdmaDCT: [0]handleMessage msg={ when=-1s223ms what=270377 obj=android.os.AsyncResult@94ae815 target=com.qti.internal.telephony.dataconnection.QtiDcTracker }
01-04 23:52:30.463  4446  4446 D QtiCdmaDCT: [0]updateSimRecords: newSimRecords = null
01-04 23:52:30.463  4446  4446 D QtiCdmaDCT: [0]onUpdateIcc: newIccRecords null
01-04 23:52:30.464  4446  4446 D QtiCdmaDCT: [0]setupDataOnConnectableApns: nwTypeChanged
01-04 23:52:30.464  4446  4446 D QtiCdmaDCT: [0]setupDataOnConnectableApns: apnContext {mApnType=emergency mState=IDLE mWaitingApns={null} mWaitingApnsPermanentFailureCountDown=0 mApnSetting={null} mReason=radioTurnedOff mDataEnabled=false mDependencyMet=true}
01-04 23:52:30.464  4446  4446 D QtiCdmaDCT: [0]setupDataOnConnectableApns: apnContext {mApnType=mms mState=IDLE mWaitingApns={null} mWaitingApnsPermanentFailureCountDown=0 mApnSetting={null} mReason=radioTurnedOff mDataEnabled=false mDependencyMet=true}
01-04 23:52:30.464  4446  4446 D QtiCdmaDCT: [0]setupDataOnConnectableApns: apnContext {mApnType=supl mState=IDLE mWaitingApns={null} mWaitingApnsPermanentFailureCountDown=0 mApnSetting={null} mReason=radioTurnedOff mDataEnabled=false mDependencyMet=true}
01-04 23:52:30.464  4446  4446 D QtiCdmaDCT: [0]setupDataOnConnectableApns: apnContext {mApnType=hipri mState=IDLE mWaitingApns={null} mWaitingApnsPermanentFailureCountDown=0 mApnSetting={null} mReason=radioTurnedOff mDataEnabled=false mDependencyMet=true}
01-04 23:52:30.464  4446  4446 D QtiCdmaDCT: [0]setupDataOnConnectableApns: apnContext {mApnType=dun mState=IDLE mWaitingApns={null} mWaitingApnsPermanentFailureCountDown=0 mApnSetting={null} mReason=radioTurnedOff mDataEnabled=false mDependencyMet=true}
01-04 23:52:30.464  4446  4446 D QtiCdmaDCT: [0]setupDataOnConnectableApns: apnContext {mApnType=fota mState=IDLE mWaitingApns={null} mWaitingApnsPermanentFailureCountDown=0 mApnSetting={null} mReason=radioTurnedOff mDataEnabled=false mDependencyMet=true}
01-04 23:52:30.465  4446  4446 D QtiCdmaDCT: [0]setupDataOnConnectableApns: apnContext {mApnType=ims mState=IDLE mWaitingApns={null} mWaitingApnsPermanentFailureCountDown=0 mApnSetting={null} mReason=radioTurnedOff mDataEnabled=false mDependencyMet=true}
01-04 23:52:30.465  4446  4446 D QtiCdmaDCT: [0]setupDataOnConnectableApns: apnContext {mApnType=default mState=IDLE mWaitingApns={null} mWaitingApnsPermanentFailureCountDown=0 mApnSetting={null} mReason=radioTurnedOff mDataEnabled=false mDependencyMet=true}
01-04 23:52:30.465  4446  4446 D QtiCdmaDCT: [0]setupDataOnConnectableApns: apnContext {mApnType=cbs mState=IDLE mWaitingApns={null} mWaitingApnsPermanentFailureCountDown=0 mApnSetting={null} mReason=radioTurnedOff mDataEnabled=false mDependencyMet=true}
01-04 23:52:30.465  4446  4446 D QtiCdmaDCT: [0]QtiDcTracker handleMessage msg={ when=-1s225ms what=270357 target=com.qti.internal.telephony.dataconnection.QtiDcTracker }
01-04 23:52:30.465  4446  4446 D QtiCdmaDCT: [0]handleMessage msg={ when=-1s225ms what=270357 target=com.qti.internal.telephony.dataconnection.QtiDcTracker }
01-04 23:52:30.465  4446  4446 D QtiCdmaDCT: [0]updateSimRecords: newSimRecords = null
01-04 23:52:30.465  4446  4446 D QtiCdmaDCT: [0]onUpdateIcc: newIccRecords null
01-04 23:52:30.465  4446  4446 D QtiCdmaDCT: [0]setupDataOnConnectableApns: nwTypeChanged
01-04 23:52:30.466  4446  4446 D QtiCdmaDCT: [0]setupDataOnConnectableApns: apnContext {mApnType=emergency mState=IDLE mWaitingApns={null} mWaitingApnsPermanentFailureCountDown=0 mApnSetting={null} mReason=radioTurnedOff mDataEnabled=false mDependencyMet=true}
01-04 23:52:30.466  4446  4446 D QtiCdmaDCT: [0]setupDataOnConnectableApns: apnContext {mApnType=mms mState=IDLE mWaitingApns={null} mWaitingApnsPermanentFailureCountDown=0 mApnSetting={null} mReason=radioTurnedOff mDataEnabled=false mDependencyMet=true}
01-04 23:52:30.466  4446  4446 D QtiCdmaDCT: [0]setupDataOnConnectableApns: apnContext {mApnType=supl mState=IDLE mWaitingApns={null} mWaitingApnsPermanentFailureCountDown=0 mApnSetting={null} mReason=radioTurnedOff mDataEnabled=false mDependencyMet=true}
01-04 23:52:30.466  4446  4446 D QtiCdmaDCT: [0]setupDataOnConnectableApns: apnContext {mApnType=hipri mState=IDLE mWaitingApns={null} mWaitingApnsPermanentFailureCountDown=0 mApnSetting={null} mReason=radioTurnedOff mDataEnabled=false mDependencyMet=true}
01-04 23:52:30.466  4446  4446 D QtiCdmaDCT: [0]setupDataOnConnectableApns: apnContext {mApnType=dun mState=IDLE mWaitingApns={null} mWaitingApnsPermanentFailureCountDown=0 mApnSetting={null} mReason=radioTurnedOff mDataEnabled=false mDependencyMet=true}
01-04 23:52:30.466  4446  4446 D QtiCdmaDCT: [0]setupDataOnConnectableApns: apnContext {mApnType=fota mState=IDLE mWaitingApns={null} mWaitingApnsPermanentFailureCountDown=0 mApnSetting={null} mReason=radioTurnedOff mDataEnabled=false mDependencyMet=true}
01-04 23:52:30.466  4446  4446 D QtiCdmaDCT: [0]setupDataOnConnectableApns: apnContext {mApnType=ims mState=IDLE mWaitingApns={null} mWaitingApnsPermanentFailureCountDown=0 mApnSetting={null} mReason=radioTurnedOff mDataEnabled=false mDependencyMet=true}
01-04 23:52:30.466  4446  4446 D QtiCdmaDCT: [0]setupDataOnConnectableApns: apnContext {mApnType=default mState=IDLE mWaitingApns={null} mWaitingApnsPermanentFailureCountDown=0 mApnSetting={null} mReason=radioTurnedOff mDataEnabled=false mDependencyMet=true}
01-04 23:52:30.466  4446  4446 D QtiCdmaDCT: [0]setupDataOnConnectableApns: apnContext {mApnType=cbs mState=IDLE mWaitingApns={null} mWaitingApnsPermanentFailureCountDown=0 mApnSetting={null} mReason=radioTurnedOff mDataEnabled=false mDependencyMet=true}
01-04 23:52:30.467  4446  4446 D RILJ    : [3665]> RIL_REQUEST_VOICE_RADIO_TECH [SUB0]
01-04 23:52:30.469  4446  4446 D SubscriptionController: [getSubId]- sSlotIdxToSubId.size == 0, return DummySubIds slotIdx=0
01-04 23:52:30.469  4446  4446 D GsmSMSDispatcher: GsmSMSDispatcher: subId = 2147483643 slotId = 0
01-04 23:52:30.470  4446  4446 E IccCardProxy: setExternalState: !override and newstate unchanged from NOT_READY
01-04 23:52:30.470  4446  4446 E IccCardProxy: setExternalState: !override and newstate unchanged from NOT_READY
01-04 23:52:30.278     0     0 I msm_thermal: store_cc_enabled Core control disabled
01-04 23:52:30.280     0     0 I mode_store: bcl disabled
01-04 23:52:30.475  4446  4446 D QtiDctController: EVENT_PHONE1_DATA_DETACH.
01-04 23:52:30.476  4446  4446 D SubscriptionController: [getSubId]- sSlotIdxToSubId.size == 0, return DummySubIds slotIdx=0
01-04 23:52:30.476  4446  4446 D QtiDctController: [TNF 2147483643]got request NetworkRequest [ id=1, legacyType=-1, [ Capabilities: INTERNET&NOT_RESTRICTED&TRUSTED&NOT_VPN] ] with score 0
01-04 23:52:30.477  4446  4749 D DcSwitchSM: [DcSwitchStateMachine-0] DefaultState: shouldn't happen but ignore msg.what=0x44008
01-04 23:52:30.480  4446  4446 D SubscriptionController: [getSubId]- sSlotIdxToSubId.size == 0, return DummySubIds slotIdx=0
01-04 23:52:30.481  4446  4446 D QtiDctController: [TNF 2147483643]Cellular needs Network for NetworkRequest [ id=1, legacyType=-1, [ Capabilities: INTERNET&NOT_RESTRICTED&TRUSTED&NOT_VPN] ]
01-04 23:52:30.481  4446  4446 D SubscriptionController: [getSubId]- sSlotIdxToSubId.size == 0, return DummySubIds slotIdx=0
01-04 23:52:30.481  4446  4586 D RILJ    : [3665]< RIL_REQUEST_VOICE_RADIO_TECH {4} [SUB0]
01-04 23:52:30.482  4446  4446 D SubscriptionController: [getPhoneId]- invalid subId return=-1
01-04 23:52:30.482  4446  4446 D QtiDctController: requestNetwork request=NetworkRequest [ id=1, legacyType=-1, [ Capabilities: INTERNET&NOT_RESTRICTED&TRUSTED&NOT_VPN] ], priority=0
01-04 23:52:30.483  4446  4446 D QtiDctController: processRequests
01-04 23:52:30.483  4446  4446 D SubscriptionInfoUpdater: [Receiver]+
01-04 23:52:30.483  4446  4446 D SubscriptionInfoUpdater: Action: android.intent.action.SIM_STATE_CHANGED
01-04 23:52:30.483  4446  4446 D SubscriptionInfoUpdater: slotId: 0
01-04 23:52:30.484  4446  4446 D SubscriptionInfoUpdater: simStatus: NOT_READY
01-04 23:52:30.484  4446  4446 D SubscriptionInfoUpdater: Ignoring simStatus: NOT_READY
01-04 23:52:30.484  4446  4446 D SubscriptionInfoUpdater: [Receiver]-
01-04 23:52:30.484  4446  4446 E UiccCardProvisioner: Error: Invalid card index EVENT_ICC_CHANGED 
01-04 23:52:30.485  4446  4446 D QtiRilInterface: Service ready, notifying registrants
01-04 23:52:30.486  4446  4446 D QtiRadioCapabilityController: processRadioAvailable on phoneId = 0
01-04 23:52:30.486  4446  4446 D RILJ    : [3666]> RIL_REQUEST_GET_RADIO_CAPABILITY [SUB0]
01-04 23:52:30.489  4446  4446 D DebugService: DebugService DebugService:
01-04 23:52:30.491  4446  4586 D RILJ    : responseRadioCapability: version= 0, session=0, phase=0, rat=16392, logicModemUuid=0, status=1 [SUB0]
01-04 23:52:30.491  4446  4586 D RILJ    : [3666]< RIL_REQUEST_GET_RADIO_CAPABILITY {mPhoneId = 0 mVersion=1 mSession=0 mPhase=0 mRadioAccessFamily=16392 mLogicModemId=0 mStatus=1} [SUB0]
01-04 23:52:30.294     0     0 I hotplug_mask_store: bcl hotplug mask updated to 0
01-04 23:52:30.303     0     0 I hotplug_soc_mask_store: bcl soc hotplug mask updated to 0
01-04 23:52:30.306     0     0 I mode_store: bcl enabled
01-04 23:52:30.506  4446  4446 D SipService: SipService: started!
01-04 23:52:30.523  4446  4446 D SipService: start:
01-04 23:52:30.542  4446  4446 D RILJ    : [3667]> RIL_REQUEST_QUERY_TTY_MODE [SUB0]
01-04 23:52:30.543  4446  4446 D UiccController: Received EVENT_GET_ICC_STATUS_DONE
01-04 23:52:30.544  4446  4446 D UiccCard: 0 applications
01-04 23:52:30.544  4446  4446 D UiccCard: Before privilege rules: null : CARDSTATE_ABSENT
01-04 23:52:30.545  4446  4446 D UiccCard: update: radioState=RADIO_ON mLastRadioState=RADIO_UNAVAILABLE
01-04 23:52:30.545  4446  4446 D UiccController: Notifying IccChangedRegistrants
01-04 23:52:30.545  4446  4446 D QtiCDMALTEPhone:  handleMessage: EVENT:  34
01-04 23:52:30.545  4446  4446 D PhoneBase: EVENT_UNSOL_OEM_HOOK_RAW data=514f454d484f4f4bf2030800040000000050c011
01-04 23:52:30.546  4446  4446 D SubscriptionController: [getSubId]- sSlotIdxToSubId.size == 0, return DummySubIds slotIdx=0
01-04 23:52:30.548  4446  4446 D QtiCDMALTEPhone:  handleMessage: EVENT:  34
01-04 23:52:30.548  4446  4446 D PhoneBase: EVENT_UNSOL_OEM_HOOK_RAW data=514f454d484f4f4bf2030800040000000050c011
01-04 23:52:30.548  4446  4446 D SubscriptionController: [getSubId]- sSlotIdxToSubId.size == 0, return DummySubIds slotIdx=0
01-04 23:52:30.550  4446  4446 D CdmaSST : [CdmaLteSST] SubscriptionListener.onSubscriptionInfoChanged
01-04 23:52:30.550  4446  4446 D SubscriptionController: [getSubId]- sSlotIdxToSubId.size == 0, return DummySubIds slotIdx=0
01-04 23:52:30.550  4446  4446 D QtiCdmaDCT: [0]SubscriptionListener.onSubscriptionInfoChanged
01-04 23:52:30.551  4446  4446 D SubscriptionController: [getSubId]- sSlotIdxToSubId.size == 0, return DummySubIds slotIdx=0
01-04 23:52:30.553  4446  4586 D RILJ    : [3667]< RIL_REQUEST_QUERY_TTY_MODE {0} [SUB0]
01-04 23:52:30.553  4446  4446 D CdmaSST : [CdmaLteSST] handleMessage: 30
01-04 23:52:30.556  4446  4446 D RILJ    : [3668]> OPERATOR [SUB0]
01-04 23:52:30.559  4446  4446 D RILJ    : [3669]> VOICE_REGISTRATION_STATE [SUB0]
01-04 23:52:30.562  4446  4446 D RILJ    : [3670]> DATA_REGISTRATION_STATE [SUB0]
01-04 23:52:30.564  4446  4446 D CdmaSST : [CdmaLteSST] handleMessage: 12
01-04 23:52:30.565  4446  4446 D SubscriptionController: [getSubId]- sSlotIdxToSubId.size == 0, return DummySubIds slotIdx=0
01-04 23:52:30.565  4446  4446 D DefaultPhoneNotifier: notifySignalStrength: mRegistry=com.android.internal.telephony.ITelephonyRegistry$Stub$Proxy@523ca5d ss=SignalStrength: 99 0 -120 -160 -120 -1 -1 99 2147483647 2147483647 2147483647 2147483647 2147483647 cdma sender=Handler (com.qti.internal.telephony.cdma.QtiCDMALTEPhone) {29f2b7a}
01-04 23:52:30.566  4446  4586 D RILJ    : [3668]< OPERATOR {null, null, null} [SUB0]
01-04 23:52:30.569  4446  4446 D QtiSubscriptionController: getPhoneId, received dummy subId 2147483643
01-04 23:52:30.571  4446  4446 D SubscriptionController: [getSubId]- sSlotIdxToSubId.size == 0, return DummySubIds slotIdx=0
01-04 23:52:30.572   567  4907 I RILQ    : (0/567):RIL[0][cmd-20(512)] qcril_qmi_nas_reset_data_snapshot_cache_and_timer: Resetting snapshot timer
01-04 23:52:30.577  4446  4446 D QtiSubscriptionController: getPhoneId, received dummy subId 2147483643
01-04 23:52:30.578   567  4910 I RILQ    : (0/567):RIL[0][cmd-21(992)] qcril_qmi_nas_reset_data_snapshot_cache_and_timer: Resetting snapshot timer
01-04 23:52:30.578  4446  4586 D RILJ    : [3669]< VOICE_REGISTRATION_STATE {2, null, null, 0, null, null, null, 0, null, null, null, null, null, 0, null} [SUB0]
01-04 23:52:30.585  4446  4446 D SubscriptionController: [getActiveSubInfoList]+
01-04 23:52:30.588  4446  4586 D RILJ    : [3670]< DATA_REGISTRATION_STATE {2, null, null, null, 0, 20, null, null, null, null, null} [SUB0]
01-04 23:52:30.588  4446  4446 D SubscriptionController: [getActiveSubInfoList] Sub Controller not ready
01-04 23:52:30.599  4446  4446 D SubscriptionController: [getSubId]- sSlotIdxToSubId.size == 0, return DummySubIds slotIdx=0
01-04 23:52:30.600  4446  4446 D SubscriptionController: [getSubId]- sSlotIdxToSubId.size == 0, return DummySubIds slotIdx=0
01-04 23:52:30.602  4446  4446 D SubscriptionController: [getSubId]- sSlotIdxToSubId.size == 0, return DummySubIds slotIdx=0
01-04 23:52:30.606  4446  4446 D QtiSubscriptionController: getPhoneId, received dummy subId 2147483643
01-04 23:52:30.609  4446  4446 D QtiSubscriptionController: getPhoneId, received dummy subId 2147483643
01-04 23:52:30.615  4446  4446 D SubscriptionController: [getActiveSubInfoList]+
01-04 23:52:30.618  4446  4446 D SubscriptionController: [getActiveSubInfoList] Sub Controller not ready
01-04 23:52:30.619  4446  4446 D SubscriptionController: [getActiveSubInfoForSubscriber]- subId=2147483643 subList=null subInfo=null
01-04 23:52:30.621  4446  4446 D QtiSubscriptionController: getPhoneId, received dummy subId 2147483643
01-04 23:52:30.621  4446  4446 D SubscriptionController: [getSubId]- sSlotIdxToSubId.size == 0, return DummySubIds slotIdx=0
01-04 23:52:30.623  4446  4446 D QtiSubscriptionController: getPhoneId, received dummy subId 2147483643
01-04 23:52:30.624  4446  4446 D SubscriptionController: [getSubId]- sSlotIdxToSubId.size == 0, return DummySubIds slotIdx=0
01-04 23:52:30.629  4446  4446 D QtiSubscriptionController: getPhoneId, received dummy subId 2147483643
01-04 23:52:30.630  4446  4446 D SubscriptionController: [getSubId]- sSlotIdxToSubId.size == 0, return DummySubIds slotIdx=0
01-04 23:52:30.637  4446  4446 D QtiSubscriptionController: getPhoneId, received dummy subId 2147483643
01-04 23:52:30.435     0     0 W core_ctl: module license 'BSD' taints kernel.
01-04 23:52:30.448     0     0 I core_ctl: Creating CPU group 0
01-04 23:52:30.448     0     0 I core_ctl: Init CPU0 state
01-04 23:52:30.448     0     0 I core_ctl: Init CPU1 state
01-04 23:52:30.448     0     0 I core_ctl: Init CPU2 state
01-04 23:52:30.448     0     0 I core_ctl: Init CPU3 state
01-04 23:52:30.449     0     0 I core_ctl: Creating CPU group 4
01-04 23:52:30.449     0     0 I core_ctl: Init CPU4 state
01-04 23:52:30.449     0     0 I core_ctl: Init CPU5 state
01-04 23:52:30.457     0     0 I msm_thermal: store_cc_enabled Core control enabled
01-04 23:52:30.460     0     0 I mode_store: bcl disabled
01-04 23:52:30.467     0     0 I hotplug_mask_store: bcl hotplug mask updated to 48
01-04 23:52:30.468     0     0 I hotplug_soc_mask_store: bcl soc hotplug mask updated to 48
01-04 23:52:30.472     0     0 I mode_store: bcl enabled
01-04 23:52:30.714   567   840 I RILQ    : (0/567):RIL[0][event] qcril_qmi_nas_reset_data_snapshot_cache_and_timer: Resetting snapshot timer
01-04 23:52:30.723  4446  4586 V RILJ    : [UNSL]< UNSOL_OEM_HOOK_RAW 514f454d484f4f4bef0308000100000003 [SUB0]
01-04 23:52:30.733   567   840 I RILQ    : (0/567):RIL[0][event] qcril_qmi_nas_reset_data_snapshot_cache_and_timer: Resetting snapshot timer
01-04 23:52:30.734   567   840 I RILQ    : (0/567):RIL[0][event] qcril_qmi_nas_reset_data_snapshot_cache_and_timer: Resetting snapshot timer
01-04 23:52:30.734   567   840 E RILQ    : (0/567): RIL[0][event] qcril_qmi_nas_report_restricted_details: .. reporting 2
01-04 23:52:30.735  4446  4586 V RILJ    : [UNSL]< UNSOL_RESTRICTED_STATE_CHANGED {2} [SUB0]
01-04 23:52:30.735  4446  4586 D RILJ    : [UNSL]< UNSOL_RESPONSE_VOICE_NETWORK_STATE_CHANGED [SUB0]
01-04 23:52:30.736  4446  4586 D RILJ    : [UNSL]< UNSOL_VOICE_RADIO_TECH_CHANGED {3} [SUB0]
01-04 23:52:30.744   567   840 I RILQ    : (0/567):RIL[0][event] qcril_qmi_nas_evaluate_custom_emergency_numbers_for_card: cur_status 16384, card_state 9
01-04 23:52:30.748   567   840 E RILQ    : (0/567): RIL[0][event] get_ecc_property_name: ecc list name : ril.ecclist.
01-04 23:52:30.751   567   840 I RILQ    : (0/567):RIL[0][event] qcril_qmi_nas_reset_data_snapshot_cache_and_timer: Resetting snapshot timer
01-04 23:52:30.753  4446  4586 V RILJ    : [UNSL]< UNSOL_OEM_HOOK_RAW 514f454d484f4f4bef0308000100000003 [SUB0]
01-04 23:52:30.753   567   840 I RILQ    : (0/567):RIL[0][event] qcril_qmi_nas_evaluate_custom_emergency_numbers_for_card: cur_status 57344, card_state 9
01-04 23:52:30.753  4446  4586 D RILJ    : [UNSL]< UNSOL_RESPONSE_VOICE_NETWORK_STATE_CHANGED [SUB0]
01-04 23:52:30.755   567   840 E RILQ    : (0/567): RIL[0][event] get_ecc_property_name: ecc list name : ril.ecclist.
01-04 23:52:30.759   567   840 I RILQ    : (0/567):RIL[0][event] qcril_qmi_nas_evaluate_custom_emergency_numbers_for_card: cur_status 57344, card_state 9
01-04 23:52:30.760   567   840 E RILQ    : (0/567): RIL[0][event] get_ecc_property_name: ecc list name : ril.ecclist.
01-04 23:52:30.794  4446  4446 D CdmaSST : [CdmaLteSST] handleMessage: 1
01-04 23:52:30.794  4446  4446 D CdmaSSM : getcdmasubscriptionSource: 0
01-04 23:52:30.794  4446  4446 D CdmaSST : [CdmaLteSST] Subscription Source : 0
01-04 23:52:30.794  4446  4446 D CdmaSST : [CdmaLteSST] isFromRuim: true
01-04 23:52:30.794  4446  4446 D CdmaSST : [CdmaLteSST] Storing cdma subscription source: 0
01-04 23:52:30.795  4446  4446 D CdmaSST : [CdmaLteSST] Read from settings: 0
01-04 23:52:30.795  4446  4446 D CdmaSST : [CdmaLteSST] registerForRuimEvents
01-04 23:52:30.796  4446  4446 D RILJ    : [3671]> OPERATOR [SUB0]
01-04 23:52:30.798  4446  4446 D RILJ    : [3672]> VOICE_REGISTRATION_STATE [SUB0]
01-04 23:52:30.799  4446  4446 D RILJ    : [3673]> DATA_REGISTRATION_STATE [SUB0]
01-04 23:52:30.801  4446  4446 D RILJ    : [3674]> RIL_REQUEST_CDMA_GET_SUBSCRIPTION_SOURCE [SUB0]
01-04 23:52:30.803  4446  4586 D RILJ    : [3672]< VOICE_REGISTRATION_STATE {13, null, null, 0, null, null, null, 0, null, null, null, null, null, 0, 15a} [SUB0]
01-04 23:52:30.804  4446  4446 D RILJ    : [3675]> GET_CURRENT_CALLS [SUB0]
