01-04 23:56:12.604  4446  4446 D SubscriptionController: [getSubId]- sSlotIdxToSubId.size == 0, return DummySubIds slotIdx=0
01-04 23:56:12.604  4446  4446 D DefaultPhoneNotifier: notifySignalStrength: mRegistry=com.android.internal.telephony.ITelephonyRegistry$Stub$Proxy@523ca5d ss=SignalStrength: 0 0 -120 -160 -120 0 -1 0 2147483647 2147483647 0 0 2147483647 gsm|lte sender=Handler (com.qti.internal.telephony.gsm.QtiGSMPhone) {978dd19}
01-04 23:56:12.611  4446  4446 D QtiSubscriptionController: getPhoneId, received dummy subId 2147483643
01-04 23:56:32.620  4446  4446 D RILJ    : [3705]> SIGNAL_STRENGTH [SUB0]
01-04 23:56:32.633  4446  4586 D RILJ    : [3705]< SIGNAL_STRENGTH SignalStrength: 0 0 0 0 0 0 0 0 0 0 0 0 0 gsm|lte [SUB0]
01-04 23:56:32.634  4446  4446 D SubscriptionController: [getSubId]- sSlotIdxToSubId.size == 0, return DummySubIds slotIdx=0
01-04 23:56:32.634  4446  4446 D DefaultPhoneNotifier: notifySignalStrength: mRegistry=com.android.internal.telephony.ITelephonyRegistry$Stub$Proxy@523ca5d ss=SignalStrength: 0 0 -120 -160 -120 0 -1 0 2147483647 2147483647 0 0 2147483647 gsm|lte sender=Handler (com.qti.internal.telephony.gsm.QtiGSMPhone) {978dd19}
01-04 23:56:32.646  4446  4446 D QtiSubscriptionController: getPhoneId, received dummy subId 2147483643
01-04 23:56:33.502  1755  4374 I battery_level: [43,3651,577]
01-08 23:48:24.858  5006  5006 I auditd  : type=1400 audit(0.0:18): avc: denied { kill } for comm="perfd" capability=5 scontext=u:r:perfd:s0 tcontext=u:r:perfd:s0 tclass=capability permissive=0
01-04 23:56:52.657  4446  4446 D RILJ    : [3706]> SIGNAL_STRENGTH [SUB0]
01-04 23:56:52.667  4446  4586 D RILJ    : [3706]< SIGNAL_STRENGTH SignalStrength: 0 0 0 0 0 0 0 0 0 0 0 0 0 gsm|lte [SUB0]
01-04 23:56:52.667  4446  4446 D SubscriptionController: [getSubId]- sSlotIdxToSubId.size == 0, return DummySubIds slotIdx=0
01-04 23:56:52.667  4446  4446 D DefaultPhoneNotifier: notifySignalStrength: mRegistry=com.android.internal.telephony.ITelephonyRegistry$Stub$Proxy@523ca5d ss=SignalStrength: 0 0 -120 -160 -120 0 -1 0 2147483647 2147483647 0 0 2147483647 gsm|lte sender=Handler (com.qti.internal.telephony.gsm.QtiGSMPhone) {978dd19}
01-04 23:56:52.671  4446  4446 D QtiSubscriptionController: getPhoneId, received dummy subId 2147483643
01-04 23:56:59.385  4461  4961 I dvm_lock_sample: [com.askey.dvr.cdr6012.recorder,0,e,22,,-1,-,-1,4]
01-04 23:57:00.156  1755  1904 I am_pss  : [4461,1000,com.askey.dvr.cdr6012.recorder,47342592,36323328]
01-04 23:57:12.680  4446  4446 D RILJ    : [3707]> SIGNAL_STRENGTH [SUB0]
01-04 23:57:12.689  4446  4586 D RILJ    : [3707]< SIGNAL_STRENGTH SignalStrength: 0 0 0 0 0 0 0 0 0 0 0 0 0 gsm|lte [SUB0]
01-04 23:57:12.691  4446  4446 D SubscriptionController: [getSubId]- sSlotIdxToSubId.size == 0, return DummySubIds slotIdx=0
01-04 23:57:12.692  4446  4446 D DefaultPhoneNotifier: notifySignalStrength: mRegistry=com.android.internal.telephony.ITelephonyRegistry$Stub$Proxy@523ca5d ss=SignalStrength: 0 0 -120 -160 -120 0 -1 0 2147483647 2147483647 0 0 2147483647 gsm|lte sender=Handler (com.qti.internal.telephony.gsm.QtiGSMPhone) {978dd19}
01-04 23:57:12.703  4446  4446 D QtiSubscriptionController: getPhoneId, received dummy subId 2147483643
01-04 23:57:13.575  1755  4459 I battery_level: [42,3649,580]
01-04 23:57:32.707  4446  4446 D RILJ    : [3708]> SIGNAL_STRENGTH [SUB0]
01-04 23:57:32.715  4446  4586 D RILJ    : [3708]< SIGNAL_STRENGTH SignalStrength: 0 0 0 0 0 0 0 0 0 0 0 0 0 gsm|lte [SUB0]
01-04 23:57:32.718  4446  4446 D SubscriptionController: [getSubId]- sSlotIdxToSubId.size == 0, return DummySubIds slotIdx=0
01-04 23:57:32.719  4446  4446 D DefaultPhoneNotifier: notifySignalStrength: mRegistry=com.android.internal.telephony.ITelephonyRegistry$Stub$Proxy@523ca5d ss=SignalStrength: 0 0 -120 -160 -120 0 -1 0 2147483647 2147483647 0 0 2147483647 gsm|lte sender=Handler (com.qti.internal.telephony.gsm.QtiGSMPhone) {978dd19}
01-04 23:57:32.726  4446  4446 D QtiSubscriptionController: getPhoneId, received dummy subId 2147483643
01-08 23:49:25.028  5006  5006 I auditd  : type=1400 audit(0.0:19): avc: denied { kill } for comm="perfd" capability=5 scontext=u:r:perfd:s0 tcontext=u:r:perfd:s0 tclass=capability permissive=0
01-04 23:57:45.293  4461  4799 I dvm_lock_sample: [com.askey.dvr.cdr6012.recorder,0,Camera thread,7,MessageQueue.java,325,-,541,1]
01-04 23:57:52.750  4446  4446 D RILJ    : [3709]> SIGNAL_STRENGTH [SUB0]
01-04 23:57:52.758  4446  4586 D RILJ    : [3709]< SIGNAL_STRENGTH SignalStrength: 0 0 0 0 0 0 0 0 0 0 0 0 0 gsm|lte [SUB0]
01-04 23:57:52.759  4446  4446 D SubscriptionController: [getSubId]- sSlotIdxToSubId.size == 0, return DummySubIds slotIdx=0
01-04 23:57:52.759  4446  4446 D DefaultPhoneNotifier: notifySignalStrength: mRegistry=com.android.internal.telephony.ITelephonyRegistry$Stub$Proxy@523ca5d ss=SignalStrength: 0 0 -120 -160 -120 0 -1 0 2147483647 2147483647 0 0 2147483647 gsm|lte sender=Handler (com.qti.internal.telephony.gsm.QtiGSMPhone) {978dd19}
01-04 23:57:52.764  4446  4446 D QtiSubscriptionController: getPhoneId, received dummy subId 2147483643
01-04 23:58:03.893  4461  5175 I dvm_lock_sample: [com.askey.dvr.cdr6012.recorder,0,MuxerWriteThread,5,Object.java,-2,,-1,1]
01-04 23:58:12.775  4446  4446 D RILJ    : [3710]> SIGNAL_STRENGTH [SUB0]
01-04 23:58:12.784  4446  4586 D RILJ    : [3710]< SIGNAL_STRENGTH SignalStrength: 0 0 0 0 0 0 0 0 0 0 0 0 0 gsm|lte [SUB0]
01-04 23:58:12.786  4446  4446 D SubscriptionController: [getSubId]- sSlotIdxToSubId.size == 0, return DummySubIds slotIdx=0
01-04 23:58:12.786  4446  4446 D DefaultPhoneNotifier: notifySignalStrength: mRegistry=com.android.internal.telephony.ITelephonyRegistry$Stub$Proxy@523ca5d ss=SignalStrength: 0 0 -120 -160 -120 0 -1 0 2147483647 2147483647 0 0 2147483647 gsm|lte sender=Handler (com.qti.internal.telephony.gsm.QtiGSMPhone) {978dd19}
01-04 23:58:12.792  4446  4446 D QtiSubscriptionController: getPhoneId, received dummy subId 2147483643
01-04 23:58:28.694  4461  4964 I dvm_lock_sample: [com.askey.dvr.cdr6012.recorder,0,b,5,MediaCodec.java,2860,-,2802,1]
01-04 23:58:32.806  4446  4446 D RILJ    : [3711]> SIGNAL_STRENGTH [SUB0]
01-04 23:58:32.811  4446  4586 D RILJ    : [3711]< SIGNAL_STRENGTH SignalStrength: 0 0 0 0 0 0 0 0 0 0 0 0 0 gsm|lte [SUB0]
01-04 23:58:32.815  4446  4446 D SubscriptionController: [getSubId]- sSlotIdxToSubId.size == 0, return DummySubIds slotIdx=0
01-04 23:58:32.816  4446  4446 D DefaultPhoneNotifier: notifySignalStrength: mRegistry=com.android.internal.telephony.ITelephonyRegistry$Stub$Proxy@523ca5d ss=SignalStrength: 0 0 -120 -160 -120 0 -1 0 2147483647 2147483647 0 0 2147483647 gsm|lte sender=Handler (com.qti.internal.telephony.gsm.QtiGSMPhone) {978dd19}
01-04 23:58:32.819  4446  4446 D QtiSubscriptionController: getPhoneId, received dummy subId 2147483643
01-04 23:58:33.740  1755  4441 I battery_level: [41,3639,585]
01-08 23:50:25.998  5006  5006 I auditd  : type=1400 audit(0.0:20): avc: denied { kill } for comm="perfd" capability=5 scontext=u:r:perfd:s0 tcontext=u:r:perfd:s0 tclass=capability permissive=0
01-04 23:58:35.871     0     0 I msm_vidc: info: Opening video instance: ffffffc040564300, 1
01-04 23:58:52.842  4446  4446 D RILJ    : [3712]> SIGNAL_STRENGTH [SUB0]
01-04 23:58:52.849  4446  4586 D RILJ    : [3712]< SIGNAL_STRENGTH SignalStrength: 0 0 0 0 0 0 0 0 0 0 0 0 0 gsm|lte [SUB0]
01-04 23:58:52.850  4446  4446 D SubscriptionController: [getSubId]- sSlotIdxToSubId.size == 0, return DummySubIds slotIdx=0
01-04 23:58:52.850  4446  4446 D DefaultPhoneNotifier: notifySignalStrength: mRegistry=com.android.internal.telephony.ITelephonyRegistry$Stub$Proxy@523ca5d ss=SignalStrength: 0 0 -120 -160 -120 0 -1 0 2147483647 2147483647 0 0 2147483647 gsm|lte sender=Handler (com.qti.internal.telephony.gsm.QtiGSMPhone) {978dd19}
01-04 23:58:52.854  4446  4446 D QtiSubscriptionController: getPhoneId, received dummy subId 2147483643
01-04 23:59:00.158  1755  1904 I am_pss  : [4461,1000,com.askey.dvr.cdr6012.recorder,49933312,39231488]
01-04 23:59:12.877  4446  4446 D RILJ    : [3713]> SIGNAL_STRENGTH [SUB0]
01-04 23:59:12.884  4446  4586 D RILJ    : [3713]< SIGNAL_STRENGTH SignalStrength: 0 0 0 0 0 0 0 0 0 0 0 0 0 gsm|lte [SUB0]
01-04 23:59:12.885  4446  4446 D SubscriptionController: [getSubId]- sSlotIdxToSubId.size == 0, return DummySubIds slotIdx=0
01-04 23:59:12.885  4446  4446 D DefaultPhoneNotifier: notifySignalStrength: mRegistry=com.android.internal.telephony.ITelephonyRegistry$Stub$Proxy@523ca5d ss=SignalStrength: 0 0 -120 -160 -120 0 -1 0 2147483647 2147483647 0 0 2147483647 gsm|lte sender=Handler (com.qti.internal.telephony.gsm.QtiGSMPhone) {978dd19}
01-04 23:59:12.891  4446  4446 D QtiSubscriptionController: getPhoneId, received dummy subId 2147483643
01-04 23:59:26.888  4461  4961 I dvm_lock_sample: [com.askey.dvr.cdr6012.recorder,0,e,18,,-1,-,-1,3]
01-04 23:59:32.895  4446  4446 D RILJ    : [3714]> SIGNAL_STRENGTH [SUB0]
01-04 23:59:32.901  4446  4586 D RILJ    : [3714]< SIGNAL_STRENGTH SignalStrength: 0 0 0 0 0 0 0 0 0 0 0 0 0 gsm|lte [SUB0]
01-04 23:59:32.901  4446  4446 D SubscriptionController: [getSubId]- sSlotIdxToSubId.size == 0, return DummySubIds slotIdx=0
01-04 23:59:32.901  4446  4446 D DefaultPhoneNotifier: notifySignalStrength: mRegistry=com.android.internal.telephony.ITelephonyRegistry$Stub$Proxy@523ca5d ss=SignalStrength: 0 0 -120 -160 -120 0 -1 0 2147483647 2147483647 0 0 2147483647 gsm|lte sender=Handler (com.qti.internal.telephony.gsm.QtiGSMPhone) {978dd19}
01-04 23:59:32.904  4446  4446 D QtiSubscriptionController: getPhoneId, received dummy subId 2147483643
01-04 23:59:35.307  4461  4961 I dvm_lock_sample: [com.askey.dvr.cdr6012.recorder,0,e,7,,-1,-,-1,1]
01-08 23:51:26.828  5006  5006 I auditd  : type=1400 audit(0.0:21): avc: denied { kill } for comm="perfd" capability=5 scontext=u:r:perfd:s0 tcontext=u:r:perfd:s0 tclass=capability permissive=0
01-04 23:59:36.761     0     0 I msm_vidc: info: Closed video instance: ffffffc04053c300
01-04 23:59:52.916  4446  4446 D RILJ    : [3715]> SIGNAL_STRENGTH [SUB0]
01-04 23:59:52.921  4446  4586 D RILJ    : [3715]< SIGNAL_STRENGTH SignalStrength: 0 0 0 0 0 0 0 0 0 0 0 0 0 gsm|lte [SUB0]
01-04 23:59:52.922  4446  4446 D SubscriptionController: [getSubId]- sSlotIdxToSubId.size == 0, return DummySubIds slotIdx=0
01-04 23:59:52.922  4446  4446 D DefaultPhoneNotifier: notifySignalStrength: mRegistry=com.android.internal.telephony.ITelephonyRegistry$Stub$Proxy@523ca5d ss=SignalStrength: 0 0 -120 -160 -120 0 -1 0 2147483647 2147483647 0 0 2147483647 gsm|lte sender=Handler (com.qti.internal.telephony.gsm.QtiGSMPhone) {978dd19}
01-04 23:59:52.925  4446  4446 D QtiSubscriptionController: getPhoneId, received dummy subId 2147483643
01-05 00:00:03.918  1755  4460 I battery_level: [40,3632,587]
01-05 00:00:12.938  4446  4446 D RILJ    : [3716]> SIGNAL_STRENGTH [SUB0]
01-05 00:00:12.948  4446  4586 D RILJ    : [3716]< SIGNAL_STRENGTH SignalStrength: 0 0 0 0 0 0 0 0 0 0 0 0 0 gsm|lte [SUB0]
01-05 00:00:12.949  4446  4446 D SubscriptionController: [getSubId]- sSlotIdxToSubId.size == 0, return DummySubIds slotIdx=0
01-05 00:00:12.949  4446  4446 D DefaultPhoneNotifier: notifySignalStrength: mRegistry=com.android.internal.telephony.ITelephonyRegistry$Stub$Proxy@523ca5d ss=SignalStrength: 0 0 -120 -160 -120 0 -1 0 2147483647 2147483647 0 0 2147483647 gsm|lte sender=Handler (com.qti.internal.telephony.gsm.QtiGSMPhone) {978dd19}
01-05 00:00:12.954  4446  4446 D QtiSubscriptionController: getPhoneId, received dummy subId 2147483643
01-05 00:00:24.266  4461  4961 I dvm_lock_sample: [com.askey.dvr.cdr6012.recorder,0,e,5,,-1,-,-1,1]
01-05 00:00:32.972  4446  4446 D RILJ    : [3717]> SIGNAL_STRENGTH [SUB0]
01-05 00:00:32.978  4446  4586 D RILJ    : [3717]< SIGNAL_STRENGTH SignalStrength: 0 0 0 0 0 0 0 0 0 0 0 0 0 gsm|lte [SUB0]
01-05 00:00:32.979  4446  4446 D SubscriptionController: [getSubId]- sSlotIdxToSubId.size == 0, return DummySubIds slotIdx=0
01-05 00:00:32.979  4446  4446 D DefaultPhoneNotifier: notifySignalStrength: mRegistry=com.android.internal.telephony.ITelephonyRegistry$Stub$Proxy@523ca5d ss=SignalStrength: 0 0 -120 -160 -120 0 -1 0 2147483647 2147483647 0 0 2147483647 gsm|lte sender=Handler (com.qti.internal.telephony.gsm.QtiGSMPhone) {978dd19}
01-05 00:00:32.981  4446  4446 D QtiSubscriptionController: getPhoneId, received dummy subId 2147483643
01-08 23:52:27.408  5006  5006 I auditd  : type=1400 audit(0.0:22): avc: denied { kill } for comm="perfd" capability=5 scontext=u:r:perfd:s0 tcontext=u:r:perfd:s0 tclass=capability permissive=0
01-05 00:00:38.288     0     0 I msm_vidc: info: Opening video instance: ffffffc04053c300, 1
01-05 00:00:38.482     0     0 I msm_vidc: err: hfi_process_sess_evt_seq_changed cmd: 0x1003007 not supported
01-05 00:00:38.482     0     0 I msm_vidc: err: hfi_process_sess_evt_seq_changed cmd: 0x1003007 not supported
01-05 00:00:52.999  4446  4446 D RILJ    : [3718]> SIGNAL_STRENGTH [SUB0]
01-05 00:00:53.007  4446  4586 D RILJ    : [3718]< SIGNAL_STRENGTH SignalStrength: 0 0 0 0 0 0 0 0 0 0 0 0 0 gsm|lte [SUB0]
01-05 00:00:53.008  4446  4446 D SubscriptionController: [getSubId]- sSlotIdxToSubId.size == 0, return DummySubIds slotIdx=0
01-05 00:00:53.009  4446  4446 D DefaultPhoneNotifier: notifySignalStrength: mRegistry=com.android.internal.telephony.ITelephonyRegistry$Stub$Proxy@523ca5d ss=SignalStrength: 0 0 -120 -160 -120 0 -1 0 2147483647 2147483647 0 0 2147483647 gsm|lte sender=Handler (com.qti.internal.telephony.gsm.QtiGSMPhone) {978dd19}
01-05 00:00:53.016  4446  4446 D QtiSubscriptionController: getPhoneId, received dummy subId 2147483643
01-05 00:00:54.565  4461  5015 I dvm_lock_sample: [com.askey.dvr.cdr6012.recorder,0,Thread-49,5,MessageQueue.java,325,-,541,1]
01-05 00:01:00.171  1755  1904 I am_pss  : [4461,1000,com.askey.dvr.cdr6012.recorder,50091008,39092224]
01-05 00:01:03.079  4461  4964 I dvm_lock_sample: [com.askey.dvr.cdr6012.recorder,0,b,16,,-1,-,-1,3]
01-05 00:01:12.079  4461  4469 I dvm_lock_sample: [com.askey.dvr.cdr6012.recorder,0,FinalizerDaemon,5,ReferenceQueue.java,90,-,135,1]
01-05 00:01:13.037  4446  4446 D RILJ    : [3719]> SIGNAL_STRENGTH [SUB0]
01-05 00:01:13.054  4446  4586 D RILJ    : [3719]< SIGNAL_STRENGTH SignalStrength: 0 0 0 0 0 0 0 0 0 0 0 0 0 gsm|lte [SUB0]
01-05 00:01:13.054  4446  4446 D SubscriptionController: [getSubId]- sSlotIdxToSubId.size == 0, return DummySubIds slotIdx=0
01-05 00:01:13.055  4446  4446 D DefaultPhoneNotifier: notifySignalStrength: mRegistry=com.android.internal.telephony.ITelephonyRegistry$Stub$Proxy@523ca5d ss=SignalStrength: 0 0 -120 -160 -120 0 -1 0 2147483647 2147483647 0 0 2147483647 gsm|lte sender=Handler (com.qti.internal.telephony.gsm.QtiGSMPhone) {978dd19}
01-05 00:01:13.060  4446  4446 D QtiSubscriptionController: getPhoneId, received dummy subId 2147483643
01-05 00:01:14.060  1755  1826 I battery_level: [39,3629,590]
01-05 00:01:14.144  4461  4468 I dvm_lock_sample: [com.askey.dvr.cdr6012.recorder,0,ReferenceQueueDaemon,11,ReferenceQueue.java,135,-,90,2]
01-05 00:01:33.072  4446  4446 D RILJ    : [3720]> SIGNAL_STRENGTH [SUB0]
01-05 00:01:33.078  4446  4586 D RILJ    : [3720]< SIGNAL_STRENGTH SignalStrength: 0 0 0 0 0 0 0 0 0 0 0 0 0 gsm|lte [SUB0]
01-05 00:01:33.079  4446  4446 D SubscriptionController: [getSubId]- sSlotIdxToSubId.size == 0, return DummySubIds slotIdx=0
01-05 00:01:33.079  4446  4446 D DefaultPhoneNotifier: notifySignalStrength: mRegistry=com.android.internal.telephony.ITelephonyRegistry$Stub$Proxy@523ca5d ss=SignalStrength: 0 0 -120 -160 -120 0 -1 0 2147483647 2147483647 0 0 2147483647 gsm|lte sender=Handler (com.qti.internal.telephony.gsm.QtiGSMPhone) {978dd19}
01-05 00:01:33.082  4446  4446 D QtiSubscriptionController: getPhoneId, received dummy subId 2147483643
01-05 00:01:36.436  4461  4964 I dvm_lock_sample: [com.askey.dvr.cdr6012.recorder,0,b,11,,-1,-,-1,2]
01-08 23:53:29.248  5006  5006 I auditd  : type=1400 audit(0.0:23): avc: denied { kill } for comm="perfd" capability=5 scontext=u:r:perfd:s0 tcontext=u:r:perfd:s0 tclass=capability permissive=0
01-05 00:01:53.087  4446  4446 D RILJ    : [3721]> SIGNAL_STRENGTH [SUB0]
01-05 00:01:53.097  4446  4586 D RILJ    : [3721]< SIGNAL_STRENGTH SignalStrength: 0 0 0 0 0 0 0 0 0 0 0 0 0 gsm|lte [SUB0]
01-05 00:01:53.097  4446  4446 D SubscriptionController: [getSubId]- sSlotIdxToSubId.size == 0, return DummySubIds slotIdx=0
01-05 00:01:53.097  4446  4446 D DefaultPhoneNotifier: notifySignalStrength: mRegistry=com.android.internal.telephony.ITelephonyRegistry$Stub$Proxy@523ca5d ss=SignalStrength: 0 0 -120 -160 -120 0 -1 0 2147483647 2147483647 0 0 2147483647 gsm|lte sender=Handler (com.qti.internal.telephony.gsm.QtiGSMPhone) {978dd19}
01-05 00:01:53.100  4446  4446 D QtiSubscriptionController: getPhoneId, received dummy subId 2147483643
01-05 00:01:57.963  4461  4961 I dvm_lock_sample: [com.askey.dvr.cdr6012.recorder,0,e,9,,-1,-,-1,1]
01-05 00:02:13.106  4446  4446 D RILJ    : [3722]> SIGNAL_STRENGTH [SUB0]
01-05 00:02:13.117  4446  4586 D RILJ    : [3722]< SIGNAL_STRENGTH SignalStrength: 0 0 0 0 0 0 0 0 0 0 0 0 0 gsm|lte [SUB0]
01-05 00:02:13.117  4446  4446 D SubscriptionController: [getSubId]- sSlotIdxToSubId.size == 0, return DummySubIds slotIdx=0
01-05 00:02:13.117  4446  4446 D DefaultPhoneNotifier: notifySignalStrength: mRegistry=com.android.internal.telephony.ITelephonyRegistry$Stub$Proxy@523ca5d ss=SignalStrength: 0 0 -120 -160 -120 0 -1 0 2147483647 2147483647 0 0 2147483647 gsm|lte sender=Handler (com.qti.internal.telephony.gsm.QtiGSMPhone) {978dd19}
01-05 00:02:13.121  4446  4446 D QtiSubscriptionController: getPhoneId, received dummy subId 2147483643
--------- beginning of main
01-05 00:02:26.929  4461  5015 E d       : processPcwPreviewFrame: processFrame returnval = -3
01-05 00:02:26.949  4461  5014 E a       : processPreviewFrame: processFrame returnval = 20
01-05 00:02:26.961  4461  5015 E d       : processPcwPreviewFrame: processFrame returnval = -3
01-05 00:02:26.966   631  4819 E mm-camera-CORE: dsps_process_response_gyro: Query request denied, error code = 5, QId_valid = 1, QueryId = 0xa, AckNak_valid = 1, AckNak = 17
01-05 00:02:26.988  4461  5014 E a       : processPreviewFrame: processFrame returnval = 20
01-05 00:02:26.988  4461  5015 E d       : processPcwPreviewFrame: processFrame returnval = -3
01-05 00:02:27.020  4461  5014 E a       : processPreviewFrame: processFrame returnval = 20
01-05 00:02:27.022  4461  5015 E d       : processPcwPreviewFrame: processFrame returnval = -3
01-05 00:02:27.056  4461  5014 E a       : processPreviewFrame: processFrame returnval = 20
01-05 00:02:27.058  4461  5015 E d       : processPcwPreviewFrame: processFrame returnval = -3
01-05 00:02:27.094  4461  5014 E a       : processPreviewFrame: processFrame returnval = 20
01-05 00:02:27.096  4461  5015 E d       : processPcwPreviewFrame: processFrame returnval = -3
01-05 00:02:27.141  4461  5014 E a       : processPreviewFrame: processFrame returnval = 20
01-05 00:02:27.145  4461  5015 E d       : processPcwPreviewFrame: processFrame returnval = -3
01-05 00:02:27.148   631  4819 E mm-camera-CORE: dsps_process_response_gyro: Query request denied, error code = 5, QId_valid = 1, QueryId = 0x50a, AckNak_valid = 1, AckNak = 17
01-05 00:02:27.168  4461  5014 E a       : processPreviewFrame: processFrame returnval = 20
01-05 00:02:27.171  4461  5015 E d       : processPcwPreviewFrame: processFrame returnval = -3
01-05 00:02:27.199  4461  5014 E a       : processPreviewFrame: processFrame returnval = 20
01-05 00:02:27.203  4461  5015 E d       : processPcwPreviewFrame: processFrame returnval = -3
01-05 00:02:27.222   588   726 I ThermalEngine: cpu_frequency_pre_req: SS-CPU4: device=cluster1 frequency=883200
01-05 00:02:27.244  4461  5014 E a       : processPreviewFrame: processFrame returnval = 20
01-05 00:02:27.246  4461  5015 E d       : processPcwPreviewFrame: processFrame returnval = -3
01-05 00:02:27.273   588   726 I ThermalEngine: cpu_frequency_pre_req: SS-CPU4: device=cluster1 frequency=940800
01-05 00:02:27.276  4461  5014 E a       : processPreviewFrame: processFrame returnval = 20
01-05 00:02:27.281  4461  5015 E d       : processPcwPreviewFrame: processFrame returnval = -3
01-05 00:02:27.314  4461  5015 E d       : processPcwPreviewFrame: processFrame returnval = -3
01-05 00:02:27.314  4461  5014 E a       : processPreviewFrame: processFrame returnval = 20
01-05 00:02:27.324   588   726 I ThermalEngine: cpu_frequency_pre_req: SS-CPU4: device=cluster1 frequency=998400
01-05 00:02:27.352  4461  5014 E a       : processPreviewFrame: processFrame returnval = 20
01-05 00:02:27.354  4461  5015 E d       : processPcwPreviewFrame: processFrame returnval = -3
01-05 00:02:27.366   631  4819 E mm-camera-CORE: dsps_process_response_gyro: Query request denied, error code = 5, QId_valid = 1, QueryId = 0xb0a, AckNak_valid = 1, AckNak = 17
01-05 00:02:27.375   588   726 I ThermalEngine: cpu_frequency_pre_req: SS-CPU4: device=cluster1 frequency=1056000
01-05 00:02:27.415  4461  5014 E a       : processPreviewFrame: processFrame returnval = 20
01-05 00:02:27.417  4461  5015 E d       : processPcwPreviewFrame: processFrame returnval = -3
01-05 00:02:27.425   588   726 I ThermalEngine: cpu_frequency_pre_req: SS-CPU4: device=cluster1 frequency=1113600
01-05 00:02:27.456  4461  5014 E a       : processPreviewFrame: processFrame returnval = 20
01-05 00:02:27.459  4461  5015 E d       : processPcwPreviewFrame: processFrame returnval = -3
01-05 00:02:27.471  1755  4182 E LocSvc_ApiV02: I/<--- void globalEventCb(locClientHandleType, uint32_t, locClientEventIndUnionType, void*) line 90 QMI_LOC_EVENT_GNSS_SV_INFO_IND_V02
01-05 00:02:27.472  1755  4622 E LocSvc_libulp: I/int ulp_brain_process_gnss_sv_report(const GnssSvStatus*), gnss sv report cnt = 597, gnss pos report cnt = 0,strong sv cnt = 0
01-05 00:02:27.473  1755  4128 E LocSvc_afw: I/<=== sv_status_cb - line 1072 20
01-05 00:02:27.475  1755  4182 E LocSvc_ApiV02: I/<--- void globalEventCb(locClientHandleType, uint32_t, locClientEventIndUnionType, void*) line 90 QMI_LOC_EVENT_POSITION_REPORT_IND_V02
01-05 00:02:27.476  1755  4622 E LocSvc_libulp: I/int ulp_brain_process_gnss_position_report(loc_sess_status, LocPosTechMask, UlpLocation*, const GpsLocationExtended*, const void*), transition provider returned = 0
01-05 00:02:27.476  1755  4622 E LocSvc_libulp: I/int ulp_brain_process_gnss_position_report(loc_sess_status, LocPosTechMask, UlpLocation*, const GpsLocationExtended*, const void*), report GNSS position/status to hybrid fix requests = 0
01-05 00:02:27.498  4461  5014 E a       : processPreviewFrame: processFrame returnval = 20
01-05 00:02:27.500  4461  5015 E d       : processPcwPreviewFrame: processFrame returnval = -3
01-05 00:02:27.511   631  4819 E mm-camera-CORE: dsps_process_response_gyro: Query request denied, error code = 5, QId_valid = 1, QueryId = 0xf0a, AckNak_valid = 1, AckNak = 17
01-05 00:02:27.527   588   726 I ThermalEngine: cpu_frequency_pre_req: SS-CPU4: device=cluster1 frequency=1113600
01-05 00:02:27.532  4461  5014 E a       : processPreviewFrame: processFrame returnval = 20
01-05 00:02:27.541  4461  5015 E d       : processPcwPreviewFrame: processFrame returnval = -3
01-05 00:02:27.568  4461  5014 E a       : processPreviewFrame: processFrame returnval = 20
01-05 00:02:27.569  4461  5015 E d       : processPcwPreviewFrame: processFrame returnval = -3
01-05 00:02:27.607  4461  5014 E a       : processPreviewFrame: processFrame returnval = 20
01-05 00:02:27.613  4461  5015 E d       : processPcwPreviewFrame: processFrame returnval = -3
01-05 00:02:27.644  4461  5014 E a       : processPreviewFrame: processFrame returnval = 20
01-05 00:02:27.647  4461  5015 E d       : processPcwPreviewFrame: processFrame returnval = -3
01-05 00:02:27.676  4461  5014 E a       : processPreviewFrame: processFrame returnval = 20
01-05 00:02:27.679  4461  5015 E d       : processPcwPreviewFrame: processFrame returnval = -3
01-05 00:02:27.680   588   726 I ThermalEngine: cpu_frequency_pre_req: SS-CPU4: device=cluster1 frequency=1056000
01-05 00:02:27.692   631  4819 E mm-camera-CORE: dsps_process_response_gyro: Query request denied, error code = 5, QId_valid = 1, QueryId = 0x140a, AckNak_valid = 1, AckNak = 17
01-05 00:02:27.734  4461  5014 E a       : processPreviewFrame: processFrame returnval = 20
01-05 00:02:27.737  4461  5015 E d       : processPcwPreviewFrame: processFrame returnval = -3
01-05 00:02:27.752  4461  5014 E a       : processPreviewFrame: processFrame returnval = 20
01-05 00:02:27.753  4461  5015 E d       : processPcwPreviewFrame: processFrame returnval = -3
01-05 00:02:27.781   588   726 I ThermalEngine: cpu_frequency_pre_req: SS-CPU4: device=cluster1 frequency=1056000
01-05 00:02:27.787  4461  5014 E a       : processPreviewFrame: processFrame returnval = 20
01-05 00:02:27.799  4461  5015 E d       : processPcwPreviewFrame: processFrame returnval = -3
01-05 00:02:27.826  4461  5014 E a       : processPreviewFrame: processFrame returnval = 20
01-05 00:02:27.827  4461  5015 E d       : processPcwPreviewFrame: processFrame returnval = -3
01-05 00:02:27.859  4461  5014 E a       : processPreviewFrame: processFrame returnval = 20
01-05 00:02:27.865  4461  5015 E d       : processPcwPreviewFrame: processFrame returnval = -3
01-05 00:02:27.874   631  4819 E mm-camera-CORE: dsps_process_response_gyro: Query request denied, error code = 5, QId_valid = 1, QueryId = 0x190a, AckNak_valid = 1, AckNak = 17
01-05 00:02:27.898  4461  5014 E a       : processPreviewFrame: processFrame returnval = 20
01-05 00:02:27.903  4461  5015 E d       : processPcwPreviewFrame: processFrame returnval = -3
01-05 00:02:27.930  4461  5014 E a       : processPreviewFrame: processFrame returnval = 20
01-05 00:02:27.939  4461  5015 E d       : processPcwPreviewFrame: processFrame returnval = -3
01-05 00:02:27.991  4461  5014 E a       : processPreviewFrame: processFrame returnval = 20
01-05 00:02:27.995  4461  5015 E d       : processPcwPreviewFrame: processFrame returnval = -3
01-05 00:02:28.040  4461  5014 E a       : processPreviewFrame: processFrame returnval = 20
01-05 00:02:28.046  4461  5015 E d       : processPcwPreviewFrame: processFrame returnval = -3
01-05 00:02:28.056   631  4819 E mm-camera-CORE: dsps_process_response_gyro: Query request denied, error code = 5, QId_valid = 1, QueryId = 0x1e0a, AckNak_valid = 1, AckNak = 17
01-05 00:02:28.078  4461  5014 E a       : processPreviewFrame: processFrame returnval = 20
01-05 00:02:28.082  4461  5015 E d       : processPcwPreviewFrame: processFrame returnval = -3
01-05 00:02:28.114  4461  5015 E d       : processPcwPreviewFrame: processFrame returnval = -3
01-05 00:02:28.116  4461  5014 E a       : processPreviewFrame: processFrame returnval = 20
01-05 00:02:28.117  4039  4039 D wpa_supplicant: wlan0: Control interface command 'SET pno 0'
01-05 00:02:28.117  4039  4039 D wpa_supplicant: CTRL_IFACE SET 'pno'='0'
01-05 00:02:28.117  4039  4039 D wpa_supplicant: CTRL-DEBUG: global_ctrl_sock-sendto: sock=11 sndbuf=212992 outq=0 send_len=3
01-05 00:02:28.120  4039  4039 D wpa_supplicant: wlan0: Control interface command 'SCAN TYPE=ONLY'
01-05 00:02:28.120  4039  4039 D wpa_supplicant: wlan0: Setting scan request: 0.000000 sec
01-05 00:02:28.120  4039  4039 D wpa_supplicant: CTRL-DEBUG: global_ctrl_sock-sendto: sock=11 sndbuf=212992 outq=0 send_len=3
01-05 00:02:28.120  4039  4039 D wpa_supplicant: wlan0: Starting AP scan for wildcard SSID
01-05 00:02:28.120  4039  4039 D wpa_supplicant: wlan0: Add radio work 'scan'@0x559e796900
01-05 00:02:28.120  4039  4039 D wpa_supplicant: wlan0: First radio work item in the queue - schedule start immediately
01-05 00:02:28.120  4039  4039 D wpa_supplicant: wlan0: Starting radio work 'scan'@0x559e796900 after 0.000090 second wait
01-05 00:02:28.120  4039  4039 D wpa_supplicant: wlan0: nl80211: scan request
01-05 00:02:28.121  4039  4039 D wpa_supplicant: nl80211: Scan SSID - hexdump(len=0): [NULL]
01-05 00:02:28.121  4039  4039 D wpa_supplicant: nl80211: Scan extra IEs - hexdump(len=7): 7f 05 00 00 0a 02 01
01-05 00:02:28.129  4039  4039 D wpa_supplicant: Scan requested (ret=0) - scan timeout 30 seconds
01-05 00:02:28.130  4039  4039 D wpa_supplicant: nl80211: Event message available
01-05 00:02:28.130  4039  4039 D wpa_supplicant: nl80211: Drv Event 33 (NL80211_CMD_TRIGGER_SCAN) received for wlan0
01-05 00:02:28.130  4039  4039 D wpa_supplicant: wlan0: nl80211: Scan trigger
01-05 00:02:28.130  4039  4039 D wpa_supplicant: wlan0: Event SCAN_STARTED (47) received
01-05 00:02:28.130  4039  4039 D wpa_supplicant: wlan0: Own scan request started a scan in 0.000627 seconds
01-05 00:02:28.130  4039  4039 D wpa_supplicant: CTRL-DEBUG: ctrl_sock-sendmsg: sock=11 sndbuf=212992 outq=0 send_len=24
01-05 00:02:28.131  4039  4039 D wpa_supplicant: CTRL_IFACE monitor sent successfully to /data/misc/wifi/sockets/wpa_ctrl_1755-2\x00
01-05 00:02:28.151  4461  5014 E a       : processPreviewFrame: processFrame returnval = 20
01-05 00:02:28.163  4461  5015 E d       : processPcwPreviewFrame: processFrame returnval = -3
01-05 00:02:28.186  4461  5014 E a       : processPreviewFrame: processFrame returnval = 20
01-05 00:02:28.190  4461  5015 E d       : processPcwPreviewFrame: processFrame returnval = -3
01-05 00:02:28.229  4461  5014 E a       : processPreviewFrame: processFrame returnval = 20
01-05 00:02:28.237  4461  5015 E d       : processPcwPreviewFrame: processFrame returnval = -3
01-05 00:02:28.238   631  4819 E mm-camera-CORE: dsps_process_response_gyro: Query request denied, error code = 5, QId_valid = 1, QueryId = 0x230a, AckNak_valid = 1, AckNak = 17
01-05 00:02:28.261  4461  5014 E a       : processPreviewFrame: processFrame returnval = 20
01-05 00:02:28.262  4461  5015 E d       : processPcwPreviewFrame: processFrame returnval = -3
01-05 00:02:28.310  4461  5014 E a       : processPreviewFrame: processFrame returnval = 20
01-05 00:02:28.319  4461  5015 E d       : processPcwPreviewFrame: processFrame returnval = -3
01-05 00:02:28.345  4461  5014 E a       : processPreviewFrame: processFrame returnval = 20
01-05 00:02:28.347  4461  5015 E d       : processPcwPreviewFrame: processFrame returnval = -3
01-05 00:02:28.381  4461  5014 E a       : processPreviewFrame: processFrame returnval = 20
01-05 00:02:28.384  4461  5015 E d       : processPcwPreviewFrame: processFrame returnval = -3
01-05 00:02:28.409  4461  5014 E a       : processPreviewFrame: processFrame returnval = 20
01-05 00:02:28.422  4461  5015 E d       : processPcwPreviewFrame: processFrame returnval = -3
01-05 00:02:28.442  4461  5014 E a       : processPreviewFrame: processFrame returnval = 20
01-05 00:02:28.443  4461  5015 E d       : processPcwPreviewFrame: processFrame returnval = -3
01-05 00:02:28.454   631  4819 E mm-camera-CORE: dsps_process_response_gyro: Query request denied, error code = 5, QId_valid = 1, QueryId = 0x290a, AckNak_valid = 1, AckNak = 17
01-05 00:02:28.475  1755  4182 E LocSvc_ApiV02: I/<--- void globalEventCb(locClientHandleType, uint32_t, locClientEventIndUnionType, void*) line 90 QMI_LOC_EVENT_GNSS_SV_INFO_IND_V02
01-05 00:02:28.475  1755  4622 E LocSvc_libulp: I/int ulp_brain_process_gnss_sv_report(const GnssSvStatus*), gnss sv report cnt = 598, gnss pos report cnt = 0,strong sv cnt = 0
01-05 00:02:28.475  1755  4182 E LocSvc_ApiV02: I/<--- void globalEventCb(locClientHandleType, uint32_t, locClientEventIndUnionType, void*) line 90 QMI_LOC_EVENT_POSITION_REPORT_IND_V02
01-05 00:02:28.476  1755  4128 E LocSvc_afw: I/<=== sv_status_cb - line 1072 20
01-05 00:02:28.477  1755  4622 E LocSvc_libulp: I/int ulp_brain_process_gnss_position_report(loc_sess_status, LocPosTechMask, UlpLocation*, const GpsLocationExtended*, const void*), transition provider returned = 0
01-05 00:02:28.477  4461  5014 E a       : processPreviewFrame: processFrame returnval = 20
01-05 00:02:28.477  1755  4622 E LocSvc_libulp: I/int ulp_brain_process_gnss_position_report(loc_sess_status, LocPosTechMask, UlpLocation*, const GpsLocationExtended*, const void*), report GNSS position/status to hybrid fix requests = 0
01-05 00:02:28.491  4461  5015 E d       : processPcwPreviewFrame: processFrame returnval = -3
01-05 00:02:28.517  4461  5014 E a       : processPreviewFrame: processFrame returnval = 20
01-05 00:02:28.522  4461  5015 E d       : processPcwPreviewFrame: processFrame returnval = -3
01-05 00:02:28.559  4461  5041 I DvrService: getForwardCollisionOnOff:resultStr{"result":true,"switch":"ON","interfaceName":"getForwardCollisionOnOff"}
01-05 00:02:28.570  4461  5041 I DvrService: getLaneDepartureOnOff:resultStr{"result":true,"switch":"ON","interfaceName":"getLaneDepartureOnOff"}
01-05 00:02:28.579  4461  5014 E a       : processPreviewFrame: processFrame returnval = 20
01-05 00:02:28.588  4461  5015 E d       : processPcwPreviewFrame: processFrame returnval = -3
01-05 00:02:28.590  4039  4039 D wpa_supplicant: nl80211: Event message available
01-05 00:02:28.590  4039  4039 D wpa_supplicant: nl80211: Drv Event 34 (NL80211_CMD_NEW_SCAN_RESULTS) received for wlan0
01-05 00:02:28.590  4039  4039 D wpa_supplicant: wlan0: nl80211: New scan results available
01-05 00:02:28.590  4039  4039 D wpa_supplicant: nl80211: Scan included frequencies: 2412 2417 2422 2427 2432 2437 2442 2447 2452 2457 2462
01-05 00:02:28.590  4039  4039 D wpa_supplicant: wlan0: Event SCAN_RESULTS (3) received
01-05 00:02:28.590  4039  4039 D wpa_supplicant: wlan0: Scan completed in 0.460132 seconds
01-05 00:02:28.596  4039  4039 D wpa_supplicant: nl80211: Received scan results (17 BSSes)
01-05 00:02:28.596  4039  4039 D wpa_supplicant: wlan0: BSS: Start scan result update 3
01-05 00:02:28.596  4039  4039 D wpa_supplicant: wlan0: BSS: Add new id 37 BSSID 00:03:07:12:34:56 SSID 'LEDE'
01-05 00:02:28.597  4039  4039 D wpa_supplicant: CTRL-DEBUG: ctrl_sock-sendmsg: sock=11 sndbuf=212992 outq=0 send_len=41
01-05 00:02:28.597  4039  4039 D wpa_supplicant: CTRL_IFACE monitor sent successfully to /data/misc/wifi/sockets/wpa_ctrl_1755-2\x00
01-05 00:02:28.597  4039  4039 D wpa_supplicant: wlan0: BSS: Add new id 38 BSSID f0:b0:52:1e:2b:78 SSID 'sztk10'
01-05 00:02:28.597  4039  4039 D wpa_supplicant: CTRL-DEBUG: ctrl_sock-sendmsg: sock=11 sndbuf=212992 outq=768 send_len=41
01-05 00:02:28.597  4039  4039 D wpa_supplicant: CTRL_IFACE monitor sent successfully to /data/misc/wifi/sockets/wpa_ctrl_1755-2\x00
01-05 00:02:28.597  4039  4039 D wpa_supplicant: wlan0: BSS: Add new id 39 BSSID 08:6a:0a:0f:6e:d4 SSID 'TMX-DM02'
01-05 00:02:28.597  4039  4039 D wpa_supplicant: CTRL-DEBUG: ctrl_sock-sendmsg: sock=11 sndbuf=212992 outq=0 send_len=41
01-05 00:02:28.598  4039  4039 D wpa_supplicant: CTRL_IFACE monitor sent successfully to /data/misc/wifi/sockets/wpa_ctrl_1755-2\x00
01-05 00:02:28.598  4039  4039 D wpa_supplicant: wlan0: BSS: Add new id 40 BSSID 5c:63:bf:3c:fb:86 SSID 'TP-LINK_3CFB86'
01-05 00:02:28.598  4039  4039 D wpa_supplicant: CTRL-DEBUG: ctrl_sock-sendmsg: sock=11 sndbuf=212992 outq=0 send_len=41
01-05 00:02:28.610  4039  4039 D wpa_supplicant: CTRL_IFACE monitor sent successfully to /data/misc/wifi/sockets/wpa_ctrl_1755-2\x00
01-05 00:02:28.610  4039  4039 D wpa_supplicant: wlan0: BSS: Add new id 41 BSSID 94:b4:0f:24:d0:62 SSID 'C7-8F-test'
01-05 00:02:28.610  4039  4039 D wpa_supplicant: CTRL-DEBUG: ctrl_sock-sendmsg: sock=11 sndbuf=212992 outq=0 send_len=41
01-05 00:02:28.610  4039  4039 D wpa_supplicant: CTRL_IFACE monitor sent successfully to /data/misc/wifi/sockets/wpa_ctrl_1755-2\x00
01-05 00:02:28.611  4039  4039 D wpa_supplicant: wlan0: BSS: Add new id 42 BSSID 94:b4:0f:24:d0:61 SSID 'wifi-dc-data'
01-05 00:02:28.611  4039  4039 D wpa_supplicant: CTRL-DEBUG: ctrl_sock-sendmsg: sock=11 sndbuf=212992 outq=0 send_len=41
01-05 00:02:28.611  4039  4039 D wpa_supplicant: CTRL_IFACE monitor sent successfully to /data/misc/wifi/sockets/wpa_ctrl_1755-2\x00
01-05 00:02:28.611  4039  4039 D wpa_supplicant: wlan0: BSS: Add new id 43 BSSID d4:7b:b0:e6:4d:f7 SSID 'Askey-APMesh'
01-05 00:02:28.611  4039  4039 D wpa_supplicant: CTRL-DEBUG: ctrl_sock-sendmsg: sock=11 sndbuf=212992 outq=0 send_len=41
01-05 00:02:28.612  4039  4039 D wpa_supplicant: CTRL_IFACE monitor sent successfully to /data/misc/wifi/sockets/wpa_ctrl_1755-2\x00
01-05 00:02:28.612  4039  4039 D wpa_supplicant: wlan0: BSS: Add new id 44 BSSID 94:b4:0f:24:d0:65 SSID 'wifi-delivery'
01-05 00:02:28.612  4039  4039 D wpa_supplicant: CTRL-DEBUG: ctrl_sock-sendmsg: sock=11 sndbuf=212992 outq=0 send_len=41
01-05 00:02:28.613  4039  4039 D wpa_supplicant: CTRL_IFACE monitor sent successfully to /data/misc/wifi/sockets/wpa_ctrl_1755-2\x00
01-05 00:02:28.613  4039  4039 D wpa_supplicant: wlan0: BSS: Add new id 45 BSSID 00:0a:f5:89:89:ff SSID 'TMX-DM02'
01-05 00:02:28.613  4039  4039 D wpa_supplicant: CTRL-DEBUG: ctrl_sock-sendmsg: sock=11 sndbuf=212992 outq=0 send_len=41
01-05 00:02:28.613  4039  4039 D wpa_supplicant: CTRL_IFACE monitor sent successfully to /data/misc/wifi/sockets/wpa_ctrl_1755-2\x00
01-05 00:02:28.613  4039  4039 D wpa_supplicant: wlan0: BSS: Add new id 46 BSSID d4:7b:b0:e6:4e:0c SSID 'Askey-APMesh'
01-05 00:02:28.613  4039  4039 D wpa_supplicant: CTRL-DEBUG: ctrl_sock-sendmsg: sock=11 sndbuf=212992 outq=768 send_len=41
01-05 00:02:28.613  4039  4039 D wpa_supplicant: CTRL_IFACE monitor sent successfully to /data/misc/wifi/sockets/wpa_ctrl_1755-2\x00
01-05 00:02:28.613  4039  4039 D wpa_supplicant: wlan0: BSS: Add new id 47 BSSID 94:b4:0f:24:d0:63 SSID 'wifi-internet'
01-05 00:02:28.613  4039  4039 D wpa_supplicant: CTRL-DEBUG: ctrl_sock-sendmsg: sock=11 sndbuf=212992 outq=0 send_len=41
01-05 00:02:28.614  4039  4039 D wpa_supplicant: CTRL_IFACE monitor sent successfully to /data/misc/wifi/sockets/wpa_ctrl_1755-2\x00
01-05 00:02:28.614  4039  4039 D wpa_supplicant: wlan0: BSS: Add new id 48 BSSID 08:57:00:f9:c9:18 SSID 'TP-LINK_12345678'
01-05 00:02:28.614  4039  4039 D wpa_supplicant: CTRL-DEBUG: ctrl_sock-sendmsg: sock=11 sndbuf=212992 outq=0 send_len=41
01-05 00:02:28.614  4039  4039 D wpa_supplicant: CTRL_IFACE monitor sent successfully to /data/misc/wifi/sockets/wpa_ctrl_1755-2\x00
01-05 00:02:28.614  4039  4039 D wpa_supplicant: wlan0: BSS: Add new id 49 BSSID d4:7c:b0:e6:4e:0c SSID 'AMesh Guest WiFi'
01-05 00:02:28.614  4039  4039 D wpa_supplicant: CTRL-DEBUG: ctrl_sock-sendmsg: sock=11 sndbuf=212992 outq=768 send_len=41
01-05 00:02:28.614  4039  4039 D wpa_supplicant: CTRL_IFACE monitor sent successfully to /data/misc/wifi/sockets/wpa_ctrl_1755-2\x00
01-05 00:02:28.614  4039  4039 D wpa_supplicant: wlan0: BSS: Add new id 50 BSSID d4:7c:b0:e6:4d:f7 SSID 'AMesh Guest WiFi'
01-05 00:02:28.615  4039  4039 D wpa_supplicant: CTRL-DEBUG: ctrl_sock-sendmsg: sock=11 sndbuf=212992 outq=0 send_len=41
01-05 00:02:28.615  4039  4039 D wpa_supplicant: CTRL_IFACE monitor sent successfully to /data/misc/wifi/sockets/wpa_ctrl_1755-2\x00
01-05 00:02:28.615  4039  4039 D wpa_supplicant: wlan0: BSS: Add new id 51 BSSID d4:68:4d:9f:f2:f8 SSID 'oiqewoui'
01-05 00:02:28.615  4039  4039 D wpa_supplicant: CTRL-DEBUG: ctrl_sock-sendmsg: sock=11 sndbuf=212992 outq=0 send_len=41
01-05 00:02:28.616  4039  4039 D wpa_supplicant: CTRL_IFACE monitor sent successfully to /data/misc/wifi/sockets/wpa_ctrl_1755-2\x00
01-05 00:02:28.616  4039  4039 D wpa_supplicant: wlan0: BSS: Add new id 52 BSSID e0:ce:c3:36:5b:7e SSID 'AndroidAP-3066'
01-05 00:02:28.616  4039  4039 D wpa_supplicant: CTRL-DEBUG: ctrl_sock-sendmsg: sock=11 sndbuf=212992 outq=0 send_len=41
01-05 00:02:28.616  4039  4039 D wpa_supplicant: CTRL_IFACE monitor sent successfully to /data/misc/wifi/sockets/wpa_ctrl_1755-2\x00
01-05 00:02:28.616  4039  4039 D wpa_supplicant: wlan0: BSS: Add new id 53 BSSID 94:b4:0f:24:d0:60 SSID 'wifi-guest'
01-05 00:02:28.617  4039  4039 D wpa_supplicant: CTRL-DEBUG: ctrl_sock-sendmsg: sock=11 sndbuf=212992 outq=0 send_len=41
01-05 00:02:28.617  4039  4039 D wpa_supplicant: CTRL_IFACE monitor sent successfully to /data/misc/wifi/sockets/wpa_ctrl_1755-2\x00
01-05 00:02:28.617  4039  4039 D wpa_supplicant: BSS: last_scan_res_used=17/32
01-05 00:02:28.617  4039  4039 D wpa_supplicant: wlan0: Scan-only results received
01-05 00:02:28.617  4039  4039 D wpa_supplicant: CTRL-DEBUG: ctrl_sock-sendmsg: sock=11 sndbuf=212992 outq=768 send_len=24
01-05 00:02:28.617  4039  4039 D wpa_supplicant: CTRL_IFACE monitor sent successfully to /data/misc/wifi/sockets/wpa_ctrl_1755-2\x00
01-05 00:02:28.617  4039  4039 D wpa_supplicant: wlan0: Radio work 'scan'@0x559e796900 done in 0.496729 seconds
01-05 00:02:28.618  1755  4128 E LocSvc_api_v02: I/---> locClientSendReq line 2020 QMI_LOC_INJECT_WIFI_POSITION_REQ_V02
01-05 00:02:28.621  1755  4182 E LocSvc_ApiV02: I/<--- void globalRespCb(locClientHandleType, uint32_t, locClientRespIndUnionType, void*) line 115 QMI_LOC_INJECT_WIFI_POSITION_REQ_V02
01-05 00:02:28.626  4039  4039 D wpa_supplicant: CTRL-DEBUG: global_ctrl_sock-sendto: sock=11 sndbuf=212992 outq=0 send_len=3516
01-05 00:02:28.632  4039  4039 D wpa_supplicant: CTRL-DEBUG: global_ctrl_sock-sendto: sock=11 sndbuf=212992 outq=0 send_len=3672
01-05 00:02:28.642   768   768 I MSM-irqbalance: Decided to move IRQ177 from CPU0 to CPU1
01-05 00:02:28.649  4039  4039 D wpa_supplicant: CTRL-DEBUG: global_ctrl_sock-sendto: sock=11 sndbuf=212992 outq=0 send_len=2856
01-05 00:02:28.652  4461  5014 E a       : processPreviewFrame: processFrame returnval = 20
01-05 00:02:28.657  4461  5015 E d       : processPcwPreviewFrame: processFrame returnval = -3
01-05 00:02:28.661  4039  4039 D wpa_supplicant: EAPOL: EAP Session-Id not available
01-05 00:02:28.661  4039  4039 D wpa_supplicant: CTRL-DEBUG: global_ctrl_sock-sendto: sock=11 sndbuf=212992 outq=0 send_len=124
01-05 00:02:28.697  4461  5014 E a       : processPreviewFrame: processFrame returnval = 20
01-05 00:02:28.699  4461  5015 E d       : processPcwPreviewFrame: processFrame returnval = -3
01-05 00:02:28.716  4461  4472 I DvrService: getPedestrianDetectionOnOff:resultStr{"result":true,"switch":"ON","interfaceName":"getPedestrianDetectionOnOff"}
01-05 00:02:28.730  4461  5014 E a       : processPreviewFrame: processFrame returnval = 20
01-05 00:02:28.735  4461  5015 E d       : processPcwPreviewFrame: processFrame returnval = -3
01-05 00:02:28.772  4461  5014 E a       : processPreviewFrame: processFrame returnval = 20
01-05 00:02:28.776  4461  5015 E d       : processPcwPreviewFrame: processFrame returnval = -3
01-05 00:02:28.783   631  4819 E mm-camera-CORE: dsps_process_response_gyro: Query request denied, error code = 5, QId_valid = 1, QueryId = 0x320a, AckNak_valid = 1, AckNak = 17
01-05 00:02:28.811  4461  5014 E a       : processPreviewFrame: processFrame returnval = 20
01-05 00:02:28.816  4461  5015 E d       : processPcwPreviewFrame: processFrame returnval = -3
01-05 00:02:28.844  4461  5015 E d       : processPcwPreviewFrame: processFrame returnval = -3
01-05 00:02:28.846  4461  5014 E a       : processPreviewFrame: processFrame returnval = 20
01-05 00:02:28.879  4461  5014 E a       : processPreviewFrame: processFrame returnval = 20
01-05 00:02:28.882  4461  5015 E d       : processPcwPreviewFrame: processFrame returnval = -3
01-05 00:02:28.924  4461  5014 E a       : processPreviewFrame: processFrame returnval = 20
01-05 00:02:28.932  4461  5015 E d       : processPcwPreviewFrame: processFrame returnval = -3
01-05 00:02:28.950  4461  5014 E a       : processPreviewFrame: processFrame returnval = 20
01-05 00:02:28.955  4461  5015 E d       : processPcwPreviewFrame: processFrame returnval = -3
01-05 00:02:28.989  4461  5014 E a       : processPreviewFrame: processFrame returnval = 20
01-05 00:02:28.992  4461  5015 E d       : processPcwPreviewFrame: processFrame returnval = -3
01-05 00:02:29.002   631  4819 E mm-camera-CORE: dsps_process_response_gyro: Query request denied, error code = 5, QId_valid = 1, QueryId = 0x380a, AckNak_valid = 1, AckNak = 17
01-05 00:02:29.026  4461  5014 E a       : processPreviewFrame: processFrame returnval = 20
01-05 00:02:29.029  4461  5015 E d       : processPcwPreviewFrame: processFrame returnval = -3
01-05 00:02:29.062  4461  5014 E a       : processPreviewFrame: processFrame returnval = 20
01-05 00:02:29.068  4461  5015 E d       : processPcwPreviewFrame: processFrame returnval = -3
01-05 00:02:29.097  4461  5014 E a       : processPreviewFrame: processFrame returnval = 20
01-05 00:02:29.099  4461  5015 E d       : processPcwPreviewFrame: processFrame returnval = -3
01-05 00:02:29.130  4461  5014 E a       : processPreviewFrame: processFrame returnval = 20
01-05 00:02:29.134  4461  5015 E d       : processPcwPreviewFrame: processFrame returnval = -3
01-05 00:02:29.147   631  4819 E mm-camera-CORE: dsps_process_response_gyro: Query request denied, error code = 5, QId_valid = 1, QueryId = 0x3c0a, AckNak_valid = 1, AckNak = 17
01-05 00:02:29.193  4461  5014 E a       : processPreviewFrame: processFrame returnval = 20
01-05 00:02:29.197  4461  5015 E d       : processPcwPreviewFrame: processFrame returnval = -3
01-05 00:02:29.240  4461  5014 E a       : processPreviewFrame: processFrame returnval = 20
01-05 00:02:29.242  4461  5015 E d       : processPcwPreviewFrame: processFrame returnval = -3
01-05 00:02:29.250   588   726 I ThermalEngine: cpu_frequency_pre_req: SS-CPU4: device=cluster1 frequency=883200
01-05 00:02:29.278  4461  5014 E a       : processPreviewFrame: processFrame returnval = 20
01-05 00:02:29.281  4461  5015 E d       : processPcwPreviewFrame: processFrame returnval = -3
01-05 00:02:29.315  4461  5014 E a       : processPreviewFrame: processFrame returnval = 20
01-05 00: