01-04 23:52:26.109  1755  3843 D TelephonyRegistry: listen oscl: hasNotifySubscriptionInfoChangedOccurred==false no callback
01-04 23:52:26.099     0     0 I msm_csid_init: CSID_VERSION = 0x30060000
01-04 23:52:26.112     0     0 I MSM-CPP cpp_init_hardware: 1045 CPP HW Version: 0x40030000
01-04 23:52:26.112     0     0 E MSM-CPP cpp_init_hardware: 1066 stream_cnt:0
01-04 23:52:26.126     0     0 I MSM-CPP cpp_load_fw: 1189 MC Bootloader Version: 0x312e3176
01-04 23:52:26.127     0     0 I MSM-CPP cpp_load_fw: 1202 CPP FW Version: 0x10050002
01-04 23:52:26.102     0     0 E msm_csid_init: Failed in getting TOP gdscr regulator handle
01-04 23:52:26.141     0     0 E msm_cci_init: Failed in getting TOP gdscr regulator handle
01-04 23:52:26.148     0     0 I msm_cci_init: 1306: hw_version = 0x10030000
01-04 23:52:26.396     0     0 I IPv6    : ADDRCONF(NETDEV_UP): wlan0: link is not ready
01-04 23:52:26.396    23    23 E         : [23:52:26.587950] [000000002CC4AD98] [lowi-]  wlan: [E :HDD] __iw_get_char_setnone: Invalid IOCTL command 13
01-04 23:52:26.413     0     0 I init    : Starting service 'p2p_supplicant'...
01-04 23:52:26.678  1755  3587 I netstats_mobile_sample: [0,0,0,0,0,0,0,0,0,0,0,0,-1]
01-04 23:52:26.678  1755  3587 I netstats_wifi_sample: [0,0,0,0,0,0,0,0,0,0,0,0,-1]
01-04 23:52:26.539     0     0 I IPv6    : ADDRCONF(NETDEV_UP): p2p0: link is not ready
01-04 23:52:26.729   458   458 I auditd  : avc:  denied  { find } for service=permission scontext=u:r:location:s0 tcontext=u:object_r:permission_service:s0 tclass=service_manager
01-04 23:52:26.732  1755  1907 I am_proc_start: [0,4070,1000,com.android.settings,broadcast,com.android.settings/.wificall.WifiCallingStatusControl]
01-04 23:52:26.770  1755  3702 I am_proc_bound: [0,4070,com.android.settings]
01-04 23:52:26.886  1755  1755 I am_proc_start: [0,4092,10052,com.example.android.softkeyboard,service,com.example.android.softkeyboard/.SoftKeyboard]
01-04 23:52:26.936  1755  3702 I am_proc_start: [0,4110,10002,android.process.acore,content provider,com.android.providers.contacts/.ContactsProvider2]
01-04 23:52:26.948  1755  1826 I am_proc_bound: [0,4092,com.example.android.softkeyboard]
01-04 23:52:26.957  1755  1904 D TelephonyRegistry: listen oscl: hasNotifySubscriptionInfoChangedOccurred==false no callback
01-04 23:52:26.970  1755  3587 I netstats_mobile_sample: [0,0,0,0,0,0,0,0,0,0,0,0,-1]
01-04 23:52:26.970  1755  3587 I netstats_wifi_sample: [0,0,0,0,0,0,0,0,0,0,0,0,-1]
01-04 23:52:26.993  1755  1826 I am_proc_bound: [0,4110,android.process.acore]
01-04 23:52:27.065  1755  1907 I am_proc_start: [0,4159,1000,com.qualcomm.location.XT,broadcast,com.qualcomm.location.XT/.XTBroadcastReceiver]
01-04 23:52:27.072  1755  1755 D TelephonyRegistry: systemRunning register for intents
01-04 23:52:27.139  1755  1755 I am_proc_start: [0,4211,1000,com.quicinc.cne.CNEService,added application,com.quicinc.cne.CNEService]
01-04 23:52:27.168  1755  1755 I am_proc_start: [0,4239,1000,com.qualcomm.qti.notificationservice,added application,com.qualcomm.qti.notificationservice]
01-04 23:52:27.208  1755  1755 I am_proc_start: [0,4265,1000,com.qualcomm.qti.GBAHttpAuthentication.auth,added application,com.qualcomm.qti.GBAHttpAuthentication.auth]
01-04 23:52:27.253  1755  1755 I am_proc_start: [0,4297,1001,com.qualcomm.qti.rcsbootstraputil,added application,com.qualcomm.qti.rcsbootstraputil]
01-04 23:52:27.287  1755  1755 I am_proc_start: [0,4327,1001,com.qualcomm.qti.loadcarrier,added application,com.qualcomm.qti.loadcarrier]
01-04 23:52:27.336  1755  1755 I am_proc_start: [0,4354,1000,com.qualcomm.qti.carrierconfigure,added application,com.qualcomm.qti.carrierconfigure]
01-04 23:52:27.372  1755  1755 I am_proc_start: [0,4391,1000,com.qualcomm.qti.tetherservice,added application,com.qualcomm.qti.tetherservice]
01-04 23:52:27.415  1755  1755 I am_proc_start: [0,4421,1000,com.qualcomm.qti.services.secureui:sui_service,added application,com.qualcomm.qti.services.secureui:sui_service]
01-04 23:52:27.451  1755  1755 I am_proc_start: [0,4446,1001,com.android.phone,added application,com.android.phone]
01-04 23:52:27.461  1755  1755 I am_create_task: [0,13]
01-04 23:52:27.462  1755  1755 I am_create_activity: [0,236178051,13,com.askey.dvr.cdr6012.recorder/.activity.MainActivity,android.intent.action.MAIN,NULL,NULL,268435456]
01-04 23:52:27.464  1755  1755 I wm_task_created: [13,0]
01-04 23:52:27.464  1755  1755 I wm_task_moved: [13,1,0]
01-04 23:52:27.489  1755  1755 I am_proc_start: [0,4461,1000,com.askey.dvr.cdr6012.recorder,activity,com.askey.dvr.cdr6012.recorder/.activity.MainActivity]
01-04 23:52:27.491  1755  1755 I wm_task_moved: [13,1,0]
01-04 23:52:27.496  1755  1755 I am_focused_activity: [0,com.askey.dvr.cdr6012.recorder/.activity.MainActivity]
01-04 23:52:27.499  1755  3843 I dvm_lock_sample: [system_server,1,Binder_5,403,ActivityManagerService.java,16310,-,11938,80]
01-04 23:52:27.500  1755  1904 I dvm_lock_sample: [system_server,0,android.bg,398,ActivityManagerService.java,16082,-,11938,79]
01-04 23:52:27.500  1755  1826 I dvm_lock_sample: [system_server,1,Binder_1,370,ActivityManagerService.java,6322,-,11938,74]
01-04 23:52:27.500  1755  1826 I am_proc_bound: [0,4159,com.qualcomm.location.XT]
01-04 23:52:27.512  1755  4103 I am_proc_bound: [0,4211,com.quicinc.cne.CNEService]
01-04 23:52:27.519  1755  1908 I dvm_lock_sample: [system_server,1,android.ui,310,ActivityManagerService.java,3838,-,11938,62]
01-04 23:52:27.520  1755  1828 I dvm_lock_sample: [system_server,1,Binder_2,289,ActivityManagerService.java,6322,-,11938,57]
01-04 23:52:27.520  1755  1828 I am_proc_bound: [0,4239,com.qualcomm.qti.notificationservice]
01-04 23:52:27.527  1755  4292 I am_proc_bound: [0,4265,com.qualcomm.qti.GBAHttpAuthentication.auth]
01-04 23:52:27.533  1755  4293 I dvm_lock_sample: [system_server,1,Binder_8,208,ActivityManagerService.java,6322,-,11938,41]
01-04 23:52:27.534  1755  4293 I am_proc_bound: [0,4297,com.qualcomm.qti.rcsbootstraputil]
01-04 23:52:27.546  1755  4369 I dvm_lock_sample: [system_server,1,Binder_B,167,ActivityManagerService.java,6322,-,11938,33]
01-04 23:52:27.548  1755  4369 I am_proc_bound: [0,4354,com.qualcomm.qti.carrierconfigure]
01-04 23:52:27.555  1755  3590 I dvm_lock_sample: [system_server,0,WifiStateMachine,154,ActivityManagerService.java,17102,-,11938,30]
01-04 23:52:27.557  1755  4309 I am_proc_bound: [0,4391,com.qualcomm.qti.tetherservice]
01-04 23:52:27.565  1755  4374 I am_proc_bound: [0,4421,com.qualcomm.qti.services.secureui:sui_service]
01-04 23:52:27.570  1755  4441 I am_proc_bound: [0,4446,com.android.phone]
01-04 23:52:27.579  1755  1755 I dvm_lock_sample: [system_server,1,main,79,ActivityManagerService.java,17102,-,6322,15]
01-04 23:52:27.580  1755  1904 I dvm_lock_sample: [system_server,0,android.bg,79,ActivityManagerService.java,16082,-,16388,15]
01-04 23:52:27.607  1755  1904 I am_proc_start: [0,4474,10044,com.android.printspooler,service,com.android.printspooler/.model.PrintSpoolerService]
01-04 23:52:27.608  1755  1828 I dvm_lock_sample: [system_server,1,Binder_2,66,ActivityManagerService.java,16310,-,6322,13]
01-04 23:52:27.610  1755  4311 I am_proc_bound: [0,4327,com.qualcomm.qti.loadcarrier]
01-04 23:52:27.644  1755  4459 I am_proc_bound: [0,4474,com.android.printspooler]
01-04 23:52:27.730   458   458 I auditd  : avc:  denied  { find } for service=permission scontext=u:r:location:s0 tcontext=u:object_r:permission_service:s0 tclass=service_manager
01-04 23:52:27.767    23    23 E         : [23:52:27.958991] [000000002E5659B2] [WifiS]  wlan: [E :HDD] __wlan_hdd_cfg80211_ll_stats_get: 1849: Link Layer Statistics not supported by Firmware
01-04 23:52:27.789    23    23 E         : [23:52:27.980905] [000000002E5CC53E] [WifiS]  wlan: [E :HDD] __wlan_hdd_cfg80211_ll_stats_set: 1708: Link Layer Statistics not supported by Firmware
01-04 23:52:27.819    23    23 E         : [23:52:28.010602] [000000002E657882] [WifiS]  wlan: [E :HDD] __wlan_hdd_cfg80211_ll_stats_get: 1849: Link Layer Statistics not supported by Firmware
01-04 23:52:28.029  1755  4441 I am_proc_bound: [0,4461,com.askey.dvr.cdr6012.recorder]
01-04 23:52:28.029  1755  4293 I notification_cancel_all: [10007,3694,com.android.providers.downloads,0,0,64,9,NULL]
01-04 23:52:27.856    23    23 E         : [23:52:28.047754] [000000002E705AE7] [WifiS]  wlan: [E :HDD] __wlan_hdd_cfg80211_ll_stats_get: 1849: Link Layer Statistics not supported by Firmware
01-04 23:52:27.879    23    23 E         : [23:52:28.070366] [000000002E76FACC] [WifiS]  wlan: [E :HDD] __wlan_hdd_cfg80211_ll_stats_get: 1849: Link Layer Statistics not supported by Firmware
01-04 23:52:28.102  1755  4441 I am_restart_activity: [0,236178051,13,com.askey.dvr.cdr6012.recorder/.activity.MainActivity]
01-04 23:52:28.202  1755  4369 D TelephonyRegistry: listen oscl: hasNotifySubscriptionInfoChangedOccurred==false no callback
01-04 23:52:28.224  1755  3702 I am_proc_start: [0,4503,10026,com.qualcomm.qti.accesscache,service,com.qualcomm.qti.accesscache/.CarrierAccessCacheService]
01-04 23:52:28.243  1755  4441 D TelephonyRegistry: listen oscl: hasNotifySubscriptionInfoChangedOccurred==false no callback
01-04 23:52:28.285  1755  4441 I am_proc_bound: [0,4503,com.qualcomm.qti.accesscache]
01-04 23:52:28.446  1755  1755 I notification_enqueue: [1000,1755,android,17040363,NULL,-1,Notification(pri=-2 contentView=null vibrate=null sound=null tick defaults=0x0 flags=0x2 color=0xff607d8b vis=PUBLIC),0]
01-04 23:52:28.467  1755  1755 I notification_enqueue: [1000,1755,android,17040369,NULL,-1,Notification(pri=-1 contentView=null vibrate=null sound=null tick defaults=0x0 flags=0x2 color=0xff607d8b vis=PUBLIC),0]
01-04 23:52:28.474  1755  1755 I notification_enqueue: [10015,3680,com.android.systemui,1397773634,public:179,65,-1,Notification(pri=-1 contentView=null vibrate=null sound=null defaults=0x0 flags=0x100 color=0xff607d8b category=sys actions=2 vis=PUBLIC),0]
01-04 23:52:28.554  4446  4446 D TelephonyPluginDelegate: classLoader = dalvik.system.PathClassLoader[DexPathList[[zip file "/system/framework/qti-telephony-common.jar"],nativeLibraryDirectories=[/vendor/lib64, /system/lib64]]]
01-04 23:52:28.558  4446  4446 D TelephonyPluginDelegate: cls = class com.qti.internal.telephony.QtiTelephonyPlugin
01-04 23:52:28.559  4446  4446 D TelephonyPluginDelegate: constructor method = public com.qti.internal.telephony.QtiTelephonyPlugin()
01-04 23:52:28.370     0     0 I cfg80211: Calling CRDA for country: US
01-04 23:52:28.602  4446  4446 D TDC     : updateOrInsert: inserting: Modem { uuid=modem, state=0, rilModel=0, rat={}, maxActiveVoiceCall=1, maxActiveDataCall=1, maxStandby=1 }
01-04 23:52:28.602  4446  4446 D TDC     : updateOrInsert: inserting: Sim { uuid=sim, modemUuid=modem, state=0 }
01-04 23:52:28.636  4446  4446 D CdmaSSM : subscriptionSource from settings: 0
01-04 23:52:28.636  4446  4446 I PhoneFactory: Cdma Subscription set to 0
01-04 23:52:28.652  4446  4446 I PhoneFactory: Network Mode set to 10
01-04 23:52:28.658  4446  4446 D RILJ    : RIL(context, preferredNetworkType=10 cdmaSubscription=0)
01-04 23:52:28.673  4446  4446 D RILJ    : Starting RILReceiver0 [SUB0]
01-04 23:52:28.682  4446  4586 I RILJ    : (0) Connected to 'rild' socket
01-04 23:52:28.683   567   792 I RILC    : libril: new connection to RIL_SOCKET_1
01-04 23:52:28.683   567   792 I RILC    : RIL Daemon version: Qualcomm RIL 1.0
01-04 23:52:28.684  4446  4586 D RILJ    : [UNSL]< UNSOL_RIL_CONNECTED {11} [SUB0]
01-04 23:52:28.690  4446  4446 D RILJ    : [3648]> GET_HARDWARE_CONFIG [SUB0]
01-04 23:52:28.691  4446  4586 D RILJ    : [3649]> RADIO_POWER off [SUB0]
01-04 23:52:28.725  1755  1826 I dvm_lock_sample: [system_server,1,Binder_1,36,UserManagerService.java,408,PackageManagerService.java,5323,7]
01-04 23:52:28.728  4446  4446 I PhoneFactory: Creating SubscriptionController
01-04 23:52:28.737  4446  4586 D RILJ    : [3650]> RIL_REQUEST_CDMA_SET_SUBSCRIPTION_SOURCE : 0 [SUB0]
01-04 23:52:28.750  4446  4586 D RILJ    : setCellInfoListRate: 2147483647 [SUB0]
01-04 23:52:28.750  4446  4586 D RILJ    : [3651]> RIL_REQUEST_SET_CELL_INFO_LIST_RATE [SUB0]
01-04 23:52:28.752  4446  4586 D RILJ    : [UNSL]< UNSOL_RESPONSE_RADIO_STATE_CHANGED RADIO_OFF [SUB0]
01-04 23:52:28.752  4446  4586 D RILJ    : [3652]> SCREEN_STATE: true [SUB0]
01-04 23:52:28.771  4446  4446 D SubscriptionController: [SubscriptionController] init by Context
01-04 23:52:28.773  4446  4586 V RILJ    : [UNSL]< UNSOL_OEM_HOOK_RAW 514f454d484f4f4bf10308000100000000 [SUB0]
01-04 23:52:28.778  4446  4586 D RilRequest: [3648]< GET_HARDWARE_CONFIG error: com.android.internal.telephony.CommandException: GENERIC_FAILURE ret=
01-04 23:52:28.781  4446  4446 D QtiSubscriptionController:  init by Context
01-04 23:52:28.783  4446  4586 D RILJ    : [3651]< RIL_REQUEST_SET_CELL_INFO_LIST_RATE  [SUB0]
01-04 23:52:28.784  4446  4586 D RilRequest: [3650]< RIL_REQUEST_CDMA_SET_SUBSCRIPTION_SOURCE error: com.android.internal.telephony.CommandException: GENERIC_FAILURE ret=
01-04 23:52:28.785  4446  4586 D RILJ    : [3652]< SCREEN_STATE  [SUB0]
01-04 23:52:28.798   567   840 I RILQ    : (0/567):RIL[0][event] qcril_qmi_nas_dms_op_state_update_handler: reported op mode LPM
01-04 23:52:28.798   567   840 I RILQ    : (0/567):RIL[0][event] qcril_qmi_nas_dms_op_state_update_handler: expected op mode LPM
01-04 23:52:28.798   567   840 I RILQ    : (0/567):RIL[0][event] qcril_qmi_nas_reset_data_snapshot_cache_and_timer: Resetting snapshot timer
01-04 23:52:28.800   567   840 I RILQ    : (0/567):RIL[0][event] qcril_qmi_nas_reset_data_snapshot_cache_and_timer: Resetting snapshot timer
01-04 23:52:28.803  4446  4586 D RILJ    : [UNSL]< UNSOL_RESPONSE_VOICE_NETWORK_STATE_CHANGED [SUB0]
01-04 23:52:28.804  4446  4586 D RILJ    : [3649]< RADIO_POWER  [SUB0]
01-04 23:52:28.806   567   840 E RILQ    : (0/567): RIL[0][event] boolean qcril_qmi_ims_socket_agent::send_message(RIL_Token, ims_MsgType, ims_MsgId, ims_Error, const void*, int): send failed: ret -1, errno 88 (Socket operation on non-socket)
01-04 23:52:28.806  4446  4446 D UiccController: Creating UiccController
01-04 23:52:28.817  4446  4586 D RILJ    : [UNSL]< UNSOL_RESPONSE_RADIO_STATE_CHANGED RADIO_OFF [SUB0]
01-04 23:52:28.837  4446  4446 D TelephonyTester: register for intent action=com.qti.internal.telephony.cdma.action_detached
01-04 23:52:28.837  4446  4446 D TelephonyTester: register for intent action=com.qti.internal.telephony.cdma.action_attached
01-04 23:52:28.849  4446  4446 D PhoneBase: mDoesRilSendMultipleCallRing=false
01-04 23:52:28.850  4446  4446 D PhoneBase: mCallRingDelay=3000
01-04 23:52:28.870  4446  4446 D RILJ    : [3653]> RIL_REQUEST_START_LCE [SUB0]
01-04 23:52:28.674     0     0 I cfg80211: Regulatory domain changed to country: US
01-04 23:52:28.674     0     0 I cfg80211: (start_freq - end_freq @ bandwidth), (max_antenna_gain, max_eirp)
01-04 23:52:28.674     0     0 I cfg80211: (2402000 KHz - 2472000 KHz @ 40000 KHz), (N/A, 3000 mBm)
01-04 23:52:28.674     0     0 I cfg80211: (5170000 KHz - 5250000 KHz @ 80000 KHz), (600 mBi, 2400 mBm)
01-04 23:52:28.674     0     0 I cfg80211: (5250000 KHz - 5330000 KHz @ 80000 KHz), (600 mBi, 2400 mBm)
01-04 23:52:28.674     0     0 I cfg80211: (5490000 KHz - 5730000 KHz @ 80000 KHz), (600 mBi, 2400 mBm)
01-04 23:52:28.674     0     0 I cfg80211: (5735000 KHz - 5835000 KHz @ 80000 KHz), (600 mBi, 3000 mBm)
01-04 23:52:28.674     0     0 I cfg80211: (5842000 KHz - 5863000 KHz @ 5000 KHz), (600 mBi, 3000 mBm)
01-04 23:52:28.674     0     0 I cfg80211: (5850000 KHz - 5870000 KHz @ 10000 KHz), (600 mBi, 3000 mBm)
01-04 23:52:28.674     0     0 I cfg80211: (5860000 KHz - 5880000 KHz @ 10000 KHz), (600 mBi, 3000 mBm)
01-04 23:52:28.674     0     0 I cfg80211: (5865000 KHz - 5885000 KHz @ 20000 KHz), (600 mBi, 3000 mBm)
01-04 23:52:28.674     0     0 I cfg80211: (5870000 KHz - 5890000 KHz @ 10000 KHz), (600 mBi, 3000 mBm)
01-04 23:52:28.674     0     0 I cfg80211: (5880000 KHz - 5900000 KHz @ 10000 KHz), (600 mBi, 3000 mBm)
01-04 23:52:28.674     0     0 I cfg80211: (5890000 KHz - 5910000 KHz @ 10000 KHz), (600 mBi, 3000 mBm)
01-04 23:52:28.674     0     0 I cfg80211: (5895000 KHz - 5915000 KHz @ 20000 KHz), (600 mBi, 3000 mBm)
01-04 23:52:28.674     0     0 I cfg80211: (5900000 KHz - 5920000 KHz @ 10000 KHz), (600 mBi, 3000 mBm)
01-04 23:52:28.674     0     0 I cfg80211: (5910000 KHz - 5930000 KHz @ 10000 KHz), (600 mBi, 3000 mBm)
01-04 23:52:28.674     0     0 I cfg80211: (57240000 KHz - 63720000 KHz @ 2160000 KHz), (N/A, 4000 mBm)
01-04 23:52:28.877  4446  4458 D SubscriptionController: [getPhoneId] asked for default subId=2147483643
01-04 23:52:28.877  4446  4458 D QtiSubscriptionController: getPhoneId, received dummy subId 2147483643
01-04 23:52:28.880  4446  4446 D PhoneBase: mOosIsDisconnect=true
01-04 23:52:28.888  4446  4586 D RILJ    : LCE status information received: lceStatus=1 actualInterval=512 [SUB0]
01-04 23:52:28.889  4446  4586 D RILJ    : [3653]< RIL_REQUEST_START_LCE [1, 512] [SUB0]
01-04 23:52:28.891  1755  4103 D TelephonyRegistry: listen oscl: hasNotifySubscriptionInfoChangedOccurred==false no callback
01-04 23:52:28.892  4446  4446 D TelephonyManager: setTelephonyProperty: success phoneId=0 property=gsm.network.type value: Unknown propVal=Unknown
01-04 23:52:28.900  4446  4446 D CdmaSSM : subscriptionSource from settings: 0
01-04 23:52:28.900  4446  4446 D CdmaSSM : cdmaSSM constructor: 0
01-04 23:52:28.900  4446  4446 D CdmaSSM : getcdmasubscriptionSource: 0
01-04 23:52:28.915  4446  4446 D RILJ    : [3654]> SIGNAL_STRENGTH [SUB0]
01-04 23:52:28.919  4446  4586 D RILJ    : [3654]< SIGNAL_STRENGTH SignalStrength: 0 0 0 0 0 0 0 0 0 0 0 0 0 gsm|lte [SUB0]
01-04 23:52:28.922  4446  4446 D CdmaSST : [CdmaLteSST] CdmaLteServiceStateTracker Constructors
01-04 23:52:28.922  4446  4446 D RILJ    : setPhoneType=2 old value=0 [SUB0]
01-04 23:52:28.929  4446  4446 D TelephonyManager: setTelephonyProperty: success phoneId=0 property=gsm.current.phone-type value: 2 propVal=2
01-04 23:52:28.930  4446  4446 D CDMALTEPhone: update icc_operator_numeric=
01-04 23:52:28.934  4446  4446 E CDMAPhone: getOperatorNumeric: Cannot retrieve operatorNumeric: mCdmaSubscriptionSource = -1 mIccRecords = null
01-04 23:52:28.934  4446  4446 D CDMAPhone: getOperatorNumeric: mCdmaSubscriptionSource = -1 operatorNumeric = null
01-04 23:52:28.934  4446  4446 D SubscriptionController: [getSubId]- sSlotIdxToSubId.size == 0, return DummySubIds slotIdx=0
01-04 23:52:28.934  4446  4446 D CDMAPhone: updateCurrentCarrierInProvider: mSubscription = 2147483643 currentDds = -1 operatorNumeric = null
01-04 23:52:28.934  4446  4446 D SubscriptionController: [getSubId]- sSlotIdxToSubId.size == 0, return DummySubIds slotIdx=0
01-04 23:52:29.109  1755  4594 D TelephonyManager: getCellLocation returning null because telephony is null
01-04 23:52:29.161  4446  4446 D QtiSubscriptionController: getPhoneId, received dummy subId 2147483643
01-04 23:52:29.165  4446  4446 D CDMAPhone: CDMALTEPhone: constructor: sub = 0
01-04 23:52:29.187  4446  4446 D         : [0]DCT.constructor
01-04 23:52:29.188  4446  4446 D SubscriptionController: [getSubId]- sSlotIdxToSubId.size == 0, return DummySubIds slotIdx=0
01-04 23:52:29.189  4446  4446 D         : [0]getDataEnabled: getIntWithSubId retVal=true
01-04 23:52:29.201  1755  4311 D TelephonyRegistry: listen oscl: hasNotifySubscriptionInfoChangedOccurred==false no callback
01-04 23:52:29.218  4446  4446 D Dcc     : E ctor
01-04 23:52:29.218  4446  4446 D Dcc     : X ctor
01-04 23:52:29.225  4446  4446 D SubscriptionController: [getPhoneId] asked for default subId=2147483643
01-04 23:52:29.226  4446  4446 D QtiSubscriptionController: getPhoneId, received dummy subId 2147483643
01-04 23:52:29.230  4446  4656 D DcTesterDeacativeAll: register for intent action=com.android.internal.telephony.dataconnection.action_deactivate_all
01-04 23:52:29.230  4446  4656 D DcTesterDeacativeAll: register for intent action=com.qti.internal.telephony.cdma.action_detached
01-04 23:52:29.231  4446  4446 D DcTesterFailBrinupAll: register for intent action=com.android.internal.telephony.dataconnection.action_fail_bringup
01-04 23:52:29.232  4446  4446 D DcTesterFailBrinupAll: register for intent action=com.qti.internal.telephony.cdma.action_detached
01-04 23:52:29.232  4446  4446 D DcTesterFailBrinupAll: register for intent action=com.qti.internal.telephony.cdma.action_attached
01-04 23:52:29.232  4446  4656 D Dcc     : DccDefaultState: msg.what=EVENT_RIL_CONNECTED mRilVersion=11
01-04 23:52:29.236  4446  4446 D         : [0]GsmDCT.constructor
01-04 23:52:29.241  4446  4446 D SubscriptionController: [getSubId]- sSlotIdxToSubId.size == 0, return DummySubIds slotIdx=0
01-04 23:52:29.241  4446  4446 D         : [0]update sub = 2147483643
01-04 23:52:29.241  4446  4446 D         : [0]update(): Active DDS, register for all events now!
01-04 23:52:29.241  4446  4446 D         : [0]onUpdateIcc: newIccRecords null
01-04 23:52:29.241  4446  4446 D         : [0]getDataEnabled: getIntWithSubId retVal=true
01-04 23:52:29.243  4446  4446 E CDMAPhone: getOperatorNumeric: Cannot retrieve operatorNumeric: mCdmaSubscriptionSource = -1 mIccRecords = null
01-04 23:52:29.243  4446  4446 D CDMAPhone: getOperatorNumeric: mCdmaSubscriptionSource = -1 operatorNumeric = null
01-04 23:52:29.243  4446  4446 D SubscriptionController: [getSubId]- sSlotIdxToSubId.size == 0, return DummySubIds slotIdx=0
01-04 23:52:29.244  4446  4446 D CDMAPhone: updateCurrentCarrierInProvider: mSubscription = 2147483643 currentDds = -1 operatorNumeric = null
01-04 23:52:29.246  4446  4446 D         : [0]initApnContexts: E
01-04 23:52:29.247  4446  4446 D         : [0]initApnContexts: skipping unknown type=1
01-04 23:52:29.249  4446  4446 D         : [0]initApnContexts: apnContext={mApnType=default mState=IDLE mWaitingApns={null} mWaitingApnsPermanentFailureCountDown=0 mApnSetting={null} mReason=dataEnabled mDataEnabled=false mDependencyMet=true}
01-04 23:52:29.249  4446  4446 D         : [0]initApnContexts: apnContext={mApnType=mms mState=IDLE mWaitingApns={null} mWaitingApnsPermanentFailureCountDown=0 mApnSetting={null} mReason=dataEnabled mDataEnabled=false mDependencyMet=true}
01-04 23:52:29.249  4446  4446 D         : [0]initApnContexts: apnContext={mApnType=supl mState=IDLE mWaitingApns={null} mWaitingApnsPermanentFailureCountDown=0 mApnSetting={null} mReason=dataEnabled mDataEnabled=false mDependencyMet=true}
01-04 23:52:29.249  4446  4446 D         : [0]initApnContexts: apnContext={mApnType=dun mState=IDLE mWaitingApns={null} mWaitingApnsPermanentFailureCountDown=0 mApnSetting={null} mReason=dataEnabled mDataEnabled=false mDependencyMet=true}
01-04 23:52:29.249  4446  4446 D         : [0]initApnContexts: apnContext={mApnType=hipri mState=IDLE mWaitingApns={null} mWaitingApnsPermanentFailureCountDown=0 mApnSetting={null} mReason=dataEnabled mDataEnabled=false mDependencyMet=true}
01-04 23:52:29.249  4446  4446 D         : [0]initApnContexts: apnContext={mApnType=fota mState=IDLE mWaitingApns={null} mWaitingApnsPermanentFailureCountDown=0 mApnSetting={null} mReason=dataEnabled mDataEnabled=false mDependencyMet=true}
01-04 23:52:29.249  4446  4446 D         : [0]initApnContexts: apnContext={mApnType=ims mState=IDLE mWaitingApns={null} mWaitingApnsPermanentFailureCountDown=0 mApnSetting={null} mReason=dataEnabled mDataEnabled=false mDependencyMet=true}
01-04 23:52:29.249  4446  4446 D         : [0]initApnContexts: apnContext={mApnType=cbs mState=IDLE mWaitingApns={null} mWaitingApnsPermanentFailureCountDown=0 mApnSetting={null} mReason=dataEnabled mDataEnabled=false mDependencyMet=true}
01-04 23:52:29.250  4446  4446 D         : [0]initApnContexts: skipping unknown type=7
01-04 23:52:29.250  4446  4446 D         : [0]initApnContexts: apnContext={mApnType=emergency mState=IDLE mWaitingApns={null} mWaitingApnsPermanentFailureCountDown=0 mApnSetting={null} mReason=dataEnabled mDataEnabled=false mDependencyMet=true}
01-04 23:52:29.250  4446  4446 D         : [0]initApnContexts: X mApnContexts={default={mApnType=default mState=IDLE mWaitingApns={null} mWaitingApnsPermanentFailureCountDown=0 mApnSetting={null} mReason=dataEnabled mDataEnabled=false mDependencyMet=true}, mms={mApnType=mms mState=IDLE mWaitingApns={null} mWaitingApnsPermanentFailureCountDown=0 mApnSetting={null} mReason=dataEnabled mDataEnabled=false mDependencyMet=true}, cbs={mApnType=cbs mState=IDLE mWaitingApns={null} mWaitingApnsPermanentFailureCountDown=0 mApnSetting={null} mReason=dataEnabled mDataEnabled=false mDependencyMet=true}, fota={mApnType=fota mState=IDLE mWaitingApns={null} mWaitingApnsPermanentFailureCountDown=0 mApnSetting={null} mReason=dataEnabled mDataEnabled=false mDependencyMet=true}, supl={mApnType=supl mState=IDLE mWaitingApns={null} mWaitingApnsPermanentFailureCountDown=0 mApnSetting={null} mReason=dataEnabled mDataEnabled=false mDependencyMet=true}, emergency={mApnType=emergency mState=IDLE mWaitingApns={null} mWaitingApnsPermanentFailureCountDown=0 mApnSetting={null} mReason=dataEnabled mDataEnabled=false mDependencyMet=true}, dun={mApnType=dun mState=IDLE mWaitingApns={null} mWaitingApnsPermanentFailureCountDown=0 mApnSetting={null} mReason=dataEnabled mDataEnabled=false mDependencyMet=true}, hipri={mApnType=hipri mState=IDLE mWaitingApns={null} mWaitingApnsPermanentFailureCountDown=0 mApnSetting={null} mReason=dataEnabled mDataEnabled=false mDependencyMet=true}, ims={mApnType=ims mState=IDLE mWaitingApns={null} mWaitingApnsPermanentFailureCountDown=0 mApnSetting={null} mReason=dataEnabled mDataEnabled=false mDependencyMet=true}}
01-04 23:52:29.346  4446  4446 D QtiCdmaDCT: [0]QtiCdmaDCT.constructor
01-04 23:52:29.346  4446  4446 D QtiCdmaDCT: [0]QtiCdmaDCT fetchApnFromOmhCard: false
01-04 23:52:29.348  1755  1755 I backup_transport_lifecycle: [android/com.android.internal.backup.LocalTransportService,1]
01-04 23:52:29.348  4446  4446 I PhoneFactory: Creating Phone with type = 2 sub = 0
01-04 23:52:29.361  4446  4446 E RIL_ImsSms: getFormat should never be called from here!
01-04 23:52:29.361  4446  4446 D SMSDispatcher: SMSDispatcher: ctor mSmsCapable=true format=unknown mSmsSendDisabled=false
01-04 23:52:29.361  4446  4446 D RIL_ImsSms: ImsSMSDispatcher created
01-04 23:52:29.363  4446  4446 D SMSDispatcher: SMSDispatcher: ctor mSmsCapable=true format=3gpp2 mSmsSendDisabled=false
01-04 23:52:29.364  4446  4446 D CdmaSMSDispatcher: CdmaSMSDispatcher created
01-04 23:52:29.395  4461  4461 I am_on_resume_called: [0,com.askey.dvr.cdr6012.recorder.activity.MainActivity]
01-04 23:52:29.442  1755  4374 I am_proc_start: [0,4677,10053,com.android.smspush,service,com.android.smspush/.WapPushManager]
01-04 23:52:29.446  1755  1908 I dvm_lock_sample: [system_server,1,android.ui,44,ActivityManagerService.java,3838,-,16082,8]
01-04 23:52:29.446  1755  1755 I dvm_lock_sample: [system_server,1,main,37,ActivityManagerService.java,16120,-,16082,7]
01-04 23:52:29.457  4446  4446 D GsmInboundSmsHandler: created InboundSmsHandler
01-04 23:52:29.489  4446  4446 D CdmaInboundSmsHandler: created InboundSmsHandler
01-04 23:52:29.511  4446  4446 D SMSDispatcher: SMSDispatcher: ctor mSmsCapable=true format=3gpp mSmsSendDisabled=false
01-04 23:52:29.512  4446  4446 D GsmSMSDispatcher: GsmSMSDispatcher created
01-04 23:52:29.516  4446  4721 D SmsBroadcastUndelivered: scanning raw table for undelivered messages
01-04 23:52:29.519  1755  1828 I am_proc_bound: [0,4677,com.android.smspush]
01-04 23:52:29.520  4446  4446 D IccCardProxy: ctor: ci=com.android.internal.telephony.RIL@43e6940 phoneId=0
01-04 23:52:29.520  4446  4446 D IccCardProxy: update icc_operator_numeric=
01-04 23:52:29.520  4446  4446 D TelephonyManager: setTelephonyProperty: success phoneId=0 property=gsm.sim.operator.numeric value:  propVal=
01-04 23:52:29.523  4446  4446 D TelephonyManager: setTelephonyProperty: success phoneId=0 property=gsm.sim.operator.iso-country value:  propVal=
01-04 23:52:29.526  4446  4446 D TelephonyManager: setTelephonyProperty: success phoneId=0 property=gsm.sim.operator.alpha value:  propVal=
01-04 23:52:29.529  4446  4446 E IccCardProxy: setExternalState: set mPhoneId=0 mExternalState=NOT_READY
01-04 23:52:29.530  4446  4446 D TelephonyManager: setTelephonyProperty: success phoneId=0 property=gsm.sim.state value: NOT_READY propVal=NOT_READY
01-04 23:52:29.533  4446  4446 D SubscriptionController: [getSubId]- sSlotIdxToSubId.size == 0, return DummySubIds slotIdx=0
01-04 23:52:29.534  4446  4446 D IccCardProxy: broadcastIccStateChangedIntent intent ACTION_SIM_STATE_CHANGED value=NOT_READY reason=null for mPhoneId=0
01-04 23:52:29.549  4446  4446 D IccCardProxy: Setting radio tech 1xRTT
01-04 23:52:29.549  4446  4446 D CdmaSSM : getcdmasubscriptionSource: 0
01-04 23:52:29.550  4446  4446 D IccCardProxy: updateQuietMode: no changes don't setExternalState
01-04 23:52:29.550  4446  4446 D IccCardProxy: updateQuietMode: QuietMode is false (app_type=2 cdmaSource=0)
01-04 23:52:29.552  4446  4446 D QtiRilInterface:  in constructor 
01-04 23:52:29.580  4446  4457 D SubscriptionController: [getActiveSubInfoList]+
01-04 23:52:29.584  4446  4458 D SubscriptionController: getSimStateForSlotIdx: invalid slotIdx simState=UNKNOWN ordinal=0
01-04 23:52:29.584  4446  4457 D SubscriptionController: [getActiveSubInfoList] Sub Controller not ready
01-04 23:52:29.589  4446  4721 D QtiSubscriptionController: getPhoneId, received dummy subId 2147483643
01-04 23:52:29.590  4211  4211 D SubscriptionManager: getSimStateForSubscriber: simState=0 slotIdx=-1
01-04 23:52:29.592  4446  4721 D SmsBroadcastUndelivered: finished scanning raw table in 76 ms
01-04 23:52:29.592  4446  4672 D GsmInboundSmsHandler: StartupState.processMessage:6
01-04 23:52:29.593  4446  4672 D GsmInboundSmsHandler: entering Idle state
01-04 23:52:29.593  4446  4703 D CdmaInboundSmsHandler: StartupState.processMessage:6
01-04 23:52:29.593  4446  4672 D GsmInboundSmsHandler: IdleState.processMessage:5
01-04 23:52:29.593  4446  4703 D CdmaInboundSmsHandler: entering Idle state
01-04 23:52:29.593  4446  4672 D GsmInboundSmsHandler: Idle state processing message type 5
01-04 23:52:29.593  4446  4703 D CdmaInboundSmsHandler: IdleState.processMessage:5
01-04 23:52:29.593  4446  4703 D CdmaInboundSmsHandler: Idle state processing message type 5
01-04 23:52:29.597  1755  4441 I am_proc_start: [0,4730,1001,com.qualcomm.qcrilmsgtunnel,service,com.qualcomm.qcrilmsgtunnel/.QcrilMsgTunnelService]
01-04 23:52:29.599  1755  1755 I dvm_lock_sample: [system_server,1,main,24,ActivityManagerService.java,16310,-,15847,4]
01-04 23:52:29.601  4446  4728 D QtiSubscriptionController: getPhoneId, received dummy subId 2147483643
01-04 23:52:29.609  4446  4703 D CdmaInboundSmsHandler: mWakeLock released wakelockcount = 0
01-04 23:52:29.612  4446  4672 D GsmInboundSmsHandler: mWakeLock released wakelockcount = 0
01-04 23:52:29.630  1755  3843 I notification_expansion: [-1|android|17040363|null|1000,0,1,1185,1185,0]
01-04 23:52:29.639  4446  4446 D ProxyController: Constructor - Enter
01-04 23:52:29.643  1755  3702 I am_proc_bound: [0,4730,com.qualcomm.qcrilmsgtunnel]
01-04 23:52:29.657  4446  4446 D DctController: makeDctController: new QtiDctController phones.length=1
01-04 23:52:29.658  4446  4446 D DctController: DctController(): phones.length=1
01-04 23:52:29.664  4446  4446 D DcSwitchSM: [DcSwitchStateMachine-0] DcSwitchState constructor E
01-04 23:52:29.664  4446  4446 D DcSwitchSM: [DcSwitchStateMachine-0] DcSwitchState constructor X
01-04 23:52:29.666  4446  4749 D DcSwitchSM: [DcSwitchStateMachine-0] IdleState: enter
01-04 23:52:29.670  4446  4446 D DctController: DctController(phones): Connect success: 0
01-04 23:52:29.671  4446  4446 D DctController: updatePhoneBaseForIndex for phone index=0
01-04 23:52:29.671  4446  4446 D DctController: unregister TelephonyNetworkFactory for phone index=0
01-04 23:52:29.673  1755  1755 D TelephonyRegistry: notifyCellLocationForSubscriber: subId=0 cellLocation=Bundle[{cid=-1, lac=-1, psc=-1}]
01-04 23:52:29.674  4446  4446 D SubscriptionController: [getSubId]- sSlotIdxToSubId.size == 0, return DummySubIds slotIdx=0
01-04 23:52:29.674  4446  4446 D DctController: [TNF 2147483643]NetworkCapabilities: [ Transports: CELLULAR Capabilities: MMS&SUPL&DUN&FOTA&IMS&CBS&IA&RCS&XCAP&EIMS&INTERNET&NOT_RESTRICTED&TRUSTED&NOT_VPN]
01-04 23:52:29.675  4446  4728 D SubscriptionController: [getPhoneId]- no sims, returning default phoneId=0
01-04 23:52:29.681  1755  4441 D TelephonyRegistry: listen oscl: hasNotifySubscriptionInfoChangedOccurred==false no callback
01-04 23:52:29.682  1755  4292 I notification_expansion: [-1|android|17040369|null|1000,0,1,1215,1215,0]
01-04 23:52:29.683  1755  4293 I notification_expansion: [-1|android|17040363|null|1000,0,0,1238,1238,0]
01-04 23:52:29.685  4446  4446 D QtiDctController: makeDctController: X sDctController=Handler (com.qti.internal.telephony.dataconnection.QtiDctController) {ada8cb3}
01-04 23:52:29.696  4446  4446 D ProxyController: clearTransaction
01-04 23:52:29.696  4446  4446 D ProxyController: clearTransaction: phoneId=0 status=IDLE
01-04 23:52:29.696  4446  4446 D ProxyController: Constructor - Exit
01-04 23:52:29.702  4446  4446 I PhoneFactory: defaultSmsApplication: NONE
01-04 23:52:29.709  4446  4446 I PhoneFactory: Creating SubInfoRecordUpdater 
01-04 23:52:29.710  4446  4446 D SubscriptionInfoUpdater: Constructor invoked
01-04 23:52:29.720  4446  4446 D QtiTelephonyPlugin:  Init ExtTelephonyServiceImpl 
01-04 23:52:29.721  4446  4446 D ExtTelephonyServiceImpl: init constructor 
01-04 23:52:29.722  4446  4446 D UiccCardProvisioner:  Invoking constructor, no of phones = 1
01-04 23:52:29.725  4446  4446 D QtiRadioCapabilityController: getInstance
01-04 23:52:29.728  4446  4446 D QtiRadioCapabilityController: Constructor - Exit
01-04 23:52:29.738  4446  4446 D CallManager: registerPhone(CDMA Handler (com.qti.internal.telephony.QtiPhoneProxy) {956cba5})
01-04 23:52:29.805  1755  4309 D TelephonyRegistry: listen oscl: hasNotifySubscriptionInfoChangedOccurred==false no callback
01-04 23:52:29.852  4446  4446 D RILJ    : [3655]> RIL_REQUEST_SET_TTY_MODE : 0 [SUB0]
01-04 23:52:29.859  1755  4459 D TelephonyRegistry: listen oscl: hasNotifySubscriptionInfoChangedOccurred==false no callback
01-04 23:52:29.861  4446  4586 D RILJ    : [3655]< RIL_REQUEST_SET_TTY_MODE  [SUB0]
01-04 23:52:29.862  4446  4446 D SubscriptionController: [getPhoneId] asked for default subId=2147483643
01-04 23:52:29.863  4446  4446 D QtiSubscriptionController: getPhoneId, received dummy subId 2147483643
01-04 23:52:29.864  4446  4446 D UiccController: Received EVENT_ICC_STATUS_CHANGED, calling getIccCardStatus
01-04 23:52:29.864  4446  4446 D RILJ    : [3656]> GET_SIM_STATUS [SUB0]
01-04 23:52:29.865  4446  4446 D QtiCDMALTEPhone:  handleMessage: EVENT:  30
01-04 23:52:29.866  4446  4446 D CDMALTEPhone: can't find 3GPP2 application; trying APP_FAM_3GPP
01-04 23:52:29.866  4446  4446 D QtiCDMALTEPhone:  handleMessage: EVENT:  37
01-04 23:52:29.866  4446  4446 D CdmaSST : [CdmaLteSST] handleMessage: 42
01-04 23:52:29.866  4446  4446 D CdmaSST : [CdmaLteSST] handleMessage: 1
01-04 23:52:29.866  4446  4446 D RILJ    : [3657]> RADIO_POWER on [SUB0]
01-04 23:52:29.868  4446  4446 D PHONE   : [ServiceState] setNullState=3
01-04 23:52:29.869  4446  4446 D SubscriptionController: [getSubId]- sSlotIdxToSubId.size == 0, return DummySubIds slotIdx=0
01-04 23:52:29.870  4446  4586 D RILJ    : [3656]< GET_SIM_STATUS IccCardState {CARDSTATE_ABSENT,PINSTATE_UNKNOWN,num_apps=0,gsm_id=-1,cdma_id=-1,ims_id=-1} [SUB0]
01-04 23:52:29.870  4446  4446 D QtiSubscriptionController: getPhoneId, received dummy subId 2147483643
01-04 23:52:29.871  4446  4446 D CdmaSST : [CdmaLteSST] set service state as POWER_OFF
01-04 23:52:29.871  4446  4446 D PHONE   : [ServiceState] setNullState=3
01-04 23:52:29.871  4446  4446 D CdmaSST : [CdmaLteSST] pollStateDone: lte 1 ss=[1 1 voice home data home null null null null null null  Unknown Unknown CSS not supported 0 0 RoamInd=0 DefRoamInd=0 EmergOnly=false IsDataRoamingFromRegistration=false] newSS=[3 3 voice home data home null null null null null null  Unknown Unknown CSS not supported -1 -1 RoamInd=-1 DefRoamInd=-1 EmergOnly=false IsDataRoamingFromRegistration=false]
01-04 23:52:29.872  4446  4446 D CdmaSST : [CdmaLteSST] pollStateDone: hasRegistered=false hasDeegistered=false hasCdmaDataConnectionAttached=false hasCdmaDataConnectionDetached=false hasCdmaDataConnectionChanged=true hasVoiceRadioTechnologyChanged= false hasDataRadioTechnologyChanged=false hasChanged=true hasVoiceRoamingOn=false hasVoiceRoamingOff=false hasDataRoamingOn=false hasDataRoamingOff=false hasLocationChanged=false has4gHandoff = false hasMultiApnSupport=false hasLostMultiApnSupport=false
01-04 23:52:29.872  4446  4446 I cdma_service_state_change: [1,1,3,3]
01-04 23:52:29.872  4446  4446 D PHONE   : [ServiceState] setNullState=1
01-04 23:52:29.872  4446  4446 D PHONE   : [ServiceState] setNullState=1
01-04 23:52:29.872  4446  4446 D TelephonyManager: setTelephonyProperty: success phoneId=0 property=gsm.operator.alpha value:  propVal=
01-04 23:52:29.874  4446  4446 D TelephonyManager: setTelephonyProperty: success phoneId=0 property=gsm.operator.numeric value:  propVal=
01-04 23:52:29.876  4446  4446 D CdmaSST : [CdmaLteSST] operatorNumeric is null
01-04 23:52:29.876  4446  4446 D TelephonyManager: setTelephonyProperty: success phoneId=0 property=gsm.operator.iso-country value:  propVal=
01-04 23:52:29.877  4446  4446 D TelephonyManager: setTelephonyProperty: success phoneId=0 property=gsm.operator.isroaming value: false propVal=false
01-04 23:52:29.880  4446  4446 D SubscriptionController: [getSubId]- sSlotIdxToSubId.size == 0, return DummySubIds slotIdx=0
01-04 23:52:29.880  4446  4446 D CdmaSST : [CdmaLteSST] updateSpnDisplay: changed sending intent showPlmn='false' plmn='null' subId='2147483643'
01-04 23:52:29.881  4446  4446 D SubscriptionController: [getSubId]- sSlotIdxToSubId.size == 0, return DummySubIds slotIdx=0
01-04 23:52:29.884  4446  4446 D SubscriptionController: [getSubId]- sSlotIdxToSubId.size == 0, return DummySubIds slotIdx=0
01-04 23:52:29.885  4446  4446 D SubscriptionController: [setCarrierText]+ text: subId:2147483643
01-04 23:52:29.885  4446  4586 V RILJ    : [UNSL]< UNSOL_OEM_HOOK_RAW 514f454d484f4f4bf2030800040000000050c011 [SUB0]
01-04 23:52:29.886   567   840 I RILQ    : (0/567):RIL[0][event] qcril_qmi_nas_dms_op_state_update_handler: reported op mode ONLINE
01-04 23:52:29.886   567   840 I RILQ    : (0/567):RIL[0][event] qcril_qmi_nas_dms_op_state_update_handler: expected op mode ONLINE
01-04 23:52:29.890  4446  4586 D RILJ    : [3657]< RADIO_POWER  [SUB0]
01-04 23:52:29.892  4446  4457 D SubscriptionController: [getActiveSubInfoList]+
01-04 23:52:29.892  4446  4586 V RILJ    : [UNSL]< UNSOL_OEM_HOOK_RAW 514f454d484f4f4bf2030800040000000050c011 [SUB0]
01-04 23:52:29.894  4446  4457 D SubscriptionController: [getActiveSubInfoList] Sub Controller not ready
01-04 23:52:29.900  4446  4446 D SubscriptionController: notifySubscriptionInfoChanged:
01-04 23:52:29.901  1755  4103 D TelephonyRegistry: notifySubscriptionInfoChanged: first invocation mRecords.size=18
01-04 23:52:29.903   567   840 I RILQ    : (0/567):RIL[0][event] qcril_qmi_nas_reset_data_snapshot_cache_and_timer: Resetting snapshot timer
01-04 23:52:29.904   567   840 I RILQ    : (0/567):RIL[0][event] qcril_qmi_nas_reset_data_snapshot_cache_and_timer: Resetting snapshot timer
01-04 23:52:29.906  4446  4729 D SubscriptionController: [getActiveSubInfoList]+
01-04 23:52:29.907  4446  4729 D SubscriptionController: [getActiveSubInfoList] Sub Controller not ready
01-04 23:52:29.908  4446  4586 D RILJ    : [UNSL]< UNSOL_RESPONSE_VOICE_NETWORK_STATE_CHANGED [SUB0]
01-04 23:52:29.913  4446  4782 D SubscriptionController: [getActiveSubInfoList]+
01-04 23:52:29.914   567   840 E RILQ    : (0/567): RIL[0][event] boolean qcril_qmi_ims_socket_agent::send_message(RIL_Token, ims_MsgType, ims_MsgId, ims_Error, const void*, int): send failed: ret -1, errno 88 (Socket operation on non-socket)
01-04 23:52:29.914   567   840 I RILQ    : (0/567):RIL[0][event] qcril_qmi_nas_evaluate_custom_emergency_numbers_for_card: cur_status 0, card_state 9
01-04 23:52:29.914   567   840 E RILQ    : (0/567): RIL[0][event] get_ecc_property_name: ecc list name : ril.ecclist.
01-04 23:52:29.915  4446  4586 D RILJ    : [UNSL]< UNSOL_RESPONSE_RADIO_STATE_CHANGED RADIO_ON [SUB0]
01-04 23:52:29.915  4446  4782 D SubscriptionController: [getActiveSubInfoList] Sub Controller not ready
01-04 23:52:29.917   567   840 E RILQ    : (0/567): RIL[0][event] get_ecc_property_name: ecc list name : ril.ecclist.
01-04 23:52:29.918   567   840 I RILQ    : (0/567):RIL[0][event] qcril_qmi_nas_evaluate_custom_emergency_numbers_for_card: cur_status 0, card_state 9
01-04 23:52:29.918   567   840 E RILQ    : (0/567): RIL[0][event] get_ecc_property_name: ecc list name : ril.ecclist.
01-04 23:52:29.920  4446  4446 D CdmaSST : [CdmaLteSST] Broadcasting ServiceState : 3 3 voice home data home null null null null null null  Unknown Unknown CSS not supported -1 -1 RoamInd=-1 DefRoamInd=-1 EmergOnly=false IsDataRoamingFromRegistration=false
01-04 23:52:29.920  4446  4446 D SubscriptionController: [getSubId]- sSlotIdxToSubId.size == 0, return DummySubIds slotIdx=0
01-04 23:52:29.920  4446  4446 D DefaultPhoneNotifier: nofityServiceState: mRegistry=com.android.internal.telephony.ITelephonyRegistry$Stub$Proxy@523ca5d ss=3 3 voice home data home null null null null null null  Unknown Unknown CSS not supported -1 -1 RoamInd=-1 DefRoamInd=-1 EmergOnly=false IsDataRoamingFromRegistration=false sender=Handler (com.qti.internal.telephony.cdma.QtiCDMALTEPhone) {29f2b7a} phondId=0 subId=2147483643
01-04 23:52:29.922  4446  4729 D SubscriptionController: [getActiveSubInfoList]+
01-04 23:52:29.924  4446  4729 D SubscriptionController: [getActiveSubInfoList] Sub Controller not ready
01-04 23:52:29.931  4446  4446 D QtiSubscriptionController: getPhoneId, received dummy subId 2147483643
01-04 23:52:29.933  4446  4729 D QtiSubscriptionController: getPhoneId, received dummy subId 2147483643
01-04 23:52:29.935  4446  4446 D SubscriptionController: getSimStateForSlotIdx:  simState=NOT_READY ordinal=6
01-04 23:52:29.935  1755  3675 D SubscriptionManager: getSimStateForSubscriber: simState=6 slotIdx=0
01-04 23:52:29.937  4446  4446 D CdmaSST : [CdmaLteSST] notifyDataRegStateRilRadioTechnologyChanged: drs=3 rat=0
01-04 23:52:29.938  4446  4446 D TelephonyManager: setTelephonyProperty: success phoneId=0 property=gsm.network.type value: Unknown propVal=Unknown
01-04 23:52:29.939  4446  4446 D QtiCdmaDCT: [0]get all active apn types
01-04 23:52:29.945  4446  4446 D SubscriptionController: [getSubId]- sSlotIdxToSubId.size == 0, return DummySubIds slotIdx=0
01-04 23:52:29.947  4446  4446 D QtiSubscriptionController: getPhoneId, received dummy subId 2147483643
01-04 23:52:29.948  4446  4446 D RILJ    : [3658]> OPERATOR [SUB0]
01-04 23:52:29.950  4446  4446 D RILJ    : [3659]> VOICE_REGISTRATION_STATE [SUB0]
01-04 23:52:29.951  4446  4586 D RILJ    : [3658]< OPERATOR {null, null, null} [SUB0]
01-04 23:52:29.952  4446  4446 D RILJ    : [3660]> DATA_REGISTRATION_STATE [SUB0]
01-04 23:52:29.959   567  4786 I RILQ    : (0/567):RIL[0][cmd-20(992)] qcril_qmi_nas_reset_data_snapshot_cache_and_timer: Resetting snapshot timer
01-04 23:52:29.959  4446  4446 D CdmaSST : [CdmaLteSST] handleMessage: 3
01-04 23:52:29.959  4446  4446 D SubscriptionController: [getSubId]- sSlotIdxToSubId.size == 0, return DummySubIds slotIdx=0
01-04 23:52:29.960  4446  4446 D DefaultPhoneNotifier: notifySignalStrength: mRegistry=com.android.internal.telephony.ITelephonyRegistry$Stub$Proxy@523ca5d ss=SignalStrength: 0 0 -120 -160 -120 0 -1 0 2147483647 2147483647 0 0 2147483647 cdma sender=Handler (com.qti.internal.telephony.cdma.QtiCDMALTEPhone) {29f2b7a}
01-04 23:52:29.961   567  4787 I RILQ    : (0/567):RIL[0][cmd-21(512)] qcril_qmi_nas_reset_data_snapshot_cache_and_timer: Resetting snapshot timer
01-04 23:52:29.962  4446  4586 D RILJ    : [3659]< VOICE_REGISTRATION_STATE {2, null, null, 0, null, null, null, 0, null, null, null, null, null, 0, null} [SUB0]
01-04 23:52:29.965  4446  4446 D QtiSubscriptionController: getPhoneId, received dummy subId 2147483643
01-04 23:52:29.968  4446  4446 D SubscriptionController: [getSubId]- sSlotIdxToSubId.size == 0, return DummySubIds slotIdx=0
01-04 23:52:29.970  4446  4586 D RILJ    : [3660]< DATA_REGISTRATION_STATE {2, null, null, null, 0, 20, null, null, null, null, null} [SUB0]
01-04 23:52:29.972  4446  4446 D QtiSubscriptionController: getPhoneId, received dummy subId 2147483643
01-04 23:52:29.974  4446  4446 D QtiCDMALTEPhone:  handleMessage: EVENT:  1
01-04 23:52:29.974  4446  4446 D RILJ    : [3661]> BASEBAND_VERSION [SUB0]
01-04 23:52:29.977  4446  4446 D RILJ    : [3662]> RIL_REQUEST_DEVICE_IDENTITY [SUB0]
01-04 23:52:29.980  4446  4446 D RILJ    : [3663]> RIL_REQUEST_GET_RADIO_CAPABILITY [SUB0]
01-04 23:52:29.981  4446  4446 D RILJ    : [3664]> RIL_REQUEST_START_LCE [SUB0]
01-04 23:52:29.984  4446  4446 D QtiCDMALTEPhone:  handleMessage: EVENT:  8
01-04 23:52:29.984  4446  4446 D CDMAPhone: Event EVENT_RADIO_OFF_OR_NOT_AVAILABLE Received
01-04 23:52:29.984  4446  4586 D RILJ    : [3661]< BASEBAND_VERSION 094-8976_GEN_PACK-1_2nd_20161206 [SUB0]
01-04 23:52:29.986  4446  4446 D QtiCdmaDCT: [0]QtiDcTracker handleMessage msg={ when=-797ms what=270369 obj=android.os.AsyncResult@8d3afd2 target=com.qti.internal.telephony.dataconnection.QtiDcTracker }
01-04 23:52:29.986  4446  4446 D QtiCdmaDCT: [0]handleMessage msg={ when=-799ms what=270369 obj=android.os.AsyncResult@8d3afd2 target=com.qti.internal.telephony.dataconnection.QtiDcTracker }
01-04 23:52:29.986  4446  4446 D QtiCdmaDCT: [0]updateSimRecords: newSimRecords = null
01-04 23:52:29.986  4446  4446 D QtiCdmaDCT: [0]onUpdateIcc: newIccRecords null
01-04 23:52:29.986  4446  4446 D QtiCdmaDCT: [0]onReceive: action=android.net.wifi.STATE_CHANGE
01-04 23:52:29.987  4446  4446 D QtiCdmaDCT: [0]NETWORK_STATE_CHANGED_ACTION: mIsWifiConnected=false
01-04 23:52:29.987  4446  4446 D QtiCdmaDCT: [0]onReceive: action=android.net.wifi.WIFI_STATE_CHANGED
01-04 23:52:29.987  4446  4446 D QtiCdmaDCT: [0]WIFI_STATE_CHANGED_ACTION: enabled=true mIsWifiConnected=false
01-04 23:52:29.987  4446  4446 D QtiCdmaDCT: [0]QtiDcTracker handleMessage msg={ when=-751ms what=270337 obj=android.os.AsyncResult@357af59 target=com.qti.internal.telephony.dataconnection.QtiDcTracker }
01-04 23:52:29.987  4446  4446 D QtiCdmaDCT: [0]handleMessage msg={ when=-751ms what=270337 obj=android.os.AsyncResult@357af59 target=com.qti.internal.telephony.dataconnection.QtiDcTracker }
01-04 23:52:29.987  4446  4446 D QtiCdmaDCT: [0]onRadioAvailable
01-04 23:52:29.987  4446  4446 D QtiCdmaDCT: [0]overall state is IDLE
01-04 23:52:29.987  4446  4446 D QtiCdmaDCT: [0]QtiDcTracker handleMessage msg={ when=-751ms what=270342 obj=android.os.AsyncResult@b98f71e target=com.qti.internal.telephony.dataconnection.QtiDcTracker }
01-04 23:52:29.987  4446  4446 D QtiCdmaDCT: [0]handleMessage msg={ when=-751ms what=270342 obj=android.os.AsyncResult@b98f71e target=com.qti.internal.telephony.dataconnection.QtiDcTracker }
01-04 23:52:29.987  4446  4446 D QtiCdmaDCT: [0]onRadioOffOrNotAvailable: is off and clean up all connections
01-04 23:52:29.987  4446  4446 D QtiCdmaDCT: [0]cleanUpAllConnections: tearDown=false reason=radioTurnedOff
01-04 23:52:29.988  4446  4446 D QtiCdmaDCT: [0]cleanUpConnection: tearDown=false reason=radioTurnedOff apnContext={mApnType=default mState=IDLE mWaitingApns={null} mWaitingApnsPermanentFailureCountDown=0 mApnSetting={null} mReason=radioTurnedOff mDataEnabled=false mDependencyMet=true}
01-04 23:52:29.988  4446  4446 D CDMALTEPhone: getDataConnectionState: Data is Out of Service. ret = DISCONNECTED
01-04 23:52:29.988  4446  4586 D RILJ    : responseRadioCapability: version= 0, session=0, phase=0, rat=16392, logicModemUuid=0, status=1 [SUB0]
01-04 23:52:29.988  4446  4446 D CDMALTEPhone: getDataConnectionState apnType=default ret=DISCONNECTED
01-04 23:52:29.988  4446  4446 D SubscriptionController: [getSubId]- sSlotIdxToSubId.size == 0, return DummySubIds slotIdx=0
01-04 23:52:29.988  4446  4586 D RILJ    : [3663]< RIL_REQUEST_GET_RADIO_CAPABILITY {mPhoneId = 0 mVersion=1 mSession=0 mPhase=0 mRadioAccessFamily=16392 mLogicModemId=0 mStatus=1} [SUB0]
01-04 23:52:29.990  4446  4586 D RILJ    : [3662]< RIL_REQUEST_DEVICE_IDENTITY {358849070004484, 00, 00000000, 00000000000000} [SUB0]
01-04 23:52:29.994  4446  4586 D RILJ    : LCE status information received: lceStatus=1 actualInterval=512 [SUB0]
01-04 23:52:29.994  4446  4586 D RILJ    : [3664]< RIL_REQUEST_START_LCE [1, 512] [SUB0]
01-04 23:52:29.994  4446  4446 D QtiCdmaDCT: [0]isDataAllowed: not allowed due to - Attached= false - SIM not loaded - SIM not loaded and not NV subscription - defaultDataSelected= false
01-04 23:52:29.998  4446  4446 D QtiSubscriptionController: getPhoneId, received dummy subId 2147483643
01-04 23:52:30.000  4446  4446 D QtiSubscriptionController: getPhoneId, received dummy subId 2147483643
01-04 23:52:30.002  4446  4446 D QtiCdmaDCT: [0]setupDataForSinglePdn: reason = radioTurnedOff isDisconnected = true
01-04 23:52:30.002  4446  4446 D QtiCdmaDCT: [0]isOnlySingleDcAllowed(0): false
